BEGIN_KVVMM run=1 paragraphs=80 context=8192 parent_mig=fafc828a
CASE mode=copy children=4 child_mig=fafc828a
PARENT exit=0 text=8e42d861853d43f0 prefix_tokens=4081 prefix_ms=4375.3 publish_ms=206.16 state_bytes=234086869 model_ms=652.9 context_ms=26.4 suffix_ms=54.8 generation_ms=8378.1 generated=64 generation_tps=7.639 total_ms=19302.6
CHILD index=0 exit=0 text=c762b6e82f144cca role=child prefix_tokens=4081 suffix_tokens=16 model_ms=871.0 context_ms=30.1 state_ms=163.37 prefix_ms=0.0 suffix_ms=344.4 first_token_ms=1565.3 generation_ms=12014.8 generated=64 generation_tps=5.327
CHILD index=1 exit=0 text=5f0f74be36dfb05d role=child prefix_tokens=4081 suffix_tokens=16 model_ms=896.2 context_ms=30.2 state_ms=160.45 prefix_ms=0.0 suffix_ms=348.9 first_token_ms=1582.4 generation_ms=11979.7 generated=64 generation_tps=5.342
CHILD index=2 exit=0 text=45d93d75d8c246b5 role=child prefix_tokens=4081 suffix_tokens=16 model_ms=910.3 context_ms=31.6 state_ms=146.93 prefix_ms=0.0 suffix_ms=348.8 first_token_ms=1588.1 generation_ms=11974.4 generated=64 generation_tps=5.345
CHILD index=3 exit=0 text=4a8f18b77dbe0332 role=child prefix_tokens=4081 suffix_tokens=16 model_ms=881.9 context_ms=43.2 state_ms=163.46 prefix_ms=0.0 suffix_ms=358.5 first_token_ms=1595.1 generation_ms=11993.3 generated=64 generation_tps=5.336
MEMORY mem_available_drop_mib=4492
END_CASE failed=0
CASE mode=extent children=4 child_mig=fafc828a
PARENT exit=0 text=8e42d861853d43f0 prefix_tokens=4081 prefix_ms=4378.1 publish_ms=3.02 state_bytes=66005 model_ms=595.7 context_ms=22.6 suffix_ms=91.9 generation_ms=9264.4 generated=64 generation_tps=6.908 total_ms=19031.5
CHILD index=0 exit=0 text=c762b6e82f144cca role=child prefix_tokens=4081 suffix_tokens=16 model_ms=935.2 context_ms=27.1 state_ms=1.83 prefix_ms=0.0 suffix_ms=351.2 first_token_ms=1457.2 generation_ms=12130.3 generated=64 generation_tps=5.276
CHILD index=1 exit=0 text=5f0f74be36dfb05d role=child prefix_tokens=4081 suffix_tokens=16 model_ms=829.0 context_ms=22.1 state_ms=1.99 prefix_ms=0.0 suffix_ms=180.8 first_token_ms=1174.8 generation_ms=12243.2 generated=64 generation_tps=5.227
CHILD index=2 exit=0 text=45d93d75d8c246b5 role=child prefix_tokens=4081 suffix_tokens=16 model_ms=928.3 context_ms=25.4 state_ms=1.89 prefix_ms=0.0 suffix_ms=353.5 first_token_ms=1462.0 generation_ms=12128.7 generated=64 generation_tps=5.277
CHILD index=3 exit=0 text=4a8f18b77dbe0332 role=child prefix_tokens=4081 suffix_tokens=16 model_ms=871.6 context_ms=23.5 state_ms=1.94 prefix_ms=0.0 suffix_ms=285.1 first_token_ms=1333.8 generation_ms=12188.1 generated=64 generation_tps=5.251
MEMORY mem_available_drop_mib=2954
END_CASE failed=0
CASE mode=vmm children=4 child_mig=fafc828a
PARENT exit=0 text=8e42d861853d43f0 prefix_tokens=4081 prefix_ms=4397.7 publish_ms=7.12 state_bytes=66005 model_ms=649.4 context_ms=21.3 suffix_ms=55.1 generation_ms=8666.4 generated=64 generation_tps=7.385 total_ms=19140.3
CHILD index=0 exit=0 text=c762b6e82f144cca role=child prefix_tokens=4081 suffix_tokens=16 model_ms=928.6 context_ms=228.4 state_ms=251.61 prefix_ms=0.0 suffix_ms=405.2 first_token_ms=1969.7 generation_ms=11681.5 generated=64 generation_tps=5.479
CHILD index=1 exit=0 text=5f0f74be36dfb05d role=child prefix_tokens=4081 suffix_tokens=16 model_ms=932.0 context_ms=226.0 state_ms=249.11 prefix_ms=0.0 suffix_ms=400.3 first_token_ms=1959.9 generation_ms=11670.4 generated=64 generation_tps=5.484
CHILD index=2 exit=0 text=45d93d75d8c246b5 role=child prefix_tokens=4081 suffix_tokens=16 model_ms=729.8 context_ms=134.2 state_ms=56.78 prefix_ms=0.0 suffix_ms=221.3 first_token_ms=1280.7 generation_ms=11851.9 generated=64 generation_tps=5.400
CHILD index=3 exit=0 text=4a8f18b77dbe0332 role=child prefix_tokens=4081 suffix_tokens=16 model_ms=840.1 context_ms=141.0 state_ms=127.31 prefix_ms=0.0 suffix_ms=268.4 first_token_ms=1528.7 generation_ms=11881.1 generated=64 generation_tps=5.387
MEMORY mem_available_drop_mib=3795
END_CASE failed=0
CASE mode=extent_cross children=1 child_mig=31ffbfe4
PARENT exit=0 text=8e42d861853d43f0 prefix_tokens=4081 prefix_ms=4378.4 publish_ms=3.12 state_bytes=66005 model_ms=587.6 context_ms=22.3 suffix_ms=110.5 generation_ms=2669.8 generated=64 generation_tps=23.972 total_ms=10183.3
CHILD index=0 exit=0 text=c762b6e82f144cca role=child prefix_tokens=4081 suffix_tokens=16 model_ms=514.7 context_ms=22.4 state_ms=1.94 prefix_ms=0.0 suffix_ms=119.9 first_token_ms=694.6 generation_ms=4110.4 generated=64 generation_tps=15.570
MEMORY mem_available_drop_mib=812
END_CASE failed=0
CASE mode=vmm_cross children=1 child_mig=31ffbfe4
PARENT exit=0 text=8e42d861853d43f0 prefix_tokens=4081 prefix_ms=4387.7 publish_ms=7.13 state_bytes=66005 model_ms=587.8 context_ms=20.6 suffix_ms=53.6 generation_ms=2548.7 generated=64 generation_tps=25.111 total_ms=7691.3
STDERR ggml_cuda_vmm_ok: cuMemImportFromShareableHandle failed: initialization error
STDERR llama_init_from_model: failed to initialize the context: kv cache: cannot map a published allocation
STDERR kv_fork: cannot create the context
CHILD index=0 exit=1 text=e3b0c44298fc1c14 
MEMORY mem_available_drop_mib=384
END_CASE failed=1
END_KVVMM
BEGIN_KVVMM run=1 paragraphs=320 context=32768 parent_mig=fafc828a
CASE mode=copy children=4 child_mig=fafc828a
PARENT exit=0 text=c646470e58f73411 prefix_tokens=16321 prefix_ms=19744.2 publish_ms=540.32 state_bytes=936173269 model_ms=592.9 context_ms=58.2 suffix_ms=60.1 generation_ms=8406.6 generated=64 generation_tps=7.613 total_ms=35947.6
CHILD index=0 exit=0 text=d42c4c07975a6446 role=child prefix_tokens=16321 suffix_tokens=16 model_ms=901.5 context_ms=104.5 state_ms=418.25 prefix_ms=0.0 suffix_ms=387.2 first_token_ms=1960.1 generation_ms=12536.5 generated=64 generation_tps=5.105
CHILD index=1 exit=0 text=3fd8649867d4bb41 role=child prefix_tokens=16321 suffix_tokens=16 model_ms=886.1 context_ms=129.2 state_ms=313.54 prefix_ms=0.0 suffix_ms=256.7 first_token_ms=1725.6 generation_ms=12637.2 generated=64 generation_tps=5.064
CHILD index=2 exit=0 text=3fd8649867d4bb41 role=child prefix_tokens=16321 suffix_tokens=16 model_ms=900.1 context_ms=105.5 state_ms=415.36 prefix_ms=0.0 suffix_ms=380.1 first_token_ms=1951.3 generation_ms=12551.0 generated=64 generation_tps=5.099
CHILD index=3 exit=0 text=3fd8649867d4bb41 role=child prefix_tokens=16321 suffix_tokens=16 model_ms=922.6 context_ms=90.4 state_ms=404.48 prefix_ms=0.0 suffix_ms=392.0 first_token_ms=1965.4 generation_ms=12547.7 generated=64 generation_tps=5.101
MEMORY mem_available_drop_mib=10159
END_CASE failed=0
CASE mode=extent children=4 child_mig=fafc828a
PARENT exit=0 text=c646470e58f73411 prefix_tokens=16321 prefix_ms=19791.6 publish_ms=6.64 state_bytes=261845 model_ms=586.8 context_ms=35.4 suffix_ms=112.7 generation_ms=9799.4 generated=64 generation_tps=6.531 total_ms=35190.9
CHILD index=0 exit=0 text=d42c4c07975a6446 role=child prefix_tokens=16321 suffix_tokens=16 model_ms=925.9 context_ms=35.1 state_ms=7.41 prefix_ms=0.0 suffix_ms=376.5 first_token_ms=1501.0 generation_ms=12773.7 generated=64 generation_tps=5.010
CHILD index=1 exit=0 text=3fd8649867d4bb41 role=child prefix_tokens=16321 suffix_tokens=16 model_ms=876.5 context_ms=40.1 state_ms=7.44 prefix_ms=0.0 suffix_ms=325.5 first_token_ms=1400.2 generation_ms=12837.8 generated=64 generation_tps=4.985
CHILD index=2 exit=0 text=3fd8649867d4bb41 role=child prefix_tokens=16321 suffix_tokens=16 model_ms=882.0 context_ms=41.8 state_ms=7.51 prefix_ms=0.0 suffix_ms=344.7 first_token_ms=1426.0 generation_ms=12826.7 generated=64 generation_tps=4.990
CHILD index=3 exit=0 text=3fd8649867d4bb41 role=child prefix_tokens=16321 suffix_tokens=16 model_ms=892.8 context_ms=41.5 state_ms=7.46 prefix_ms=0.0 suffix_ms=347.0 first_token_ms=1428.9 generation_ms=12825.6 generated=64 generation_tps=4.990
MEMORY mem_available_drop_mib=3110
END_CASE failed=0
CASE mode=vmm children=4 child_mig=fafc828a
PARENT exit=0 text=c646470e58f73411 prefix_tokens=16321 prefix_ms=19755.4 publish_ms=41.47 state_bytes=261845 model_ms=585.2 context_ms=35.3 suffix_ms=60.8 generation_ms=8419.6 generated=64 generation_tps=7.601 total_ms=35311.1
CHILD index=0 exit=0 text=d42c4c07975a6446 role=child prefix_tokens=16321 suffix_tokens=16 model_ms=931.6 context_ms=312.7 state_ms=256.18 prefix_ms=0.0 suffix_ms=388.4 first_token_ms=2042.6 generation_ms=12341.9 generated=64 generation_tps=5.186
CHILD index=1 exit=0 text=3fd8649867d4bb41 role=child prefix_tokens=16321 suffix_tokens=16 model_ms=961.2 context_ms=324.3 state_ms=274.94 prefix_ms=0.0 suffix_ms=431.8 first_token_ms=2145.8 generation_ms=12273.5 generated=64 generation_tps=5.214
CHILD index=2 exit=0 text=3fd8649867d4bb41 role=child prefix_tokens=16321 suffix_tokens=16 model_ms=938.1 context_ms=285.5 state_ms=34.64 prefix_ms=0.0 suffix_ms=269.9 first_token_ms=1673.3 generation_ms=12540.5 generated=64 generation_tps=5.103
CHILD index=3 exit=0 text=3fd8649867d4bb41 role=child prefix_tokens=16321 suffix_tokens=16 model_ms=854.5 context_ms=240.3 state_ms=71.66 prefix_ms=0.0 suffix_ms=244.3 first_token_ms=1569.0 generation_ms=12518.8 generated=64 generation_tps=5.112
MEMORY mem_available_drop_mib=3965
END_CASE failed=0
CASE mode=extent_cross children=1 child_mig=31ffbfe4
PARENT exit=0 text=c646470e58f73411 prefix_tokens=16321 prefix_ms=19818.6 publish_ms=7.53 state_bytes=261845 model_ms=587.2 context_ms=36.0 suffix_ms=119.6 generation_ms=2903.8 generated=64 generation_tps=22.040 total_ms=26001.7
CHILD index=0 exit=0 text=ffcbc30f8959d059 role=child prefix_tokens=16321 suffix_tokens=16 model_ms=521.3 context_ms=36.1 state_ms=7.36 prefix_ms=0.0 suffix_ms=125.2 first_token_ms=725.9 generation_ms=4418.9 generated=64 generation_tps=14.483
MEMORY mem_available_drop_mib=835
END_CASE failed=0
CASE mode=vmm_cross children=1 child_mig=31ffbfe4
PARENT exit=0 text=c646470e58f73411 prefix_tokens=16321 prefix_ms=19757.9 publish_ms=43.77 state_bytes=261845 model_ms=588.3 context_ms=36.5 suffix_ms=59.7 generation_ms=2741.8 generated=64 generation_tps=23.342 total_ms=23349.3
STDERR ggml_cuda_vmm_ok: cuMemImportFromShareableHandle failed: initialization error
STDERR llama_init_from_model: failed to initialize the context: kv cache: cannot map a published allocation
STDERR kv_fork: cannot create the context
CHILD index=0 exit=1 text=e3b0c44298fc1c14 
MEMORY mem_available_drop_mib=275
END_CASE failed=1
END_KVVMM
BEGIN_KVVMM run=2 paragraphs=80 context=8192 parent_mig=31ffbfe4
CASE mode=vmm_cross children=1 child_mig=fafc828a
PARENT exit=0 text=8e42d861853d43f0 prefix_tokens=4081 prefix_ms=6451.9 publish_ms=7.12 state_bytes=66005 model_ms=588.4 context_ms=21.5 suffix_ms=80.8 generation_ms=3942.9 generated=64 generation_tps=16.232 total_ms=11155.3
STDERR ggml_cuda_vmm_ok: cuMemImportFromShareableHandle failed: initialization error
STDERR llama_init_from_model: failed to initialize the context: kv cache: cannot map a published allocation
STDERR kv_fork: cannot create the context
CHILD index=0 exit=1 text=e3b0c44298fc1c14 
MEMORY mem_available_drop_mib=421
END_CASE failed=1
CASE mode=extent_cross children=1 child_mig=fafc828a
PARENT exit=0 text=8e42d861853d43f0 prefix_tokens=4081 prefix_ms=6497.6 publish_ms=3.05 state_bytes=66005 model_ms=586.1 context_ms=22.5 suffix_ms=150.7 generation_ms=4142.1 generated=64 generation_tps=15.451 total_ms=11457.8
CHILD index=0 exit=0 text=c762b6e82f144cca role=child prefix_tokens=4081 suffix_tokens=16 model_ms=516.2 context_ms=22.5 state_ms=1.71 prefix_ms=0.0 suffix_ms=92.1 first_token_ms=686.4 generation_ms=2692.8 generated=64 generation_tps=23.768
MEMORY mem_available_drop_mib=842
END_CASE failed=0
CASE mode=vmm children=4 child_mig=31ffbfe4
PARENT exit=0 text=8e42d861853d43f0 prefix_tokens=4081 prefix_ms=6443.4 publish_ms=7.23 state_bytes=66005 model_ms=584.5 context_ms=21.4 suffix_ms=81.8 generation_ms=15771.5 generated=64 generation_tps=4.058 total_ms=28671.3
CHILD index=0 exit=0 text=c762b6e82f144cca role=child prefix_tokens=4081 suffix_tokens=16 model_ms=874.3 context_ms=198.6 state_ms=200.68 prefix_ms=0.0 suffix_ms=456.0 first_token_ms=1875.2 generation_ms=19269.7 generated=64 generation_tps=3.321
CHILD index=1 exit=0 text=a6744d23ffb20e20 role=child prefix_tokens=4081 suffix_tokens=16 model_ms=791.6 context_ms=160.7 state_ms=72.09 prefix_ms=0.0 suffix_ms=272.8 first_token_ms=1432.4 generation_ms=19381.9 generated=64 generation_tps=3.302
CHILD index=2 exit=0 text=45d93d75d8c246b5 role=child prefix_tokens=4081 suffix_tokens=16 model_ms=884.9 context_ms=203.5 state_ms=197.47 prefix_ms=0.0 suffix_ms=538.3 first_token_ms=1973.6 generation_ms=19241.0 generated=64 generation_tps=3.326
CHILD index=3 exit=0 text=45d93d75d8c246b5 role=child prefix_tokens=4081 suffix_tokens=16 model_ms=883.1 context_ms=206.1 state_ms=197.66 prefix_ms=0.0 suffix_ms=530.0 first_token_ms=1966.8 generation_ms=19249.3 generated=64 generation_tps=3.325
MEMORY mem_available_drop_mib=3733
END_CASE failed=0
CASE mode=extent children=4 child_mig=31ffbfe4
PARENT exit=0 text=8e42d861853d43f0 prefix_tokens=4081 prefix_ms=6492.5 publish_ms=2.92 state_bytes=66005 model_ms=594.4 context_ms=23.4 suffix_ms=129.8 generation_ms=17340.5 generated=64 generation_tps=3.691 total_ms=29330.0
CHILD index=0 exit=0 text=c762b6e82f144cca role=child prefix_tokens=4081 suffix_tokens=16 model_ms=861.6 context_ms=27.7 state_ms=1.82 prefix_ms=0.0 suffix_ms=470.8 first_token_ms=1504.5 generation_ms=20253.9 generated=64 generation_tps=3.160
CHILD index=1 exit=0 text=a6744d23ffb20e20 role=child prefix_tokens=4081 suffix_tokens=16 model_ms=858.8 context_ms=26.9 state_ms=1.94 prefix_ms=0.0 suffix_ms=453.3 first_token_ms=1481.7 generation_ms=20250.3 generated=64 generation_tps=3.160
CHILD index=2 exit=0 text=45d93d75d8c246b5 role=child prefix_tokens=4081 suffix_tokens=16 model_ms=857.9 context_ms=29.1 state_ms=1.76 prefix_ms=0.0 suffix_ms=469.3 first_token_ms=1505.3 generation_ms=20254.2 generated=64 generation_tps=3.160
CHILD index=3 exit=0 text=45d93d75d8c246b5 role=child prefix_tokens=4081 suffix_tokens=16 model_ms=850.1 context_ms=26.1 state_ms=1.80 prefix_ms=0.0 suffix_ms=459.2 first_token_ms=1479.8 generation_ms=20240.6 generated=64 generation_tps=3.162
MEMORY mem_available_drop_mib=2819
END_CASE failed=0
CASE mode=copy children=4 child_mig=31ffbfe4
PARENT exit=0 text=8e42d861853d43f0 prefix_tokens=4081 prefix_ms=6425.3 publish_ms=188.62 state_bytes=234086869 model_ms=586.6 context_ms=28.9 suffix_ms=81.7 generation_ms=16163.6 generated=64 generation_tps=3.960 total_ms=28896.6
CHILD index=0 exit=0 text=c762b6e82f144cca role=child prefix_tokens=4081 suffix_tokens=16 model_ms=806.6 context_ms=41.0 state_ms=172.00 prefix_ms=0.0 suffix_ms=479.5 first_token_ms=1645.4 generation_ms=19524.0 generated=64 generation_tps=3.278
CHILD index=1 exit=0 text=a6744d23ffb20e20 role=child prefix_tokens=4081 suffix_tokens=16 model_ms=878.5 context_ms=37.1 state_ms=161.69 prefix_ms=0.0 suffix_ms=458.3 first_token_ms=1669.9 generation_ms=19519.5 generated=64 generation_tps=3.279
CHILD index=2 exit=0 text=45d93d75d8c246b5 role=child prefix_tokens=4081 suffix_tokens=16 model_ms=889.4 context_ms=32.8 state_ms=157.23 prefix_ms=0.0 suffix_ms=496.2 first_token_ms=1713.8 generation_ms=19490.8 generated=64 generation_tps=3.284
CHILD index=3 exit=0 text=45d93d75d8c246b5 role=child prefix_tokens=4081 suffix_tokens=16 model_ms=814.0 context_ms=41.5 state_ms=168.97 prefix_ms=0.0 suffix_ms=475.5 first_token_ms=1646.0 generation_ms=19515.5 generated=64 generation_tps=3.279
MEMORY mem_available_drop_mib=4579
END_CASE failed=0
END_KVVMM
BEGIN_KVVMM run=2 paragraphs=320 context=32768 parent_mig=31ffbfe4
CASE mode=vmm_cross children=1 child_mig=fafc828a
PARENT exit=0 text=38453584448c58b2 prefix_tokens=16321 prefix_ms=29170.5 publish_ms=41.63 state_bytes=261845 model_ms=583.9 context_ms=35.5 suffix_ms=88.5 generation_ms=4090.8 generated=64 generation_tps=15.645 total_ms=34103.5
STDERR ggml_cuda_vmm_ok: cuMemImportFromShareableHandle failed: initialization error
STDERR llama_init_from_model: failed to initialize the context: kv cache: cannot map a published allocation
STDERR kv_fork: cannot create the context
CHILD index=0 exit=1 text=e3b0c44298fc1c14 
MEMORY mem_available_drop_mib=317
END_CASE failed=1
CASE mode=extent_cross children=1 child_mig=fafc828a
PARENT exit=0 text=38453584448c58b2 prefix_tokens=16321 prefix_ms=29446.8 publish_ms=7.69 state_bytes=261845 model_ms=586.3 context_ms=37.0 suffix_ms=145.8 generation_ms=4468.8 generated=64 generation_tps=14.322 total_ms=34794.8
CHILD index=0 exit=0 text=ffcbc30f8959d059 role=child prefix_tokens=16321 suffix_tokens=16 model_ms=525.1 context_ms=36.8 state_ms=7.44 prefix_ms=0.0 suffix_ms=96.7 first_token_ms=720.0 generation_ms=2934.4 generated=64 generation_tps=21.810
MEMORY mem_available_drop_mib=755
END_CASE failed=0
CASE mode=vmm children=4 child_mig=31ffbfe4
PARENT exit=0 text=38453584448c58b2 prefix_tokens=16321 prefix_ms=29161.0 publish_ms=33.35 state_bytes=261845 model_ms=591.5 context_ms=36.0 suffix_ms=90.3 generation_ms=15956.3 generated=64 generation_tps=4.011 total_ms=52015.8
CHILD index=0 exit=0 text=ffcbc30f8959d059 role=child prefix_tokens=16321 suffix_tokens=16 model_ms=849.3 context_ms=300.5 state_ms=182.95 prefix_ms=0.0 suffix_ms=498.6 first_token_ms=1979.0 generation_ms=19664.8 generated=64 generation_tps=3.255
CHILD index=1 exit=0 text=3fd8649867d4bb41 role=child prefix_tokens=16321 suffix_tokens=16 model_ms=829.7 context_ms=245.2 state_ms=26.41 prefix_ms=0.0 suffix_ms=293.6 first_token_ms=1535.4 generation_ms=19770.0 generated=64 generation_tps=3.237
CHILD index=2 exit=0 text=3fd8649867d4bb41 role=child prefix_tokens=16321 suffix_tokens=16 model_ms=897.6 context_ms=326.8 state_ms=183.73 prefix_ms=0.0 suffix_ms=549.5 first_token_ms=2103.1 generation_ms=19624.0 generated=64 generation_tps=3.261
CHILD index=3 exit=0 text=3e0fd62f5aa50665 role=child prefix_tokens=16321 suffix_tokens=16 model_ms=896.0 context_ms=323.6 state_ms=185.21 prefix_ms=0.0 suffix_ms=546.1 first_token_ms=2101.3 generation_ms=19618.7 generated=64 generation_tps=3.262
MEMORY mem_available_drop_mib=3891
END_CASE failed=0
CASE mode=extent children=4 child_mig=31ffbfe4
PARENT exit=0 text=38453584448c58b2 prefix_tokens=16321 prefix_ms=29451.4 publish_ms=8.92 state_bytes=261845 model_ms=582.8 context_ms=38.6 suffix_ms=156.0 generation_ms=18561.9 generated=64 generation_tps=3.448 total_ms=53691.2
CHILD index=0 exit=0 text=ffcbc30f8959d059 role=child prefix_tokens=16321 suffix_tokens=16 model_ms=868.2 context_ms=48.6 state_ms=7.24 prefix_ms=0.0 suffix_ms=510.2 first_token_ms=1569.5 generation_ms=21537.1 generated=64 generation_tps=2.972
CHILD index=1 exit=0 text=3fd8649867d4bb41 role=child prefix_tokens=16321 suffix_tokens=16 model_ms=865.9 context_ms=46.6 state_ms=7.37 prefix_ms=0.0 suffix_ms=510.4 first_token_ms=1569.3 generation_ms=21527.8 generated=64 generation_tps=2.973
CHILD index=2 exit=0 text=3fd8649867d4bb41 role=child prefix_tokens=16321 suffix_tokens=16 model_ms=859.6 context_ms=46.4 state_ms=7.23 prefix_ms=0.0 suffix_ms=516.2 first_token_ms=1576.1 generation_ms=21533.6 generated=64 generation_tps=2.972
CHILD index=3 exit=0 text=3e0fd62f5aa50665 role=child prefix_tokens=16321 suffix_tokens=16 model_ms=859.7 context_ms=44.2 state_ms=7.59 prefix_ms=0.0 suffix_ms=491.9 first_token_ms=1545.6 generation_ms=21538.1 generated=64 generation_tps=2.971
MEMORY mem_available_drop_mib=3095
END_CASE failed=0
CASE mode=copy children=4 child_mig=31ffbfe4
PARENT exit=0 text=38453584448c58b2 prefix_tokens=16321 prefix_ms=29152.5 publish_ms=565.52 state_bytes=936173269 model_ms=584.1 context_ms=62.4 suffix_ms=88.8 generation_ms=16060.3 generated=64 generation_tps=3.985 total_ms=52738.7
CHILD index=0 exit=0 text=ffcbc30f8959d059 role=child prefix_tokens=16321 suffix_tokens=16 model_ms=862.4 context_ms=105.8 state_ms=491.51 prefix_ms=0.0 suffix_ms=507.9 first_token_ms=2117.5 generation_ms=19672.4 generated=64 generation_tps=3.253
CHILD index=1 exit=0 text=3fd8649867d4bb41 role=child prefix_tokens=16321 suffix_tokens=16 model_ms=896.1 context_ms=88.9 state_ms=471.34 prefix_ms=0.0 suffix_ms=536.6 first_token_ms=2146.9 generation_ms=19684.5 generated=64 generation_tps=3.251
CHILD index=2 exit=0 text=3fd8649867d4bb41 role=child prefix_tokens=16321 suffix_tokens=16 model_ms=855.1 context_ms=99.3 state_ms=498.40 prefix_ms=0.0 suffix_ms=536.0 first_token_ms=2145.9 generation_ms=19684.6 generated=64 generation_tps=3.251
CHILD index=3 exit=0 text=3e0fd62f5aa50665 role=child prefix_tokens=16321 suffix_tokens=16 model_ms=779.3 context_ms=71.0 state_ms=330.50 prefix_ms=0.0 suffix_ms=285.3 first_token_ms=1609.1 generation_ms=19802.5 generated=64 generation_tps=3.232
MEMORY mem_available_drop_mib=10094
END_CASE failed=0
END_KVVMM
BEGIN_KVVMM run=3 paragraphs=80 context=8192 parent_mig=fafc828a
CASE mode=copy children=4 child_mig=fafc828a
PARENT exit=0 text=8e42d861853d43f0 prefix_tokens=4081 prefix_ms=4374.9 publish_ms=232.45 state_bytes=234086869 model_ms=601.4 context_ms=27.4 suffix_ms=54.6 generation_ms=8389.3 generated=64 generation_tps=7.629 total_ms=19293.5
CHILD index=0 exit=0 text=c762b6e82f144cca role=child prefix_tokens=4081 suffix_tokens=16 model_ms=889.9 context_ms=44.3 state_ms=158.71 prefix_ms=0.0 suffix_ms=347.4 first_token_ms=1586.9 generation_ms=11984.5 generated=64 generation_tps=5.340
CHILD index=1 exit=0 text=5f0f74be36dfb05d role=child prefix_tokens=4081 suffix_tokens=16 model_ms=878.4 context_ms=37.4 state_ms=160.45 prefix_ms=0.0 suffix_ms=333.7 first_token_ms=1565.6 generation_ms=11963.0 generated=64 generation_tps=5.350
CHILD index=2 exit=0 text=45d93d75d8c246b5 role=child prefix_tokens=4081 suffix_tokens=16 model_ms=902.2 context_ms=37.6 state_ms=145.82 prefix_ms=0.0 suffix_ms=357.6 first_token_ms=1595.9 generation_ms=11987.0 generated=64 generation_tps=5.339
CHILD index=3 exit=0 text=4a8f18b77dbe0332 role=child prefix_tokens=4081 suffix_tokens=16 model_ms=904.3 context_ms=35.0 state_ms=149.91 prefix_ms=0.0 suffix_ms=360.3 first_token_ms=1599.7 generation_ms=11985.2 generated=64 generation_tps=5.340
MEMORY mem_available_drop_mib=4567
END_CASE failed=0
CASE mode=extent children=4 child_mig=fafc828a
PARENT exit=0 text=8e42d861853d43f0 prefix_tokens=4081 prefix_ms=4386.4 publish_ms=3.03 state_bytes=66005 model_ms=588.7 context_ms=22.9 suffix_ms=113.1 generation_ms=9270.8 generated=64 generation_tps=6.903 total_ms=19065.4
CHILD index=0 exit=0 text=c762b6e82f144cca role=child prefix_tokens=4081 suffix_tokens=16 model_ms=867.7 context_ms=23.2 state_ms=1.93 prefix_ms=0.0 suffix_ms=315.7 first_token_ms=1358.5 generation_ms=12206.0 generated=64 generation_tps=5.243
CHILD index=1 exit=0 text=5f0f74be36dfb05d role=child prefix_tokens=4081 suffix_tokens=16 model_ms=852.6 context_ms=23.0 state_ms=1.88 prefix_ms=0.0 suffix_ms=234.4 first_token_ms=1247.2 generation_ms=12254.1 generated=64 generation_tps=5.223
CHILD index=2 exit=0 text=45d93d75d8c246b5 role=child prefix_tokens=4081 suffix_tokens=16 model_ms=902.7 context_ms=23.7 state_ms=1.89 prefix_ms=0.0 suffix_ms=332.1 first_token_ms=1404.4 generation_ms=12202.1 generated=64 generation_tps=5.245
CHILD index=3 exit=0 text=4a8f18b77dbe0332 role=child prefix_tokens=4081 suffix_tokens=16 model_ms=918.0 context_ms=24.0 state_ms=1.80 prefix_ms=0.0 suffix_ms=336.8 first_token_ms=1427.6 generation_ms=12181.5 generated=64 generation_tps=5.254
MEMORY mem_available_drop_mib=2962
END_CASE failed=0
CASE mode=vmm children=4 child_mig=fafc828a
PARENT exit=0 text=8e42d861853d43f0 prefix_tokens=4081 prefix_ms=4395.9 publish_ms=8.27 state_bytes=66005 model_ms=589.7 context_ms=22.4 suffix_ms=54.3 generation_ms=8598.6 generated=64 generation_tps=7.443 total_ms=19088.1
CHILD index=0 exit=0 text=c762b6e82f144cca role=child prefix_tokens=4081 suffix_tokens=16 model_ms=780.2 context_ms=130.7 state_ms=94.12 prefix_ms=0.0 suffix_ms=224.7 first_token_ms=1358.1 generation_ms=11971.5 generated=64 generation_tps=5.346
CHILD index=1 exit=0 text=5f0f74be36dfb05d role=child prefix_tokens=4081 suffix_tokens=16 model_ms=920.7 context_ms=175.7 state_ms=212.28 prefix_ms=0.0 suffix_ms=401.3 first_token_ms=1864.5 generation_ms=11778.2 generated=64 generation_tps=5.434
CHILD index=2 exit=0 text=45d93d75d8c246b5 role=child prefix_tokens=4081 suffix_tokens=16 model_ms=873.6 context_ms=169.5 state_ms=82.87 prefix_ms=0.0 suffix_ms=290.4 first_token_ms=1567.4 generation_ms=11961.8 generated=64 generation_tps=5.350
CHILD index=3 exit=0 text=4a8f18b77dbe0332 role=child prefix_tokens=4081 suffix_tokens=16 model_ms=881.2 context_ms=172.5 state_ms=167.86 prefix_ms=0.0 suffix_ms=384.4 first_token_ms=1758.5 generation_ms=11848.7 generated=64 generation_tps=5.401
MEMORY mem_available_drop_mib=3814
END_CASE failed=0
CASE mode=extent_cross children=1 child_mig=31ffbfe4
PARENT exit=0 text=8e42d861853d43f0 prefix_tokens=4081 prefix_ms=4370.7 publish_ms=2.36 state_bytes=66005 model_ms=605.2 context_ms=23.5 suffix_ms=123.3 generation_ms=2688.7 generated=64 generation_tps=23.803 total_ms=10220.1
CHILD index=0 exit=0 text=c762b6e82f144cca role=child prefix_tokens=4081 suffix_tokens=16 model_ms=530.5 context_ms=23.6 state_ms=1.91 prefix_ms=0.0 suffix_ms=119.4 first_token_ms=711.3 generation_ms=4108.9 generated=64 generation_tps=15.576
MEMORY mem_available_drop_mib=816
END_CASE failed=0
CASE mode=vmm_cross children=1 child_mig=31ffbfe4
PARENT exit=0 text=8e42d861853d43f0 prefix_tokens=4081 prefix_ms=4398.5 publish_ms=7.47 state_bytes=66005 model_ms=586.5 context_ms=21.7 suffix_ms=53.8 generation_ms=2619.3 generated=64 generation_tps=24.434 total_ms=7768.7
STDERR ggml_cuda_vmm_ok: cuMemImportFromShareableHandle failed: initialization error
STDERR llama_init_from_model: failed to initialize the context: kv cache: cannot map a published allocation
STDERR kv_fork: cannot create the context
CHILD index=0 exit=1 text=e3b0c44298fc1c14 
MEMORY mem_available_drop_mib=380
END_CASE failed=1
END_KVVMM
BEGIN_KVVMM run=3 paragraphs=320 context=32768 parent_mig=fafc828a
CASE mode=copy children=4 child_mig=fafc828a
PARENT exit=0 text=c646470e58f73411 prefix_tokens=16321 prefix_ms=19739.2 publish_ms=565.52 state_bytes=936173269 model_ms=603.3 context_ms=59.7 suffix_ms=60.5 generation_ms=8588.1 generated=64 generation_tps=7.452 total_ms=35984.1
CHILD index=0 exit=0 text=d42c4c07975a6446 role=child prefix_tokens=16321 suffix_tokens=16 model_ms=819.1 context_ms=68.5 state_ms=331.78 prefix_ms=0.0 suffix_ms=218.5 first_token_ms=1557.9 generation_ms=12558.0 generated=64 generation_tps=5.096
CHILD index=1 exit=0 text=3fd8649867d4bb41 role=child prefix_tokens=16321 suffix_tokens=16 model_ms=857.7 context_ms=103.1 state_ms=455.28 prefix_ms=0.0 suffix_ms=393.4 first_token_ms=1959.0 generation_ms=12493.2 generated=64 generation_tps=5.123
CHILD index=2 exit=0 text=3fd8649867d4bb41 role=child prefix_tokens=16321 suffix_tokens=16 model_ms=881.7 context_ms=79.3 state_ms=451.18 prefix_ms=0.0 suffix_ms=404.6 first_token_ms=1969.2 generation_ms=12520.1 generated=64 generation_tps=5.112
CHILD index=3 exit=0 text=3fd8649867d4bb41 role=child prefix_tokens=16321 suffix_tokens=16 model_ms=891.4 context_ms=100.7 state_ms=428.28 prefix_ms=0.0 suffix_ms=410.1 first_token_ms=1978.9 generation_ms=12508.1 generated=64 generation_tps=5.117
MEMORY mem_available_drop_mib=10128
END_CASE failed=0
CASE mode=extent children=4 child_mig=fafc828a
PARENT exit=0 text=c646470e58f73411 prefix_tokens=16321 prefix_ms=19800.5 publish_ms=9.09 state_bytes=261845 model_ms=595.9 context_ms=37.0 suffix_ms=110.3 generation_ms=9844.8 generated=64 generation_tps=6.501 total_ms=35195.0
CHILD index=0 exit=0 text=d42c4c07975a6446 role=child prefix_tokens=16321 suffix_tokens=16 model_ms=916.5 context_ms=36.1 state_ms=7.40 prefix_ms=0.0 suffix_ms=378.8 first_token_ms=1483.6 generation_ms=12759.0 generated=64 generation_tps=5.016
CHILD index=1 exit=0 text=3fd8649867d4bb41 role=child prefix_tokens=16321 suffix_tokens=16 model_ms=862.1 context_ms=44.7 state_ms=7.60 prefix_ms=0.0 suffix_ms=344.4 first_token_ms=1389.0 generation_ms=12806.7 generated=64 generation_tps=4.997
CHILD index=2 exit=0 text=3fd8649867d4bb41 role=child prefix_tokens=16321 suffix_tokens=16 model_ms=872.2 context_ms=43.5 state_ms=7.53 prefix_ms=0.0 suffix_ms=356.9 first_token_ms=1422.5 generation_ms=12802.7 generated=64 generation_tps=4.999
CHILD index=3 exit=0 text=3fd8649867d4bb41 role=child prefix_tokens=16321 suffix_tokens=16 model_ms=874.2 context_ms=38.5 state_ms=7.46 prefix_ms=0.0 suffix_ms=251.2 first_token_ms=1290.9 generation_ms=12849.6 generated=64 generation_tps=4.981
MEMORY mem_available_drop_mib=3092
END_CASE failed=0
CASE mode=vmm children=4 child_mig=fafc828a
PARENT exit=0 text=c646470e58f73411 prefix_tokens=16321 prefix_ms=19769.6 publish_ms=39.48 state_bytes=261845 model_ms=588.1 context_ms=35.5 suffix_ms=61.0 generation_ms=8758.1 generated=64 generation_tps=7.308 total_ms=35333.1
CHILD index=0 exit=0 text=d42c4c07975a6446 role=child prefix_tokens=16321 suffix_tokens=16 model_ms=954.6 context_ms=264.9 state_ms=280.52 prefix_ms=0.0 suffix_ms=405.3 first_token_ms=2072.0 generation_ms=12368.4 generated=64 generation_tps=5.174
CHILD index=1 exit=0 text=3fd8649867d4bb41 role=child prefix_tokens=16321 suffix_tokens=16 model_ms=891.8 context_ms=277.2 state_ms=238.27 prefix_ms=0.0 suffix_ms=376.9 first_token_ms=1955.5 generation_ms=12457.6 generated=64 generation_tps=5.137
CHILD index=2 exit=0 text=3fd8649867d4bb41 role=child prefix_tokens=16321 suffix_tokens=16 model_ms=890.0 context_ms=248.2 state_ms=49.01 prefix_ms=0.0 suffix_ms=248.7 first_token_ms=1597.2 generation_ms=12633.6 generated=64 generation_tps=5.066
CHILD index=3 exit=0 text=3fd8649867d4bb41 role=child prefix_tokens=16321 suffix_tokens=16 model_ms=838.0 context_ms=220.4 state_ms=45.15 prefix_ms=0.0 suffix_ms=254.5 first_token_ms=1522.2 generation_ms=12606.5 generated=64 generation_tps=5.077
MEMORY mem_available_drop_mib=3968
END_CASE failed=0
CASE mode=extent_cross children=1 child_mig=31ffbfe4
PARENT exit=0 text=c646470e58f73411 prefix_tokens=16321 prefix_ms=19819.0 publish_ms=7.11 state_bytes=261845 model_ms=591.6 context_ms=36.9 suffix_ms=132.8 generation_ms=2901.8 generated=64 generation_tps=22.056 total_ms=25998.3
CHILD index=0 exit=0 text=ffcbc30f8959d059 role=child prefix_tokens=16321 suffix_tokens=16 model_ms=524.5 context_ms=37.1 state_ms=7.61 prefix_ms=0.0 suffix_ms=127.4 first_token_ms=732.1 generation_ms=4422.3 generated=64 generation_tps=14.472
MEMORY mem_available_drop_mib=834
END_CASE failed=0
CASE mode=vmm_cross children=1 child_mig=31ffbfe4
PARENT exit=0 text=c646470e58f73411 prefix_tokens=16321 prefix_ms=19756.5 publish_ms=41.77 state_bytes=261845 model_ms=588.6 context_ms=36.1 suffix_ms=59.6 generation_ms=2749.3 generated=64 generation_tps=23.278 total_ms=23352.3
STDERR ggml_cuda_vmm_ok: cuMemImportFromShareableHandle failed: initialization error
STDERR llama_init_from_model: failed to initialize the context: kv cache: cannot map a published allocation
STDERR kv_fork: cannot create the context
CHILD index=0 exit=1 text=e3b0c44298fc1c14 
MEMORY mem_available_drop_mib=270
END_CASE failed=1
END_KVVMM
BEGIN_KVVMM run=4 paragraphs=80 context=8192 parent_mig=31ffbfe4
CASE mode=vmm_cross children=1 child_mig=fafc828a
PARENT exit=0 text=8e42d861853d43f0 prefix_tokens=4081 prefix_ms=6437.6 publish_ms=7.61 state_bytes=66005 model_ms=586.3 context_ms=22.0 suffix_ms=81.3 generation_ms=3970.7 generated=64 generation_tps=16.118 total_ms=11175.6
STDERR ggml_cuda_vmm_ok: cuMemImportFromShareableHandle failed: initialization error
STDERR llama_init_from_model: failed to initialize the context: kv cache: cannot map a published allocation
STDERR kv_fork: cannot create the context
CHILD index=0 exit=1 text=e3b0c44298fc1c14 
MEMORY mem_available_drop_mib=405
END_CASE failed=1
CASE mode=extent_cross children=1 child_mig=fafc828a
PARENT exit=0 text=8e42d861853d43f0 prefix_tokens=4081 prefix_ms=6496.9 publish_ms=3.01 state_bytes=66005 model_ms=590.5 context_ms=22.7 suffix_ms=138.5 generation_ms=4131.3 generated=64 generation_tps=15.492 total_ms=11446.5
CHILD index=0 exit=0 text=c762b6e82f144cca role=child prefix_tokens=4081 suffix_tokens=16 model_ms=526.0 context_ms=22.5 state_ms=1.99 prefix_ms=0.0 suffix_ms=93.6 first_token_ms=698.0 generation_ms=2706.7 generated=64 generation_tps=23.645
MEMORY mem_available_drop_mib=832
END_CASE failed=0
CASE mode=vmm children=4 child_mig=31ffbfe4
PARENT exit=0 text=8e42d861853d43f0 prefix_tokens=4081 prefix_ms=6442.5 publish_ms=7.18 state_bytes=66005 model_ms=582.8 context_ms=21.3 suffix_ms=82.4 generation_ms=15924.0 generated=64 generation_tps=4.019 total_ms=28721.1
CHILD index=0 exit=0 text=c762b6e82f144cca role=child prefix_tokens=4081 suffix_tokens=16 model_ms=875.1 context_ms=202.0 state_ms=151.85 prefix_ms=0.0 suffix_ms=501.5 first_token_ms=1881.8 generation_ms=19330.0 generated=64 generation_tps=3.311
CHILD index=1 exit=0 text=a6744d23ffb20e20 role=child prefix_tokens=4081 suffix_tokens=16 model_ms=803.0 context_ms=180.2 state_ms=84.79 prefix_ms=0.0 suffix_ms=397.3 first_token_ms=1606.1 generation_ms=19476.2 generated=64 generation_tps=3.286
CHILD index=2 exit=0 text=45d93d75d8c246b5 role=child prefix_tokens=4081 suffix_tokens=16 model_ms=805.2 context_ms=186.3 state_ms=70.23 prefix_ms=0.0 suffix_ms=388.6 first_token_ms=1600.0 generation_ms=19484.0 generated=64 generation_tps=3.285
CHILD index=3 exit=0 text=45d93d75d8c246b5 role=child prefix_tokens=4081 suffix_tokens=16 model_ms=875.3 context_ms=194.8 state_ms=135.57 prefix_ms=0.0 suffix_ms=503.8 first_token_ms=1858.7 generation_ms=19347.0 generated=64 generation_tps=3.308
MEMORY mem_available_drop_mib=3738
END_CASE failed=0
CASE mode=extent children=4 child_mig=31ffbfe4
PARENT exit=0 text=8e42d861853d43f0 prefix_tokens=4081 prefix_ms=6509.9 publish_ms=3.09 state_bytes=66005 model_ms=585.4 context_ms=22.5 suffix_ms=131.4 generation_ms=17496.1 generated=64 generation_tps=3.658 total_ms=29274.4
CHILD index=0 exit=0 text=c762b6e82f144cca role=child prefix_tokens=4081 suffix_tokens=16 model_ms=845.3 context_ms=25.7 state_ms=2.05 prefix_ms=0.0 suffix_ms=478.5 first_token_ms=1496.4 generation_ms=20213.4 generated=64 generation_tps=3.166
CHILD index=1 exit=0 text=a6744d23ffb20e20 role=child prefix_tokens=4081 suffix_tokens=16 model_ms=806.5 context_ms=22.9 state_ms=1.75 prefix_ms=0.0 suffix_ms=339.7 first_token_ms=1310.7 generation_ms=20257.3 generated=64 generation_tps=3.159
CHILD index=2 exit=0 text=45d93d75d8c246b5 role=child prefix_tokens=4081 suffix_tokens=16 model_ms=839.8 context_ms=25.3 state_ms=2.04 prefix_ms=0.0 suffix_ms=479.8 first_token_ms=1496.0 generation_ms=20215.4 generated=64 generation_tps=3.166
CHILD index=3 exit=0 text=45d93d75d8c246b5 role=child prefix_tokens=4081 suffix_tokens=16 model_ms=892.7 context_ms=22.9 state_ms=1.70 prefix_ms=0.0 suffix_ms=472.4 first_token_ms=1535.9 generation_ms=20189.0 generated=64 generation_tps=3.170
MEMORY mem_available_drop_mib=2909
END_CASE failed=0
CASE mode=copy children=4 child_mig=31ffbfe4
PARENT exit=0 text=8e42d861853d43f0 prefix_tokens=4081 prefix_ms=6427.6 publish_ms=228.36 state_bytes=234086869 model_ms=586.5 context_ms=28.9 suffix_ms=81.9 generation_ms=16092.0 generated=64 generation_tps=3.977 total_ms=28937.7
CHILD index=0 exit=0 text=c762b6e82f144cca role=child prefix_tokens=4081 suffix_tokens=16 model_ms=836.0 context_ms=48.9 state_ms=169.29 prefix_ms=0.0 suffix_ms=491.6 first_token_ms=1693.8 generation_ms=19503.5 generated=64 generation_tps=3.281
CHILD index=1 exit=0 text=a6744d23ffb20e20 role=child prefix_tokens=4081 suffix_tokens=16 model_ms=873.3 context_ms=39.7 state_ms=160.73 prefix_ms=0.0 suffix_ms=468.7 first_token_ms=1682.5 generation_ms=19511.6 generated=64 generation_tps=3.280
CHILD index=2 exit=0 text=45d93d75d8c246b5 role=child prefix_tokens=4081 suffix_tokens=16 model_ms=841.9 context_ms=41.8 state_ms=167.97 prefix_ms=0.0 suffix_ms=453.5 first_token_ms=1648.6 generation_ms=19504.7 generated=64 generation_tps=3.281
CHILD index=3 exit=0 text=45d93d75d8c246b5 role=child prefix_tokens=4081 suffix_tokens=16 model_ms=839.2 context_ms=49.0 state_ms=169.15 prefix_ms=0.0 suffix_ms=480.8 first_token_ms=1685.6 generation_ms=19511.9 generated=64 generation_tps=3.280
MEMORY mem_available_drop_mib=4550
END_CASE failed=0
END_KVVMM
BEGIN_KVVMM run=4 paragraphs=320 context=32768 parent_mig=31ffbfe4
CASE mode=vmm_cross children=1 child_mig=fafc828a
PARENT exit=0 text=38453584448c58b2 prefix_tokens=16321 prefix_ms=29165.1 publish_ms=35.29 state_bytes=261845 model_ms=588.4 context_ms=36.0 suffix_ms=88.1 generation_ms=4082.7 generated=64 generation_tps=15.676 total_ms=34100.8
STDERR ggml_cuda_vmm_ok: cuMemImportFromShareableHandle failed: initialization error
STDERR llama_init_from_model: failed to initialize the context: kv cache: cannot map a published allocation
STDERR kv_fork: cannot create the context
CHILD index=0 exit=1 text=e3b0c44298fc1c14 
MEMORY mem_available_drop_mib=298
END_CASE failed=1
CASE mode=extent_cross children=1 child_mig=fafc828a
PARENT exit=0 text=38453584448c58b2 prefix_tokens=16321 prefix_ms=29461.9 publish_ms=9.02 state_bytes=261845 model_ms=584.0 context_ms=37.2 suffix_ms=142.1 generation_ms=4475.8 generated=64 generation_tps=14.299 total_ms=34798.3
CHILD index=0 exit=0 text=ffcbc30f8959d059 role=child prefix_tokens=16321 suffix_tokens=16 model_ms=534.4 context_ms=35.8 state_ms=7.11 prefix_ms=0.0 suffix_ms=98.1 first_token_ms=731.2 generation_ms=2955.8 generated=64 generation_tps=21.652
MEMORY mem_available_drop_mib=865
END_CASE failed=0
CASE mode=vmm children=4 child_mig=31ffbfe4
PARENT exit=0 text=38453584448c58b2 prefix_tokens=16321 prefix_ms=29175.5 publish_ms=41.99 state_bytes=261845 model_ms=579.7 context_ms=35.3 suffix_ms=90.1 generation_ms=15902.1 generated=64 generation_tps=4.025 total_ms=51971.0
CHILD index=0 exit=0 text=ffcbc30f8959d059 role=child prefix_tokens=16321 suffix_tokens=16 model_ms=838.8 context_ms=284.7 state_ms=110.59 prefix_ms=0.0 suffix_ms=443.5 first_token_ms=1832.4 generation_ms=19801.4 generated=64 generation_tps=3.232
CHILD index=1 exit=0 text=3fd8649867d4bb41 role=child prefix_tokens=16321 suffix_tokens=16 model_ms=904.3 context_ms=304.1 state_ms=192.34 prefix_ms=0.0 suffix_ms=562.5 first_token_ms=2119.4 generation_ms=19604.9 generated=64 generation_tps=3.264
CHILD index=2 exit=0 text=3fd8649867d4bb41 role=child prefix_tokens=16321 suffix_tokens=16 model_ms=864.4 context_ms=309.7 state_ms=129.36 prefix_ms=0.0 suffix_ms=489.2 first_token_ms=1944.3 generation_ms=19739.3 generated=64 generation_tps=3.242
CHILD index=3 exit=0 text=3e0fd62f5aa50665 role=child prefix_tokens=16321 suffix_tokens=16 model_ms=843.6 context_ms=236.3 state_ms=117.96 prefix_ms=0.0 suffix_ms=381.2 first_token_ms=1726.3 generation_ms=19831.7 generated=64 generation_tps=3.227
MEMORY mem_available_drop_mib=3906
END_CASE failed=0
CASE mode=extent children=4 child_mig=31ffbfe4
PARENT exit=0 text=38453584448c58b2 prefix_tokens=16321 prefix_ms=29445.2 publish_ms=8.98 state_bytes=261845 model_ms=608.3 context_ms=36.8 suffix_ms=146.6 generation_ms=18569.2 generated=64 generation_tps=3.447 total_ms=53642.6
CHILD index=0 exit=0 text=ffcbc30f8959d059 role=child prefix_tokens=16321 suffix_tokens=16 model_ms=908.2 context_ms=41.6 state_ms=7.61 prefix_ms=0.0 suffix_ms=533.4 first_token_ms=1639.9 generation_ms=21434.6 generated=64 generation_tps=2.986
CHILD index=1 exit=0 text=3fd8649867d4bb41 role=child prefix_tokens=16321 suffix_tokens=16 model_ms=847.3 context_ms=36.3 state_ms=7.28 prefix_ms=0.0 suffix_ms=425.1 first_token_ms=1463.6 generation_ms=21518.4 generated=64 generation_tps=2.974
CHILD index=2 exit=0 text=3fd8649867d4bb41 role=child prefix_tokens=16321 suffix_tokens=16 model_ms=855.0 context_ms=37.9 state_ms=7.32 prefix_ms=0.0 suffix_ms=418.2 first_token_ms=1449.3 generation_ms=21518.7 generated=64 generation_tps=2.974
CHILD index=3 exit=0 text=3e0fd62f5aa50665 role=child prefix_tokens=16321 suffix_tokens=16 model_ms=904.5 context_ms=43.0 state_ms=7.35 prefix_ms=0.0 suffix_ms=542.9 first_token_ms=1650.0 generation_ms=21425.7 generated=64 generation_tps=2.987
MEMORY mem_available_drop_mib=3019
END_CASE failed=0
CASE mode=copy children=4 child_mig=31ffbfe4
PARENT exit=0 text=38453584448c58b2 prefix_tokens=16321 prefix_ms=29138.6 publish_ms=575.80 state_bytes=936173269 model_ms=585.9 context_ms=63.7 suffix_ms=88.9 generation_ms=16063.6 generated=64 generation_tps=3.984 total_ms=52715.6
CHILD index=0 exit=0 text=ffcbc30f8959d059 role=child prefix_tokens=16321 suffix_tokens=16 model_ms=812.0 context_ms=87.0 state_ms=344.33 prefix_ms=0.0 suffix_ms=313.7 first_token_ms=1704.1 generation_ms=19882.0 generated=64 generation_tps=3.219
CHILD index=1 exit=0 text=3fd8649867d4bb41 role=child prefix_tokens=16321 suffix_tokens=16 model_ms=883.0 context_ms=88.7 state_ms=410.52 prefix_ms=0.0 suffix_ms=527.2 first_token_ms=2046.9 generation_ms=19750.8 generated=64 generation_tps=3.240
CHILD index=2 exit=0 text=3fd8649867d4bb41 role=child prefix_tokens=16321 suffix_tokens=16 model_ms=898.0 context_ms=87.0 state_ms=382.26 prefix_ms=0.0 suffix_ms=541.8 first_token_ms=2061.6 generation_ms=19750.5 generated=64 generation_tps=3.240
CHILD index=3 exit=0 text=3e0fd62f5aa50665 role=child prefix_tokens=16321 suffix_tokens=16 model_ms=835.3 context_ms=95.3 state_ms=439.43 prefix_ms=0.0 suffix_ms=536.2 first_token_ms=2056.7 generation_ms=19741.7 generated=64 generation_tps=3.242
MEMORY mem_available_drop_mib=10098
END_CASE failed=0
END_KVVMM
BEGIN_KVVMM run=5 paragraphs=80 context=8192 parent_mig=fafc828a
CASE mode=copy children=4 child_mig=fafc828a
PARENT exit=0 text=8e42d861853d43f0 prefix_tokens=4081 prefix_ms=4380.4 publish_ms=209.92 state_bytes=234086869 model_ms=587.9 context_ms=28.6 suffix_ms=54.6 generation_ms=8388.2 generated=64 generation_tps=7.630 total_ms=19252.3
CHILD index=0 exit=0 text=c762b6e82f144cca role=child prefix_tokens=4081 suffix_tokens=16 model_ms=870.9 context_ms=36.1 state_ms=163.87 prefix_ms=0.0 suffix_ms=327.7 first_token_ms=1550.0 generation_ms=11969.7 generated=64 generation_tps=5.347
CHILD index=1 exit=0 text=5f0f74be36dfb05d role=child prefix_tokens=4081 suffix_tokens=16 model_ms=866.2 context_ms=29.6 state_ms=161.15 prefix_ms=0.0 suffix_ms=346.2 first_token_ms=1554.8 generation_ms=11976.2 generated=64 generation_tps=5.344
CHILD index=2 exit=0 text=45d93d75d8c246b5 role=child prefix_tokens=4081 suffix_tokens=16 model_ms=891.0 context_ms=30.6 state_ms=159.19 prefix_ms=0.0 suffix_ms=341.1 first_token_ms=1579.8 generation_ms=11981.6 generated=64 generation_tps=5.342
CHILD index=3 exit=0 text=4a8f18b77dbe0332 role=child prefix_tokens=4081 suffix_tokens=16 model_ms=944.0 context_ms=30.6 state_ms=154.32 prefix_ms=0.0 suffix_ms=336.5 first_token_ms=1609.0 generation_ms=11963.0 generated=64 generation_tps=5.350
MEMORY mem_available_drop_mib=4578
END_CASE failed=0
CASE mode=extent children=4 child_mig=fafc828a
PARENT exit=0 text=8e42d861853d43f0 prefix_tokens=4081 prefix_ms=4381.2 publish_ms=3.04 state_bytes=66005 model_ms=589.1 context_ms=22.9 suffix_ms=124.2 generation_ms=9310.9 generated=64 generation_tps=6.874 total_ms=19080.9
CHILD index=0 exit=0 text=c762b6e82f144cca role=child prefix_tokens=4081 suffix_tokens=16 model_ms=875.1 context_ms=28.1 state_ms=1.77 prefix_ms=0.0 suffix_ms=306.2 first_token_ms=1352.8 generation_ms=12215.7 generated=64 generation_tps=5.239
CHILD index=1 exit=0 text=5f0f74be36dfb05d role=child prefix_tokens=4081 suffix_tokens=16 model_ms=881.8 context_ms=27.2 state_ms=1.86 prefix_ms=0.0 suffix_ms=346.1 first_token_ms=1403.2 generation_ms=12214.0 generated=64 generation_tps=5.240
CHILD index=2 exit=0 text=45d93d75d8c246b5 role=child prefix_tokens=4081 suffix_tokens=16 model_ms=850.6 context_ms=23.6 state_ms=1.94 prefix_ms=0.0 suffix_ms=300.0 first_token_ms=1320.4 generation_ms=12240.5 generated=64 generation_tps=5.229
CHILD index=3 exit=0 text=4a8f18b77dbe0332 role=child prefix_tokens=4081 suffix_tokens=16 model_ms=883.6 context_ms=27.1 state_ms=1.77 prefix_ms=0.0 suffix_ms=353.8 first_token_ms=1414.2 generation_ms=12207.9 generated=64 generation_tps=5.243
MEMORY mem_available_drop_mib=2927
END_CASE failed=0
CASE mode=vmm children=4 child_mig=fafc828a
PARENT exit=0 text=8e42d861853d43f0 prefix_tokens=4081 prefix_ms=4386.4 publish_ms=7.41 state_bytes=66005 model_ms=620.1 context_ms=21.7 suffix_ms=54.7 generation_ms=8248.4 generated=64 generation_tps=7.759 total_ms=19138.7
CHILD index=0 exit=0 text=c762b6e82f144cca role=child prefix_tokens=4081 suffix_tokens=16 model_ms=925.1 context_ms=199.7 state_ms=150.72 prefix_ms=0.0 suffix_ms=408.1 first_token_ms=1833.4 generation_ms=11805.4 generated=64 generation_tps=5.421
CHILD index=1 exit=0 text=5f0f74be36dfb05d role=child prefix_tokens=4081 suffix_tokens=16 model_ms=925.5 context_ms=194.8 state_ms=153.25 prefix_ms=0.0 suffix_ms=396.9 first_token_ms=1827.3 generation_ms=11815.7 generated=64 generation_tps=5.417
CHILD index=2 exit=0 text=45d93d75d8c246b5 role=child prefix_tokens=4081 suffix_tokens=16 model_ms=838.1 context_ms=142.8 state_ms=76.71 prefix_ms=0.0 suffix_ms=230.8 first_token_ms=1424.2 generation_ms=11848.9 generated=64 generation_tps=5.401
CHILD index=3 exit=0 text=4a8f18b77dbe0332 role=child prefix_tokens=4081 suffix_tokens=16 model_ms=931.0 context_ms=199.6 state_ms=158.49 prefix_ms=0.0 suffix_ms=392.7 first_token_ms=1833.6 generation_ms=11787.6 generated=64 generation_tps=5.429
MEMORY mem_available_drop_mib=3813
END_CASE failed=0
CASE mode=extent_cross children=1 child_mig=31ffbfe4
PARENT exit=0 text=8e42d861853d43f0 prefix_tokens=4081 prefix_ms=4384.1 publish_ms=3.01 state_bytes=66005 model_ms=594.1 context_ms=22.8 suffix_ms=95.7 generation_ms=2682.4 generated=64 generation_tps=23.860 total_ms=10204.5
CHILD index=0 exit=0 text=c762b6e82f144cca role=child prefix_tokens=4081 suffix_tokens=16 model_ms=516.9 context_ms=23.4 state_ms=1.72 prefix_ms=0.0 suffix_ms=120.1 first_token_ms=698.1 generation_ms=4104.6 generated=64 generation_tps=15.592
MEMORY mem_available_drop_mib=799
END_CASE failed=0
CASE mode=vmm_cross children=1 child_mig=31ffbfe4
PARENT exit=0 text=8e42d861853d43f0 prefix_tokens=4081 prefix_ms=4399.2 publish_ms=7.45 state_bytes=66005 model_ms=589.9 context_ms=21.4 suffix_ms=54.3 generation_ms=2606.4 generated=64 generation_tps=24.555 total_ms=7762.4
STDERR ggml_cuda_vmm_ok: cuMemImportFromShareableHandle failed: initialization error
STDERR llama_init_from_model: failed to initialize the context: kv cache: cannot map a published allocation
STDERR kv_fork: cannot create the context
CHILD index=0 exit=1 text=e3b0c44298fc1c14 
MEMORY mem_available_drop_mib=395
END_CASE failed=1
END_KVVMM
BEGIN_KVVMM run=5 paragraphs=320 context=32768 parent_mig=fafc828a
CASE mode=copy children=4 child_mig=fafc828a
PARENT exit=0 text=c646470e58f73411 prefix_tokens=16321 prefix_ms=19724.2 publish_ms=547.40 state_bytes=936173269 model_ms=587.2 context_ms=59.9 suffix_ms=60.1 generation_ms=8590.7 generated=64 generation_tps=7.450 total_ms=35958.5
CHILD index=0 exit=0 text=d42c4c07975a6446 role=child prefix_tokens=16321 suffix_tokens=16 model_ms=882.8 context_ms=94.2 state_ms=445.26 prefix_ms=0.0 suffix_ms=413.2 first_token_ms=1992.9 generation_ms=12503.8 generated=64 generation_tps=5.118
CHILD index=1 exit=0 text=3fd8649867d4bb41 role=child prefix_tokens=16321 suffix_tokens=16 model_ms=824.1 context_ms=69.5 state_ms=328.74 prefix_ms=0.0 suffix_ms=225.3 first_token_ms=1568.5 generation_ms=12539.3 generated=64 generation_tps=5.104
CHILD index=2 exit=0 text=3fd8649867d4bb41 role=child prefix_tokens=16321 suffix_tokens=16 model_ms=919.7 context_ms=81.4 state_ms=418.21 prefix_ms=0.0 suffix_ms=391.8 first_token_ms=1968.2 generation_ms=12512.5 generated=64 generation_tps=5.115
CHILD index=3 exit=0 text=3fd8649867d4bb41 role=child prefix_tokens=16321 suffix_tokens=16 model_ms=858.9 context_ms=99.3 state_ms=469.97 prefix_ms=0.0 suffix_ms=406.2 first_token_ms=1985.6 generation_ms=12497.4 generated=64 generation_tps=5.121
MEMORY mem_available_drop_mib=10156
END_CASE failed=0
CASE mode=extent children=4 child_mig=fafc828a
PARENT exit=0 text=c646470e58f73411 prefix_tokens=16321 prefix_ms=19824.3 publish_ms=8.90 state_bytes=261845 model_ms=592.4 context_ms=37.0 suffix_ms=143.5 generation_ms=9726.5 generated=64 generation_tps=6.580 total_ms=35268.7
CHILD index=0 exit=0 text=d42c4c07975a6446 role=child prefix_tokens=16321 suffix_tokens=16 model_ms=921.7 context_ms=42.2 state_ms=7.41 prefix_ms=0.0 suffix_ms=363.3 first_token_ms=1478.7 generation_ms=12780.3 generated=64 generation_tps=5.008
CHILD index=1 exit=0 text=3fd8649867d4bb41 role=child prefix_tokens=16321 suffix_tokens=16 model_ms=921.6 context_ms=42.0 state_ms=7.24 prefix_ms=0.0 suffix_ms=347.6 first_token_ms=1462.9 generation_ms=12792.7 generated=64 generation_tps=5.003
CHILD index=2 exit=0 text=3fd8649867d4bb41 role=child prefix_tokens=16321 suffix_tokens=16 model_ms=964.6 context_ms=38.2 state_ms=7.55 prefix_ms=0.0 suffix_ms=372.9 first_token_ms=1525.9 generation_ms=12749.9 generated=64 generation_tps=5.020
CHILD index=3 exit=0 text=3fd8649867d4bb41 role=child prefix_tokens=16321 suffix_tokens=16 model_ms=896.7 context_ms=37.5 state_ms=7.32 prefix_ms=0.0 suffix_ms=290.1 first_token_ms=1368.7 generation_ms=12794.1 generated=64 generation_tps=5.002
MEMORY mem_available_drop_mib=3031
END_CASE failed=0
CASE mode=vmm children=4 child_mig=fafc828a
PARENT exit=0 text=c646470e58f73411 prefix_tokens=16321 prefix_ms=19738.5 publish_ms=42.18 state_bytes=261845 model_ms=590.0 context_ms=35.2 suffix_ms=60.4 generation_ms=8487.8 generated=64 generation_tps=7.540 total_ms=35355.4
CHILD index=0 exit=0 text=d42c4c07975a6446 role=child prefix_tokens=16321 suffix_tokens=16 model_ms=911.0 context_ms=348.4 state_ms=176.36 prefix_ms=0.0 suffix_ms=409.4 first_token_ms=2002.4 generation_ms=12421.4 generated=64 generation_tps=5.152
CHILD index=1 exit=0 text=3fd8649867d4bb41 role=child prefix_tokens=16321 suffix_tokens=16 model_ms=914.9 context_ms=351.0 state_ms=170.18 prefix_ms=0.0 suffix_ms=397.8 first_token_ms=1987.8 generation_ms=12430.2 generated=64 generation_tps=5.149
CHILD index=2 exit=0 text=3fd8649867d4bb41 role=child prefix_tokens=16321 suffix_tokens=16 model_ms=909.1 context_ms=353.1 state_ms=169.80 prefix_ms=0.0 suffix_ms=407.3 first_token_ms=1997.6 generation_ms=12407.9 generated=64 generation_tps=5.158
CHILD index=3 exit=0 text=3fd8649867d4bb41 role=child prefix_tokens=16321 suffix_tokens=16 model_ms=850.3 context_ms=242.0 state_ms=16.92 prefix_ms=0.0 suffix_ms=210.8 first_token_ms=1455.5 generation_ms=12429.4 generated=64 generation_tps=5.149
MEMORY mem_available_drop_mib=3970
END_CASE failed=0
CASE mode=extent_cross children=1 child_mig=31ffbfe4
PARENT exit=0 text=c646470e58f73411 prefix_tokens=16321 prefix_ms=19806.1 publish_ms=9.02 state_bytes=261845 model_ms=595.9 context_ms=36.2 suffix_ms=137.9 generation_ms=2890.3 generated=64 generation_tps=22.143 total_ms=26011.5
CHILD index=0 exit=0 text=ffcbc30f8959d059 role=child prefix_tokens=16321 suffix_tokens=16 model_ms=518.0 context_ms=38.0 state_ms=7.36 prefix_ms=0.0 suffix_ms=126.8 first_token_ms=725.4 generation_ms=4417.8 generated=64 generation_tps=14.487
MEMORY mem_available_drop_mib=837
END_CASE failed=0
CASE mode=vmm_cross children=1 child_mig=31ffbfe4
PARENT exit=0 text=c646470e58f73411 prefix_tokens=16321 prefix_ms=19767.8 publish_ms=42.26 state_bytes=261845 model_ms=587.0 context_ms=35.6 suffix_ms=59.7 generation_ms=2725.8 generated=64 generation_tps=23.479 total_ms=23331.0
STDERR ggml_cuda_vmm_ok: cuMemImportFromShareableHandle failed: initialization error
STDERR llama_init_from_model: failed to initialize the context: kv cache: cannot map a published allocation
STDERR kv_fork: cannot create the context
CHILD index=0 exit=1 text=e3b0c44298fc1c14 
MEMORY mem_available_drop_mib=267
END_CASE failed=1
END_KVVMM
BEGIN_KVVMM run=6 paragraphs=80 context=8192 parent_mig=31ffbfe4
CASE mode=vmm_cross children=1 child_mig=fafc828a
PARENT exit=0 text=8e42d861853d43f0 prefix_tokens=4081 prefix_ms=6447.7 publish_ms=7.42 state_bytes=66005 model_ms=585.0 context_ms=22.0 suffix_ms=81.4 generation_ms=3969.2 generated=64 generation_tps=16.124 total_ms=11165.2
STDERR ggml_cuda_vmm_ok: cuMemImportFromShareableHandle failed: initialization error
STDERR llama_init_from_model: failed to initialize the context: kv cache: cannot map a published allocation
STDERR kv_fork: cannot create the context
CHILD index=0 exit=1 text=e3b0c44298fc1c14 
MEMORY mem_available_drop_mib=421
END_CASE failed=1
CASE mode=extent_cross children=1 child_mig=fafc828a
PARENT exit=0 text=8e42d861853d43f0 prefix_tokens=4081 prefix_ms=6507.0 publish_ms=2.40 state_bytes=66005 model_ms=585.2 context_ms=22.6 suffix_ms=147.8 generation_ms=4123.3 generated=64 generation_tps=15.522 total_ms=11458.8
CHILD index=0 exit=0 text=c762b6e82f144cca role=child prefix_tokens=4081 suffix_tokens=16 model_ms=522.4 context_ms=22.8 state_ms=1.93 prefix_ms=0.0 suffix_ms=93.6 first_token_ms=693.6 generation_ms=2703.9 generated=64 generation_tps=23.670
MEMORY mem_available_drop_mib=838
END_CASE failed=0
CASE mode=vmm children=4 child_mig=31ffbfe4
PARENT exit=0 text=8e42d861853d43f0 prefix_tokens=4081 prefix_ms=6425.7 publish_ms=7.26 state_bytes=66005 model_ms=586.5 context_ms=23.0 suffix_ms=82.4 generation_ms=15964.5 generated=64 generation_tps=4.009 total_ms=28664.8
CHILD index=0 exit=0 text=c762b6e82f144cca role=child prefix_tokens=4081 suffix_tokens=16 model_ms=767.9 context_ms=149.8 state_ms=96.35 prefix_ms=0.0 suffix_ms=293.1 first_token_ms=1428.4 generation_ms=19476.1 generated=64 generation_tps=3.286
CHILD index=1 exit=0 text=a6744d23ffb20e20 role=child prefix_tokens=4081 suffix_tokens=16 model_ms=824.8 context_ms=184.6 state_ms=122.08 prefix_ms=0.0 suffix_ms=426.3 first_token_ms=1704.2 generation_ms=19397.0 generated=64 generation_tps=3.299
CHILD index=2 exit=0 text=45d93d75d8c246b5 role=child prefix_tokens=4081 suffix_tokens=16 model_ms=885.9 context_ms=189.6 state_ms=231.44 prefix_ms=0.0 suffix_ms=523.7 first_token_ms=1971.6 generation_ms=19237.6 generated=64 generation_tps=3.327
CHILD index=3 exit=0 text=45d93d75d8c246b5 role=child prefix_tokens=4081 suffix_tokens=16 model_ms=850.1 context_ms=199.0 state_ms=167.39 prefix_ms=0.0 suffix_ms=479.0 first_token_ms=1841.4 generation_ms=19340.4 generated=64 generation_tps=3.309
MEMORY mem_available_drop_mib=3709
END_CASE failed=0
CASE mode=extent children=4 child_mig=31ffbfe4
PARENT exit=0 text=8e42d861853d43f0 prefix_tokens=4081 prefix_ms=6499.5 publish_ms=3.05 state_bytes=66005 model_ms=582.6 context_ms=22.8 suffix_ms=132.5 generation_ms=17366.2 generated=64 generation_tps=3.685 total_ms=29288.1
CHILD index=0 exit=0 text=c762b6e82f144cca role=child prefix_tokens=4081 suffix_tokens=16 model_ms=824.6 context_ms=25.5 state_ms=1.83 prefix_ms=0.0 suffix_ms=399.9 first_token_ms=1403.2 generation_ms=20231.5 generated=64 generation_tps=3.163
CHILD index=1 exit=0 text=a6744d23ffb20e20 role=child prefix_tokens=4081 suffix_tokens=16 model_ms=832.7 context_ms=26.6 state_ms=1.71 prefix_ms=0.0 suffix_ms=399.4 first_token_ms=1402.1 generation_ms=20231.4 generated=64 generation_tps=3.163
CHILD index=2 exit=0 text=45d93d75d8c246b5 role=child prefix_tokens=4081 suffix_tokens=16 model_ms=905.4 context_ms=22.6 state_ms=2.00 prefix_ms=0.0 suffix_ms=497.0 first_token_ms=1575.5 generation_ms=20149.1 generated=64 generation_tps=3.176
CHILD index=3 exit=0 text=45d93d75d8c246b5 role=child prefix_tokens=4081 suffix_tokens=16 model_ms=891.3 context_ms=22.8 state_ms=1.94 prefix_ms=0.0 suffix_ms=501.3 first_token_ms=1562.5 generation_ms=20162.2 generated=64 generation_tps=3.174
MEMORY mem_available_drop_mib=2901
END_CASE failed=0
CASE mode=copy children=4 child_mig=31ffbfe4
PARENT exit=0 text=8e42d861853d43f0 prefix_tokens=4081 prefix_ms=6419.5 publish_ms=223.95 state_bytes=234086869 model_ms=586.8 context_ms=29.1 suffix_ms=81.4 generation_ms=15994.5 generated=64 generation_tps=4.001 total_ms=28901.2
CHILD index=0 exit=0 text=c762b6e82f144cca role=child prefix_tokens=4081 suffix_tokens=16 model_ms=841.4 context_ms=41.0 state_ms=169.74 prefix_ms=0.0 suffix_ms=476.7 first_token_ms=1671.6 generation_ms=19498.8 generated=64 generation_tps=3.282
CHILD index=1 exit=0 text=a6744d23ffb20e20 role=child prefix_tokens=4081 suffix_tokens=16 model_ms=887.1 context_ms=34.1 state_ms=161.29 prefix_ms=0.0 suffix_ms=475.6 first_token_ms=1700.8 generation_ms=19489.0 generated=64 generation_tps=3.284
CHILD index=2 exit=0 text=45d93d75d8c246b5 role=child prefix_tokens=4081 suffix_tokens=16 model_ms=833.6 context_ms=42.9 state_ms=171.25 prefix_ms=0.0 suffix_ms=481.1 first_token_ms=1681.6 generation_ms=19492.9 generated=64 generation_tps=3.283
CHILD index=3 exit=0 text=45d93d75d8c246b5 role=child prefix_tokens=4081 suffix_tokens=16 model_ms=835.0 context_ms=40.9 state_ms=174.90 prefix_ms=0.0 suffix_ms=493.9 first_token_ms=1693.9 generation_ms=19484.4 generated=64 generation_tps=3.285
MEMORY mem_available_drop_mib=4529
END_CASE failed=0
END_KVVMM
BEGIN_KVVMM run=6 paragraphs=320 context=32768 parent_mig=31ffbfe4
CASE mode=vmm_cross children=1 child_mig=fafc828a
PARENT exit=0 text=38453584448c58b2 prefix_tokens=16321 prefix_ms=29177.5 publish_ms=41.56 state_bytes=261845 model_ms=581.9 context_ms=35.5 suffix_ms=88.8 generation_ms=4090.2 generated=64 generation_tps=15.647 total_ms=34117.7
STDERR ggml_cuda_vmm_ok: cuMemImportFromShareableHandle failed: initialization error
STDERR llama_init_from_model: failed to initialize the context: kv cache: cannot map a published allocation
STDERR kv_fork: cannot create the context
CHILD index=0 exit=1 text=e3b0c44298fc1c14 
MEMORY mem_available_drop_mib=300
END_CASE failed=1
CASE mode=extent_cross children=1 child_mig=fafc828a
PARENT exit=0 text=38453584448c58b2 prefix_tokens=16321 prefix_ms=29441.8 publish_ms=7.31 state_bytes=261845 model_ms=582.6 context_ms=36.8 suffix_ms=155.0 generation_ms=4461.8 generated=64 generation_tps=14.344 total_ms=34775.4
CHILD index=0 exit=0 text=ffcbc30f8959d059 role=child prefix_tokens=16321 suffix_tokens=16 model_ms=517.6 context_ms=35.6 state_ms=7.28 prefix_ms=0.0 suffix_ms=97.6 first_token_ms=711.6 generation_ms=2955.4 generated=64 generation_tps=21.655
MEMORY mem_available_drop_mib=866
END_CASE failed=0
CASE mode=vmm children=4 child_mig=31ffbfe4
PARENT exit=0 text=38453584448c58b2 prefix_tokens=16321 prefix_ms=29155.9 publish_ms=42.10 state_bytes=261845 model_ms=581.3 context_ms=36.1 suffix_ms=89.1 generation_ms=15888.3 generated=64 generation_tps=4.028 total_ms=51945.6
CHILD index=0 exit=0 text=ffcbc30f8959d059 role=child prefix_tokens=16321 suffix_tokens=16 model_ms=864.7 context_ms=220.2 state_ms=74.25 prefix_ms=0.0 suffix_ms=304.5 first_token_ms=1608.7 generation_ms=19841.9 generated=64 generation_tps=3.226
CHILD index=1 exit=0 text=3fd8649867d4bb41 role=child prefix_tokens=16321 suffix_tokens=16 model_ms=909.1 context_ms=301.7 state_ms=278.25 prefix_ms=0.0 suffix_ms=562.3 first_token_ms=2206.9 generation_ms=19507.7 generated=64 generation_tps=3.281
CHILD index=2 exit=0 text=3fd8649867d4bb41 role=child prefix_tokens=16321 suffix_tokens=16 model_ms=858.0 context_ms=298.9 state_ms=135.35 prefix_ms=0.0 suffix_ms=468.0 first_token_ms=1909.6 generation_ms=19707.8 generated=64 generation_tps=3.247
CHILD index=3 exit=0 text=3e0fd62f5aa50665 role=child prefix_tokens=16321 suffix_tokens=16 model_ms=856.8 context_ms=293.3 state_ms=152.51 prefix_ms=0.0 suffix_ms=454.9 first_token_ms=1911.2 generation_ms=19735.6 generated=64 generation_tps=3.243
MEMORY mem_available_drop_mib=3914
END_CASE failed=0
CASE mode=extent children=4 child_mig=31ffbfe4
PARENT exit=0 text=38453584448c58b2 prefix_tokens=16321 prefix_ms=29465.7 publish_ms=9.12 state_bytes=261845 model_ms=585.8 context_ms=37.2 suffix_ms=150.5 generation_ms=18647.3 generated=64 generation_tps=3.432 total_ms=53673.9
CHILD index=0 exit=0 text=ffcbc30f8959d059 role=child prefix_tokens=16321 suffix_tokens=16 model_ms=881.7 context_ms=39.2 state_ms=7.67 prefix_ms=0.0 suffix_ms=516.3 first_token_ms=1594.3 generation_ms=21490.2 generated=64 generation_tps=2.978
CHILD index=1 exit=0 text=3fd8649867d4bb41 role=child prefix_tokens=16321 suffix_tokens=16 model_ms=905.5 context_ms=39.8 state_ms=7.24 prefix_ms=0.0 suffix_ms=519.0 first_token_ms=1618.7 generation_ms=21472.2 generated=64 generation_tps=2.981
CHILD index=2 exit=0 text=3fd8649867d4bb41 role=child prefix_tokens=16321 suffix_tokens=16 model_ms=910.5 context_ms=41.2 state_ms=7.29 prefix_ms=0.0 suffix_ms=524.7 first_token_ms=1628.4 generation_ms=21470.1 generated=64 generation_tps=2.981
CHILD index=3 exit=0 text=3e0fd62f5aa50665 role=child prefix_tokens=16321 suffix_tokens=16 model_ms=827.6 context_ms=36.6 state_ms=7.36 prefix_ms=0.0 suffix_ms=330.2 first_token_ms=1334.1 generation_ms=21557.8 generated=64 generation_tps=2.969
MEMORY mem_available_drop_mib=3007
END_CASE failed=0
CASE mode=copy children=4 child_mig=31ffbfe4
PARENT exit=0 text=38453584448c58b2 prefix_tokens=16321 prefix_ms=29145.8 publish_ms=570.47 state_bytes=936173269 model_ms=580.5 context_ms=62.5 suffix_ms=89.0 generation_ms=15784.4 generated=64 generation_tps=4.055 total_ms=52694.4
CHILD index=0 exit=0 text=ffcbc30f8959d059 role=child prefix_tokens=16321 suffix_tokens=16 model_ms=827.1 context_ms=105.0 state_ms=350.00 prefix_ms=0.0 suffix_ms=310.7 first_token_ms=1731.3 generation_ms=19805.0 generated=64 generation_tps=3.232
CHILD index=1 exit=0 text=3fd8649867d4bb41 role=child prefix_tokens=16321 suffix_tokens=16 model_ms=848.0 context_ms=108.5 state_ms=486.25 prefix_ms=0.0 suffix_ms=531.5 first_token_ms=2122.3 generation_ms=19652.0 generated=64 generation_tps=3.257
CHILD index=2 exit=0 text=3fd8649867d4bb41 role=child prefix_tokens=16321 suffix_tokens=16 model_ms=889.0 context_ms=89.1 state_ms=461.73 prefix_ms=0.0 suffix_ms=541.4 first_token_ms=2130.5 generation_ms=19668.6 generated=64 generation_tps=3.254
CHILD index=3 exit=0 text=3e0fd62f5aa50665 role=child prefix_tokens=16321 suffix_tokens=16 model_ms=841.6 context_ms=109.3 state_ms=485.65 prefix_ms=0.0 suffix_ms=542.4 first_token_ms=2131.5 generation_ms=19675.7 generated=64 generation_tps=3.253
MEMORY mem_available_drop_mib=10084
END_CASE failed=0
END_KVVMM
