BEGIN_KVSHARE run=1 paragraphs=320 context=32768 publisher_mig=fafc828a
PUBLISH store=device prefix_tokens=16321 prefix_ms=45146.5 publish_ms=1670.74 state_bytes=3209101493
PUBLISH store=huge prefix_tokens=16321 prefix_ms=45827.0 publish_ms=17.81 state_bytes=262325 file_used_kib=3145728
CASE mode=restore agents=8
AGENT index=0 mig=fafc828a exit=0 wall_ms=30510 text=1378c55a272d2aa6 role=child prefix_tokens=16321 suffix_tokens=16 model_ms=1229.8 context_ms=507.4 state_ms=1084.29 prefix_ms=0.0 suffix_ms=618.1 first_token_ms=3754.7 generation_ms=26017.1 generated=64 generation_tps=2.460
AGENT index=1 mig=31ffbfe4 exit=0 wall_ms=42024 text=2cf2d58a2cc5eae6 role=child prefix_tokens=16321 suffix_tokens=16 model_ms=1143.7 context_ms=458.0 state_ms=844.38 prefix_ms=0.0 suffix_ms=271.5 first_token_ms=2971.2 generation_ms=38590.5 generated=64 generation_tps=1.658
AGENT index=2 mig=fafc828a exit=0 wall_ms=30734 text=49d4b86a498f4543 role=child prefix_tokens=16321 suffix_tokens=16 model_ms=1229.9 context_ms=499.4 state_ms=1099.12 prefix_ms=0.0 suffix_ms=616.7 first_token_ms=3753.4 generation_ms=26068.9 generated=64 generation_tps=2.455
AGENT index=3 mig=31ffbfe4 exit=0 wall_ms=43363 text=e3f3a81dc9f7441e role=child prefix_tokens=16321 suffix_tokens=16 model_ms=1221.4 context_ms=556.3 state_ms=1050.57 prefix_ms=0.0 suffix_ms=929.6 first_token_ms=4067.1 generation_ms=38649.8 generated=64 generation_tps=1.656
AGENT index=4 mig=fafc828a exit=0 wall_ms=30604 text=c4890ff70b1dd99d role=child prefix_tokens=16321 suffix_tokens=16 model_ms=1233.1 context_ms=507.5 state_ms=1095.40 prefix_ms=0.0 suffix_ms=606.2 first_token_ms=3741.4 generation_ms=26057.6 generated=64 generation_tps=2.456
AGENT index=5 mig=31ffbfe4 exit=0 wall_ms=43605 text=d740d93f57155aeb role=child prefix_tokens=16321 suffix_tokens=16 model_ms=1234.7 context_ms=590.9 state_ms=1007.92 prefix_ms=0.0 suffix_ms=915.2 first_token_ms=4047.2 generation_ms=38678.1 generated=64 generation_tps=1.655
AGENT index=6 mig=fafc828a exit=0 wall_ms=30652 text=c4890ff70b1dd99d role=child prefix_tokens=16321 suffix_tokens=16 model_ms=1139.2 context_ms=553.6 state_ms=1125.40 prefix_ms=0.0 suffix_ms=622.0 first_token_ms=3754.1 generation_ms=26059.6 generated=64 generation_tps=2.456
AGENT index=7 mig=31ffbfe4 exit=0 wall_ms=43430 text=11cb5a743c3a7474 role=child prefix_tokens=16321 suffix_tokens=16 model_ms=1211.8 context_ms=479.1 state_ms=1126.01 prefix_ms=0.0 suffix_ms=917.0 first_token_ms=4049.8 generation_ms=38690.5 generated=64 generation_tps=1.654
MEMORY mem_available_drop_mib=55904 prefix_pss_mib=0 prefix_rss_mib=0
END_CASE failed_agents=0
CASE mode=extent_lazy agents=8
AGENT index=0 mig=fafc828a exit=0 wall_ms=28816 text=1378c55a272d2aa6 role=child prefix_tokens=16321 suffix_tokens=16 model_ms=1285.9 context_ms=79.9 state_ms=7.98 prefix_ms=0.0 suffix_ms=577.7 first_token_ms=2252.3 generation_ms=26154.5 generated=64 generation_tps=2.447
AGENT index=1 mig=31ffbfe4 exit=0 wall_ms=44415 text=2cf2d58a2cc5eae6 role=child prefix_tokens=16321 suffix_tokens=16 model_ms=1286.2 context_ms=80.1 state_ms=7.40 prefix_ms=0.0 suffix_ms=907.3 first_token_ms=2586.6 generation_ms=41419.2 generated=64 generation_tps=1.545
AGENT index=2 mig=fafc828a exit=0 wall_ms=28991 text=49d4b86a498f4543 role=child prefix_tokens=16321 suffix_tokens=16 model_ms=1274.6 context_ms=84.4 state_ms=7.34 prefix_ms=0.0 suffix_ms=619.8 first_token_ms=2296.6 generation_ms=26229.6 generated=64 generation_tps=2.440
AGENT index=3 mig=31ffbfe4 exit=0 wall_ms=44414 text=e3f3a81dc9f7441e role=child prefix_tokens=16321 suffix_tokens=16 model_ms=1282.7 context_ms=85.2 state_ms=7.90 prefix_ms=0.0 suffix_ms=902.4 first_token_ms=2580.9 generation_ms=41409.0 generated=64 generation_tps=1.546
AGENT index=4 mig=fafc828a exit=0 wall_ms=28937 text=c4890ff70b1dd99d role=child prefix_tokens=16321 suffix_tokens=16 model_ms=1275.3 context_ms=88.1 state_ms=7.04 prefix_ms=0.0 suffix_ms=623.8 first_token_ms=2297.5 generation_ms=26210.3 generated=64 generation_tps=2.442
AGENT index=5 mig=31ffbfe4 exit=0 wall_ms=44142 text=d740d93f57155aeb role=child prefix_tokens=16321 suffix_tokens=16 model_ms=1266.6 context_ms=54.1 state_ms=7.49 prefix_ms=0.0 suffix_ms=769.0 first_token_ms=2406.0 generation_ms=41333.5 generated=64 generation_tps=1.548
AGENT index=6 mig=fafc828a exit=0 wall_ms=28882 text=c4890ff70b1dd99d role=child prefix_tokens=16321 suffix_tokens=16 model_ms=1265.1 context_ms=81.4 state_ms=7.38 prefix_ms=0.0 suffix_ms=587.7 first_token_ms=2254.4 generation_ms=26198.6 generated=64 generation_tps=2.443
AGENT index=7 mig=31ffbfe4 exit=0 wall_ms=44550 text=11cb5a743c3a7474 role=child prefix_tokens=16321 suffix_tokens=16 model_ms=1267.5 context_ms=84.2 state_ms=7.15 prefix_ms=0.0 suffix_ms=895.1 first_token_ms=2559.6 generation_ms=41437.0 generated=64 generation_tps=1.545
MEMORY mem_available_drop_mib=6237 prefix_pss_mib=3060 prefix_rss_mib=24480
END_CASE failed_agents=0
END_KVSHARE
BEGIN_KVSHARE run=2 paragraphs=320 context=32768 publisher_mig=31ffbfe4
PUBLISH store=device prefix_tokens=16321 prefix_ms=66926.2 publish_ms=1664.66 state_bytes=3209101493
PUBLISH store=huge prefix_tokens=16321 prefix_ms=68113.5 publish_ms=17.90 state_bytes=262325 file_used_kib=3145728
CASE mode=extent_lazy agents=8
AGENT index=0 mig=31ffbfe4 exit=0 wall_ms=43559 text=8111400f8604b694 role=child prefix_tokens=16321 suffix_tokens=16 model_ms=1045.0 context_ms=42.3 state_ms=8.07 prefix_ms=0.0 suffix_ms=267.8 first_token_ms=1595.8 generation_ms=41460.9 generated=64 generation_tps=1.544
AGENT index=1 mig=fafc828a exit=0 wall_ms=28833 text=2cf2d58a2cc5eae6 role=child prefix_tokens=16321 suffix_tokens=16 model_ms=1060.2 context_ms=126.9 state_ms=7.76 prefix_ms=0.0 suffix_ms=579.0 first_token_ms=2081.1 generation_ms=26203.9 generated=64 generation_tps=2.442
AGENT index=2 mig=31ffbfe4 exit=0 wall_ms=44039 text=73eff23cb5d4ae30 role=child prefix_tokens=16321 suffix_tokens=16 model_ms=1120.9 context_ms=87.3 state_ms=7.49 prefix_ms=0.0 suffix_ms=856.0 first_token_ms=2382.1 generation_ms=41266.0 generated=64 generation_tps=1.551
AGENT index=3 mig=fafc828a exit=0 wall_ms=28831 text=2e52c95cbbc0ebcb role=child prefix_tokens=16321 suffix_tokens=16 model_ms=1104.6 context_ms=92.6 state_ms=7.46 prefix_ms=0.0 suffix_ms=622.1 first_token_ms=2142.2 generation_ms=26231.6 generated=64 generation_tps=2.440
AGENT index=4 mig=31ffbfe4 exit=0 wall_ms=44233 text=2e52c95cbbc0ebcb role=child prefix_tokens=16321 suffix_tokens=16 model_ms=1163.1 context_ms=52.7 state_ms=47.11 prefix_ms=0.0 suffix_ms=923.7 first_token_ms=2497.8 generation_ms=41208.6 generated=64 generation_tps=1.553
AGENT index=5 mig=fafc828a exit=0 wall_ms=28856 text=37026e4c99b5e73b role=child prefix_tokens=16321 suffix_tokens=16 model_ms=1137.8 context_ms=51.4 state_ms=7.40 prefix_ms=0.0 suffix_ms=587.3 first_token_ms=2093.2 generation_ms=26263.2 generated=64 generation_tps=2.437
AGENT index=6 mig=31ffbfe4 exit=0 wall_ms=44081 text=09d2d2d55a3760c6 role=child prefix_tokens=16321 suffix_tokens=16 model_ms=1173.4 context_ms=52.7 state_ms=7.49 prefix_ms=0.0 suffix_ms=877.1 first_token_ms=2408.5 generation_ms=41273.6 generated=64 generation_tps=1.551
AGENT index=7 mig=fafc828a exit=0 wall_ms=28826 text=09d2d2d55a3760c6 role=child prefix_tokens=16321 suffix_tokens=16 model_ms=1117.9 context_ms=52.3 state_ms=7.29 prefix_ms=0.0 suffix_ms=588.2 first_token_ms=2081.8 generation_ms=26264.4 generated=64 generation_tps=2.437
MEMORY mem_available_drop_mib=6288 prefix_pss_mib=5147 prefix_rss_mib=24480
END_CASE failed_agents=0
CASE mode=restore agents=8
AGENT index=0 mig=31ffbfe4 exit=0 wall_ms=40572 text=8111400f8604b694 role=child prefix_tokens=16321 suffix_tokens=16 model_ms=987.0 context_ms=126.3 state_ms=469.14 prefix_ms=0.0 suffix_ms=716.3 first_token_ms=2538.2 generation_ms=37592.3 generated=64 generation_tps=1.702
AGENT index=1 mig=fafc828a exit=0 wall_ms=30615 text=2cf2d58a2cc5eae6 role=child prefix_tokens=16321 suffix_tokens=16 model_ms=1131.2 context_ms=582.8 state_ms=1176.54 prefix_ms=0.0 suffix_ms=605.0 first_token_ms=3800.3 generation_ms=26031.3 generated=64 generation_tps=2.459
AGENT index=2 mig=31ffbfe4 exit=0 wall_ms=43070 text=73eff23cb5d4ae30 role=child prefix_tokens=16321 suffix_tokens=16 model_ms=1186.1 context_ms=770.9 state_ms=927.69 prefix_ms=0.0 suffix_ms=910.2 first_token_ms=4098.7 generation_ms=38271.7 generated=64 generation_tps=1.672
AGENT index=3 mig=fafc828a exit=0 wall_ms=30790 text=2e52c95cbbc0ebcb role=child prefix_tokens=16321 suffix_tokens=16 model_ms=1190.6 context_ms=529.7 state_ms=1154.89 prefix_ms=0.0 suffix_ms=620.1 first_token_ms=3807.2 generation_ms=26065.9 generated=64 generation_tps=2.455
AGENT index=4 mig=31ffbfe4 exit=0 wall_ms=43095 text=2e52c95cbbc0ebcb role=child prefix_tokens=16321 suffix_tokens=16 model_ms=1173.9 context_ms=550.1 state_ms=1154.47 prefix_ms=0.0 suffix_ms=922.9 first_token_ms=4108.6 generation_ms=38293.8 generated=64 generation_tps=1.671
AGENT index=5 mig=fafc828a exit=0 wall_ms=30760 text=37026e4c99b5e73b role=child prefix_tokens=16321 suffix_tokens=16 model_ms=1247.8 context_ms=526.0 state_ms=1107.42 prefix_ms=0.0 suffix_ms=623.5 first_token_ms=3805.5 generation_ms=26051.8 generated=64 generation_tps=2.457
AGENT index=6 mig=31ffbfe4 exit=0 wall_ms=43284 text=09d2d2d55a3760c6 role=child prefix_tokens=16321 suffix_tokens=16 model_ms=1179.0 context_ms=746.4 state_ms=946.36 prefix_ms=0.0 suffix_ms=923.1 first_token_ms=4103.1 generation_ms=38293.0 generated=64 generation_tps=1.671
AGENT index=7 mig=fafc828a exit=0 wall_ms=30729 text=09d2d2d55a3760c6 role=child prefix_tokens=16321 suffix_tokens=16 model_ms=1105.0 context_ms=538.8 state_ms=1223.95 prefix_ms=0.0 suffix_ms=618.7 first_token_ms=3797.8 generation_ms=26031.0 generated=64 generation_tps=2.459
MEMORY mem_available_drop_mib=55834 prefix_pss_mib=0 prefix_rss_mib=0
END_CASE failed_agents=0
END_KVSHARE
BEGIN_KVSHARE run=3 paragraphs=320 context=32768 publisher_mig=fafc828a
PUBLISH store=device prefix_tokens=16321 prefix_ms=45186.2 publish_ms=1675.83 state_bytes=3209101493
PUBLISH store=huge prefix_tokens=16321 prefix_ms=45769.0 publish_ms=17.96 state_bytes=262325 file_used_kib=3145728
CASE mode=restore agents=8
AGENT index=0 mig=fafc828a exit=0 wall_ms=30464 text=1378c55a272d2aa6 role=child prefix_tokens=16321 suffix_tokens=16 model_ms=1317.8 context_ms=710.2 state_ms=1248.50 prefix_ms=0.0 suffix_ms=626.6 first_token_ms=4206.1 generation_ms=25463.5 generated=64 generation_tps=2.513
AGENT index=1 mig=31ffbfe4 exit=0 wall_ms=44194 text=2cf2d58a2cc5eae6 role=child prefix_tokens=16321 suffix_tokens=16 model_ms=1305.8 context_ms=930.8 state_ms=1028.91 prefix_ms=0.0 suffix_ms=877.5 first_token_ms=4455.8 generation_ms=38888.7 generated=64 generation_tps=1.646
AGENT index=2 mig=fafc828a exit=0 wall_ms=28288 text=49d4b86a498f4543 role=child prefix_tokens=16321 suffix_tokens=16 model_ms=1309.6 context_ms=660.2 state_ms=663.89 prefix_ms=0.0 suffix_ms=203.7 first_token_ms=3146.5 generation_ms=24637.1 generated=64 generation_tps=2.598
AGENT index=3 mig=31ffbfe4 exit=0 wall_ms=44412 text=e3f3a81dc9f7441e role=child prefix_tokens=16321 suffix_tokens=16 model_ms=1290.1 context_ms=685.3 state_ms=1274.88 prefix_ms=0.0 suffix_ms=894.9 first_token_ms=4469.2 generation_ms=38919.7 generated=64 generation_tps=1.644
AGENT index=4 mig=fafc828a exit=0 wall_ms=30405 text=c4890ff70b1dd99d role=child prefix_tokens=16321 suffix_tokens=16 model_ms=1311.8 context_ms=683.0 state_ms=1278.12 prefix_ms=0.0 suffix_ms=636.6 first_token_ms=4209.5 generation_ms=25459.5 generated=64 generation_tps=2.514
AGENT index=5 mig=31ffbfe4 exit=0 wall_ms=44189 text=d740d93f57155aeb role=child prefix_tokens=16321 suffix_tokens=16 model_ms=1303.8 context_ms=843.3 state_ms=1115.69 prefix_ms=0.0 suffix_ms=913.0 first_token_ms=4486.0 generation_ms=38874.5 generated=64 generation_tps=1.646
AGENT index=6 mig=fafc828a exit=0 wall_ms=30329 text=c4890ff70b1dd99d role=child prefix_tokens=16321 suffix_tokens=16 model_ms=1298.3 context_ms=685.7 state_ms=1270.28 prefix_ms=0.0 suffix_ms=625.2 first_token_ms=4199.4 generation_ms=25429.2 generated=64 generation_tps=2.517
AGENT index=7 mig=31ffbfe4 exit=0 wall_ms=44236 text=11cb5a743c3a7474 role=child prefix_tokens=16321 suffix_tokens=16 model_ms=1302.8 context_ms=929.5 state_ms=1029.35 prefix_ms=0.0 suffix_ms=911.9 first_token_ms=4482.6 generation_ms=38919.5 generated=64 generation_tps=1.644
MEMORY mem_available_drop_mib=55760 prefix_pss_mib=0 prefix_rss_mib=0
END_CASE failed_agents=0
CASE mode=extent_lazy agents=8
AGENT index=0 mig=fafc828a exit=0 wall_ms=28922 text=1378c55a272d2aa6 role=child prefix_tokens=16321 suffix_tokens=16 model_ms=1275.0 context_ms=75.4 state_ms=7.58 prefix_ms=0.0 suffix_ms=606.7 first_token_ms=2262.8 generation_ms=26185.5 generated=64 generation_tps=2.444
AGENT index=1 mig=31ffbfe4 exit=0 wall_ms=44313 text=2cf2d58a2cc5eae6 role=child prefix_tokens=16321 suffix_tokens=16 model_ms=1267.4 context_ms=75.3 state_ms=7.49 prefix_ms=0.0 suffix_ms=903.6 first_token_ms=2556.4 generation_ms=41414.0 generated=64 generation_tps=1.545
AGENT index=2 mig=fafc828a exit=0 wall_ms=28920 text=49d4b86a498f4543 role=child prefix_tokens=16321 suffix_tokens=16 model_ms=1271.1 context_ms=74.7 state_ms=7.24 prefix_ms=0.0 suffix_ms=602.5 first_token_ms=2252.2 generation_ms=26206.6 generated=64 generation_tps=2.442
AGENT index=3 mig=31ffbfe4 exit=0 wall_ms=44135 text=e3f3a81dc9f7441e role=child prefix_tokens=16321 suffix_tokens=16 model_ms=1261.8 context_ms=60.5 state_ms=7.80 prefix_ms=0.0 suffix_ms=862.9 first_token_ms=2495.5 generation_ms=41270.6 generated=64 generation_tps=1.551
AGENT index=4 mig=fafc828a exit=0 wall_ms=28919 text=c4890ff70b1dd99d role=child prefix_tokens=16321 suffix_tokens=16 model_ms=1256.5 context_ms=51.8 state_ms=7.34 prefix_ms=0.0 suffix_ms=525.7 first_token_ms=2146.6 generation_ms=26183.9 generated=64 generation_tps=2.444
AGENT index=5 mig=31ffbfe4 exit=0 wall_ms=44331 text=d740d93f57155aeb role=child prefix_tokens=16321 suffix_tokens=16 model_ms=1249.1 context_ms=75.3 state_ms=7.53 prefix_ms=0.0 suffix_ms=885.0 first_token_ms=2528.5 generation_ms=41404.6 generated=64 generation_tps=1.546
AGENT index=6 mig=fafc828a exit=0 wall_ms=28917 text=c4890ff70b1dd99d role=child prefix_tokens=16321 suffix_tokens=16 model_ms=1254.6 context_ms=71.8 state_ms=7.49 prefix_ms=0.0 suffix_ms=589.1 first_token_ms=2227.6 generation_ms=26210.3 generated=64 generation_tps=2.442
AGENT index=7 mig=31ffbfe4 exit=0 wall_ms=44500 text=11cb5a743c3a7474 role=child prefix_tokens=16321 suffix_tokens=16 model_ms=1266.2 context_ms=67.4 state_ms=7.55 prefix_ms=0.0 suffix_ms=900.6 first_token_ms=2549.0 generation_ms=41416.4 generated=64 generation_tps=1.545
MEMORY mem_available_drop_mib=6273 prefix_pss_mib=3060 prefix_rss_mib=24480
END_CASE failed_agents=0
END_KVSHARE
BEGIN_KVSHARE run=4 paragraphs=320 context=32768 publisher_mig=31ffbfe4
PUBLISH store=device prefix_tokens=16321 prefix_ms=66553.9 publish_ms=1674.34 state_bytes=3209101493
PUBLISH store=huge prefix_tokens=16321 prefix_ms=68440.5 publish_ms=18.02 state_bytes=262325 file_used_kib=3145728
CASE mode=extent_lazy agents=8
AGENT index=0 mig=31ffbfe4 exit=0 wall_ms=44387 text=8111400f8604b694 role=child prefix_tokens=16321 suffix_tokens=16 model_ms=1317.9 context_ms=76.9 state_ms=7.15 prefix_ms=0.0 suffix_ms=891.5 first_token_ms=2604.2 generation_ms=41407.6 generated=64 generation_tps=1.546
AGENT index=1 mig=fafc828a exit=0 wall_ms=29046 text=2cf2d58a2cc5eae6 role=child prefix_tokens=16321 suffix_tokens=16 model_ms=1321.8 context_ms=80.9 state_ms=7.78 prefix_ms=0.0 suffix_ms=603.7 first_token_ms=2318.0 generation_ms=26219.4 generated=64 generation_tps=2.441
AGENT index=2 mig=31ffbfe4 exit=0 wall_ms=44573 text=73eff23cb5d4ae30 role=child prefix_tokens=16321 suffix_tokens=16 model_ms=1306.7 context_ms=77.2 state_ms=7.20 prefix_ms=0.0 suffix_ms=914.4 first_token_ms=2625.6 generation_ms=41427.2 generated=64 generation_tps=1.545
AGENT index=3 mig=fafc828a exit=0 wall_ms=28991 text=2e52c95cbbc0ebcb role=child prefix_tokens=16321 suffix_tokens=16 model_ms=1302.8 context_ms=78.0 state_ms=7.47 prefix_ms=0.0 suffix_ms=659.7 first_token_ms=2363.9 generation_ms=26187.9 generated=64 generation_tps=2.444
AGENT index=4 mig=31ffbfe4 exit=0 wall_ms=44420 text=2e52c95cbbc0ebcb role=child prefix_tokens=16321 suffix_tokens=16 model_ms=1314.0 context_ms=78.3 state_ms=7.43 prefix_ms=0.0 suffix_ms=905.5 first_token_ms=2608.3 generation_ms=41434.4 generated=64 generation_tps=1.545
AGENT index=5 mig=fafc828a exit=0 wall_ms=28836 text=37026e4c99b5e73b role=child prefix_tokens=16321 suffix_tokens=16 model_ms=1311.2 context_ms=68.6 state_ms=7.64 prefix_ms=0.0 suffix_ms=585.0 first_token_ms=2281.4 generation_ms=26183.1 generated=64 generation_tps=2.444
AGENT index=6 mig=31ffbfe4 exit=0 wall_ms=44130 text=09d2d2d55a3760c6 role=child prefix_tokens=16321 suffix_tokens=16 model_ms=1293.3 context_ms=49.0 state_ms=7.23 prefix_ms=0.0 suffix_ms=769.2 first_token_ms=2432.5 generation_ms=41319.6 generated=64 generation_tps=1.549
AGENT index=7 mig=fafc828a exit=0 wall_ms=28882 text=09d2d2d55a3760c6 role=child prefix_tokens=16321 suffix_tokens=16 model_ms=1320.6 context_ms=77.8 state_ms=7.48 prefix_ms=0.0 suffix_ms=591.4 first_token_ms=2292.5 generation_ms=26219.9 generated=64 generation_tps=2.441
MEMORY mem_available_drop_mib=6275 prefix_pss_mib=3060 prefix_rss_mib=24480
END_CASE failed_agents=0
CASE mode=restore agents=8
AGENT index=0 mig=31ffbfe4 exit=0 wall_ms=44105 text=8111400f8604b694 role=child prefix_tokens=16321 suffix_tokens=16 model_ms=1212.2 context_ms=710.9 state_ms=1298.93 prefix_ms=0.0 suffix_ms=910.6 first_token_ms=4403.7 generation_ms=38898.0 generated=64 generation_tps=1.645
AGENT index=1 mig=fafc828a exit=0 wall_ms=30321 text=2cf2d58a2cc5eae6 role=child prefix_tokens=16321 suffix_tokens=16 model_ms=1229.4 context_ms=664.5 state_ms=1289.67 prefix_ms=0.0 suffix_ms=615.0 first_token_ms=4106.9 generation_ms=25421.3 generated=64 generation_tps=2.518
AGENT index=2 mig=31ffbfe4 exit=0 wall_ms=44076 text=73eff23cb5d4ae30 role=child prefix_tokens=16321 suffix_tokens=16 model_ms=1227.9 context_ms=805.7 state_ms=1130.69 prefix_ms=0.0 suffix_ms=878.2 first_token_ms=4364.8 generation_ms=38915.7 generated=64 generation_tps=1.645
AGENT index=3 mig=fafc828a exit=0 wall_ms=30267 text=2e52c95cbbc0ebcb role=child prefix_tokens=16321 suffix_tokens=16 model_ms=1231.3 context_ms=642.6 state_ms=1295.82 prefix_ms=0.0 suffix_ms=615.8 first_token_ms=4105.6 generation_ms=25405.3 generated=64 generation_tps=2.519
AGENT index=4 mig=31ffbfe4 exit=0 wall_ms=44123 text=2e52c95cbbc0ebcb role=child prefix_tokens=16321 suffix_tokens=16 model_ms=1241.3 context_ms=713.6 state_ms=1222.70 prefix_ms=0.0 suffix_ms=900.2 first_token_ms=4388.1 generation_ms=38921.5 generated=64 generation_tps=1.644
AGENT index=5 mig=fafc828a exit=0 wall_ms=30214 text=37026e4c99b5e73b role=child prefix_tokens=16321 suffix_tokens=16 model_ms=1179.2 context_ms=704.4 state_ms=1296.90 prefix_ms=0.0 suffix_ms=601.2 first_token_ms=4086.6 generation_ms=25423.4 generated=64 generation_tps=2.517
AGENT index=6 mig=31ffbfe4 exit=0 wall_ms=44339 text=09d2d2d55a3760c6 role=child prefix_tokens=16321 suffix_tokens=16 model_ms=1238.3 context_ms=638.1 state_ms=1294.86 prefix_ms=0.0 suffix_ms=914.5 first_token_ms=4397.6 generation_ms=38914.1 generated=64 generation_tps=1.645
AGENT index=7 mig=fafc828a exit=0 wall_ms=27989 text=09d2d2d55a3760c6 role=child prefix_tokens=16321 suffix_tokens=16 model_ms=1151.7 context_ms=670.0 state_ms=645.59 prefix_ms=0.0 suffix_ms=206.6 first_token_ms=2993.6 generation_ms=24477.0 generated=64 generation_tps=2.615
MEMORY mem_available_drop_mib=55892 prefix_pss_mib=0 prefix_rss_mib=0
END_CASE failed_agents=0
END_KVSHARE
BEGIN_KVSHARE run=5 paragraphs=320 context=32768 publisher_mig=fafc828a
PUBLISH store=device prefix_tokens=16321 prefix_ms=45211.6 publish_ms=1663.89 state_bytes=3209101493
PUBLISH store=huge prefix_tokens=16321 prefix_ms=45708.7 publish_ms=17.71 state_bytes=262325 file_used_kib=3145728
CASE mode=restore agents=8
AGENT index=0 mig=fafc828a exit=0 wall_ms=30414 text=1378c55a272d2aa6 role=child prefix_tokens=16321 suffix_tokens=16 model_ms=1322.1 context_ms=686.8 state_ms=1272.24 prefix_ms=0.0 suffix_ms=608.8 first_token_ms=4187.3 generation_ms=25488.6 generated=64 generation_tps=2.511
AGENT index=1 mig=31ffbfe4 exit=0 wall_ms=44093 text=2cf2d58a2cc5eae6 role=child prefix_tokens=16321 suffix_tokens=16 model_ms=1316.7 context_ms=676.5 state_ms=1281.88 prefix_ms=0.0 suffix_ms=874.6 first_token_ms=4452.4 generation_ms=38925.4 generated=64 generation_tps=1.644
AGENT index=2 mig=fafc828a exit=0 wall_ms=30462 text=49d4b86a498f4543 role=child prefix_tokens=16321 suffix_tokens=16 model_ms=1309.5 context_ms=717.8 state_ms=1240.60 prefix_ms=0.0 suffix_ms=623.6 first_token_ms=4197.4 generation_ms=25499.0 generated=64 generation_tps=2.510
AGENT index=3 mig=31ffbfe4 exit=0 wall_ms=44215 text=e3f3a81dc9f7441e role=child prefix_tokens=16321 suffix_tokens=16 model_ms=1316.4 context_ms=853.6 state_ms=1102.08 prefix_ms=0.0 suffix_ms=907.4 first_token_ms=4478.3 generation_ms=38935.6 generated=64 generation_tps=1.644
AGENT index=4 mig=fafc828a exit=0 wall_ms=28450 text=c4890ff70b1dd99d role=child prefix_tokens=16321 suffix_tokens=16 model_ms=1304.0 context_ms=677.4 state_ms=681.85 prefix_ms=0.0 suffix_ms=205.6 first_token_ms=3176.5 generation_ms=24767.5 generated=64 generation_tps=2.584
AGENT index=5 mig=31ffbfe4 exit=0 wall_ms=44186 text=d740d93f57155aeb role=child prefix_tokens=16321 suffix_tokens=16 model_ms=1295.2 context_ms=868.2 state_ms=1089.41 prefix_ms=0.0 suffix_ms=884.0 first_token_ms=4450.4 generation_ms=38958.2 generated=64 generation_tps=1.643
AGENT index=6 mig=fafc828a exit=0 wall_ms=30405 text=c4890ff70b1dd99d role=child prefix_tokens=16321 suffix_tokens=16 model_ms=1301.7 context_ms=700.3 state_ms=1258.82 prefix_ms=0.0 suffix_ms=625.0 first_token_ms=4194.7 generation_ms=25477.6 generated=64 generation_tps=2.512
AGENT index=7 mig=31ffbfe4 exit=0 wall_ms=44401 text=11cb5a743c3a7474 role=child prefix_tokens=16321 suffix_tokens=16 model_ms=1297.3 context_ms=686.5 state_ms=1272.71 prefix_ms=0.0 suffix_ms=907.7 first_token_ms=4472.7 generation_ms=38926.8 generated=64 generation_tps=1.644
MEMORY mem_available_drop_mib=55854 prefix_pss_mib=0 prefix_rss_mib=0
END_CASE failed_agents=0
CASE mode=extent_lazy agents=8
AGENT index=0 mig=fafc828a exit=0 wall_ms=28750 text=1378c55a272d2aa6 role=child prefix_tokens=16321 suffix_tokens=16 model_ms=1187.4 context_ms=61.3 state_ms=7.43 prefix_ms=0.0 suffix_ms=632.8 first_token_ms=2198.4 generation_ms=26141.2 generated=64 generation_tps=2.448
AGENT index=1 mig=31ffbfe4 exit=0 wall_ms=43207 text=2cf2d58a2cc5eae6 role=child prefix_tokens=16321 suffix_tokens=16 model_ms=1029.4 context_ms=40.7 state_ms=7.16 prefix_ms=0.0 suffix_ms=220.3 first_token_ms=1540.6 generation_ms=41266.1 generated=64 generation_tps=1.551
AGENT index=2 mig=fafc828a exit=0 wall_ms=28749 text=49d4b86a498f4543 role=child prefix_tokens=16321 suffix_tokens=16 model_ms=1188.8 context_ms=66.0 state_ms=7.52 prefix_ms=0.0 suffix_ms=616.4 first_token_ms=2185.4 generation_ms=26112.6 generated=64 generation_tps=2.451
AGENT index=3 mig=31ffbfe4 exit=0 wall_ms=44226 text=e3f3a81dc9f7441e role=child prefix_tokens=16321 suffix_tokens=16 model_ms=1218.5 context_ms=66.0 state_ms=7.48 prefix_ms=0.0 suffix_ms=966.7 first_token_ms=2534.5 generation_ms=41128.4 generated=64 generation_tps=1.556
AGENT index=4 mig=fafc828a exit=0 wall_ms=28955 text=c4890ff70b1dd99d role=child prefix_tokens=16321 suffix_tokens=16 model_ms=1167.2 context_ms=86.3 state_ms=7.44 prefix_ms=0.0 suffix_ms=628.4 first_token_ms=2205.2 generation_ms=26131.2 generated=64 generation_tps=2.449
AGENT index=5 mig=31ffbfe4 exit=0 wall_ms=43981 text=d740d93f57155aeb role=child prefix_tokens=16321 suffix_tokens=16 model_ms=1136.8 context_ms=43.6 state_ms=7.42 prefix_ms=0.0 suffix_ms=928.5 first_token_ms=2429.9 generation_ms=41157.5 generated=64 generation_tps=1.555
AGENT index=6 mig=fafc828a exit=0 wall_ms=28350 text=c4890ff70b1dd99d role=child prefix_tokens=16321 suffix_tokens=16 model_ms=1120.0 context_ms=41.7 state_ms=7.30 prefix_ms=0.0 suffix_ms=348.3 first_token_ms=1823.3 generation_ms=26090.1 generated=64 generation_tps=2.453
AGENT index=7 mig=31ffbfe4 exit=0 wall_ms=44003 text=11cb5a743c3a7474 role=child prefix_tokens=16321 suffix_tokens=16 model_ms=1173.1 context_ms=64.5 state_ms=7.59 prefix_ms=0.0 suffix_ms=952.6 first_token_ms=2515.6 generation_ms=41127.1 generated=64 generation_tps=1.556
MEMORY mem_available_drop_mib=6239 prefix_pss_mib=4226 prefix_rss_mib=24480
END_CASE failed_agents=0
END_KVSHARE
BEGIN_KVSHARE run=6 paragraphs=320 context=32768 publisher_mig=31ffbfe4
PUBLISH store=device prefix_tokens=16321 prefix_ms=66625.3 publish_ms=1674.80 state_bytes=3209101493
PUBLISH store=huge prefix_tokens=16321 prefix_ms=68031.7 publish_ms=15.81 state_bytes=262325 file_used_kib=3145728
CASE mode=extent_lazy agents=8
AGENT index=0 mig=31ffbfe4 exit=0 wall_ms=44624 text=8111400f8604b694 role=child prefix_tokens=16321 suffix_tokens=16 model_ms=1312.7 context_ms=81.6 state_ms=7.24 prefix_ms=0.0 suffix_ms=909.9 first_token_ms=2630.0 generation_ms=41447.3 generated=64 generation_tps=1.544
AGENT index=1 mig=fafc828a exit=0 wall_ms=28829 text=2cf2d58a2cc5eae6 role=child prefix_tokens=16321 suffix_tokens=16 model_ms=1322.2 context_ms=52.8 state_ms=7.33 prefix_ms=0.0 suffix_ms=556.0 first_token_ms=2244.8 generation_ms=26108.8 generated=64 generation_tps=2.451
AGENT index=2 mig=31ffbfe4 exit=0 wall_ms=44309 text=73eff23cb5d4ae30 role=child prefix_tokens=16321 suffix_tokens=16 model_ms=1319.0 context_ms=70.4 state_ms=7.56 prefix_ms=0.0 suffix_ms=856.6 first_token_ms=2563.1 generation_ms=41343.6 generated=64 generation_tps=1.548
AGENT index=3 mig=fafc828a exit=0 wall_ms=28976 text=2e52c95cbbc0ebcb role=child prefix_tokens=16321 suffix_tokens=16 model_ms=1313.9 context_ms=65.3 state_ms=7.42 prefix_ms=0.0 suffix_ms=640.7 first_token_ms=2341.5 generation_ms=26177.4 generated=64 generation_tps=2.445
AGENT index=4 mig=31ffbfe4 exit=0 wall_ms=44382 text=2e52c95cbbc0ebcb role=child prefix_tokens=16321 suffix_tokens=16 model_ms=1307.8 context_ms=75.2 state_ms=7.29 prefix_ms=0.0 suffix_ms=888.7 first_token_ms=2602.3 generation_ms=41424.6 generated=64 generation_tps=1.545
AGENT index=5 mig=fafc828a exit=0 wall_ms=28871 text=37026e4c99b5e73b role=child prefix_tokens=16321 suffix_tokens=16 model_ms=1300.1 context_ms=75.1 state_ms=7.45 prefix_ms=0.0 suffix_ms=593.0 first_token_ms=2296.6 generation_ms=26197.4 generated=64 generation_tps=2.443
AGENT index=6 mig=31ffbfe4 exit=0 wall_ms=44468 text=09d2d2d55a3760c6 role=child prefix_tokens=16321 suffix_tokens=16 model_ms=1319.6 context_ms=77.3 state_ms=7.31 prefix_ms=0.0 suffix_ms=908.9 first_token_ms=2613.3 generation_ms=41449.0 generated=64 generation_tps=1.544
AGENT index=7 mig=fafc828a exit=0 wall_ms=28918 text=09d2d2d55a3760c6 role=child prefix_tokens=16321 suffix_tokens=16 model_ms=1305.5 context_ms=81.1 state_ms=7.26 prefix_ms=0.0 suffix_ms=597.1 first_token_ms=2307.0 generation_ms=26196.5 generated=64 generation_tps=2.443
MEMORY mem_available_drop_mib=6264 prefix_pss_mib=3060 prefix_rss_mib=24480
END_CASE failed_agents=0
CASE mode=restore agents=8
AGENT index=0 mig=31ffbfe4 exit=0 wall_ms=44055 text=8111400f8604b694 role=child prefix_tokens=16321 suffix_tokens=16 model_ms=1240.3 context_ms=757.8 state_ms=1190.80 prefix_ms=0.0 suffix_ms=906.2 first_token_ms=4355.5 generation_ms=38916.3 generated=64 generation_tps=1.645
AGENT index=1 mig=fafc828a exit=0 wall_ms=30375 text=2cf2d58a2cc5eae6 role=child prefix_tokens=16321 suffix_tokens=16 model_ms=1184.6 context_ms=686.1 state_ms=1265.57 prefix_ms=0.0 suffix_ms=622.8 first_token_ms=4069.7 generation_ms=25541.6 generated=64 generation_tps=2.506
AGENT index=2 mig=31ffbfe4 exit=0 wall_ms=44171 text=73eff23cb5d4ae30 role=child prefix_tokens=16321 suffix_tokens=16 model_ms=1211.4 context_ms=688.6 state_ms=1265.83 prefix_ms=0.0 suffix_ms=912.8 first_token_ms=4361.3 generation_ms=38958.0 generated=64 generation_tps=1.643
AGENT index=3 mig=fafc828a exit=0 wall_ms=30271 text=2e52c95cbbc0ebcb role=child prefix_tokens=16321 suffix_tokens=16 model_ms=1189.8 context_ms=738.7 state_ms=1208.47 prefix_ms=0.0 suffix_ms=607.9 first_token_ms=4052.2 generation_ms=25533.2 generated=64 generation_tps=2.507
AGENT index=4 mig=31ffbfe4 exit=0 wall_ms=44096 text=2e52c95cbbc0ebcb role=child prefix_tokens=16321 suffix_tokens=16 model_ms=1178.8 context_ms=937.8 state_ms=1009.85 prefix_ms=0.0 suffix_ms=885.7 first_token_ms=4325.9 generation_ms=38984.6 generated=64 generation_tps=1.642
AGENT index=5 mig=fafc828a exit=0 wall_ms=28446 text=37026e4c99b5e73b role=child prefix_tokens=16321 suffix_tokens=16 model_ms=1177.0 context_ms=688.7 state_ms=707.13 prefix_ms=0.0 suffix_ms=205.2 first_token_ms=3082.2 generation_ms=24820.6 generated=64 generation_tps=2.579
AGENT index=6 mig=31ffbfe4 exit=0 wall_ms=44309 text=09d2d2d55a3760c6 role=child prefix_tokens=16321 suffix_tokens=16 model_ms=1226.0 context_ms=897.5 state_ms=999.27 prefix_ms=0.0 suffix_ms=914.6 first_token_ms=4348.5 generation_ms=38947.0 generated=64 generation_tps=1.643
AGENT index=7 mig=fafc828a exit=0 wall_ms=30389 text=09d2d2d55a3760c6 role=child prefix_tokens=16321 suffix_tokens=16 model_ms=1285.3 context_ms=642.5 state_ms=1213.02 prefix_ms=0.0 suffix_ms=614.2 first_token_ms=4049.6 generation_ms=25531.7 generated=64 generation_tps=2.507
MEMORY mem_available_drop_mib=55839 prefix_pss_mib=0 prefix_rss_mib=0
END_CASE failed_agents=0
END_KVSHARE
