BEGIN_KVPIPE run=1 context=16384
CASE mode=stock groups=2 workers=4 turns=3
PLANNER exit=0 text=2986789f8c4a0a5d tokens=11788 publish_ms=470.22 state_bytes=676160389 generation_tps=7.486
LEADER group=0 mig=fafc828a exit=0 text=172e721640cc24d4 tokens=11887 context_ms=37.9 load_ms=115.66 publish_ms=475.08 state_bytes=681839029 generation_tps=11.564
LEADER group=1 mig=31ffbfe4 exit=0 text=ccaa7b1578fc9b8c tokens=11887 context_ms=37.7 load_ms=163.77 publish_ms=427.26 state_bytes=681839029 generation_tps=10.375
WORKER index=0 group=0 mig=fafc828a exit=0 text=34c5ba01e77f923b tokens=12166 context_ms=71.7 load_ms=252.45 decode_ms=990.0 first_token_ms=6350.5 generated=192 generation_tps=5.276 total_ms=43368.8
WORKER index=1 group=0 mig=31ffbfe4 exit=0 text=72fc7f37969fe021 tokens=12161 context_ms=83.8 load_ms=338.09 decode_ms=1516.6 first_token_ms=5249.5 generated=192 generation_tps=3.684 total_ms=58375.9
WORKER index=2 group=0 mig=fafc828a exit=0 text=d81abdc974c1a615 tokens=12167 context_ms=85.3 load_ms=360.70 decode_ms=1209.7 first_token_ms=7082.3 generated=192 generation_tps=5.309 total_ms=43908.7
WORKER index=3 group=0 mig=31ffbfe4 exit=0 text=7be0e5aff5023925 tokens=12167 context_ms=80.8 load_ms=186.08 decode_ms=1457.6 first_token_ms=5019.1 generated=192 generation_tps=3.679 total_ms=58196.6
WORKER index=4 group=1 mig=31ffbfe4 exit=0 text=617b5b8088789bce tokens=12161 context_ms=112.9 load_ms=385.27 decode_ms=1716.4 first_token_ms=5794.2 generated=192 generation_tps=3.713 total_ms=58496.6
WORKER index=5 group=1 mig=fafc828a exit=0 text=736817ea889e0085 tokens=12172 context_ms=91.0 load_ms=350.80 decode_ms=1262.1 first_token_ms=7118.5 generated=192 generation_tps=5.313 total_ms=43913.0
WORKER index=6 group=1 mig=31ffbfe4 exit=0 text=fede20b0ce61df9a tokens=12167 context_ms=99.6 load_ms=357.29 decode_ms=1723.3 first_token_ms=5748.8 generated=192 generation_tps=3.712 total_ms=58461.7
WORKER index=7 group=1 mig=fafc828a exit=0 text=06acc271f26cb952 tokens=12175 context_ms=78.9 load_ms=410.19 decode_ms=1270.3 first_token_ms=7444.9 generated=192 generation_tps=5.351 total_ms=43944.1
MEMORY pipeline_drop_mib=67384 files_mib=0
ENERGY phase=prefix seconds=15.22 vin_joules=797.8 gpu_joules=410.9
ENERGY phase=leaders seconds=6.07 vin_joules=384.1 gpu_joules=152.1
ENERGY phase=workers seconds=59.16 vin_joules=4562.1 gpu_joules=1924.2
END_CASE failed=0 timed_out=0 wall_ms=80462 power_samples=403
CASE mode=copy groups=2 workers=4 turns=3
PLANNER exit=0 text=2986789f8c4a0a5d tokens=11788 publish_ms=427.52 state_bytes=676160389 generation_tps=4.390
LEADER group=0 mig=fafc828a exit=0 text=172e721640cc24d4 tokens=11887 context_ms=36.1 load_ms=117.30 publish_ms=470.03 state_bytes=681839029 generation_tps=7.461
LEADER group=1 mig=31ffbfe4 exit=0 text=ccaa7b1578fc9b8c tokens=11887 context_ms=38.7 load_ms=178.15 publish_ms=471.41 state_bytes=681839029 generation_tps=6.197
WORKER index=0 group=0 mig=fafc828a exit=0 text=34c5ba01e77f923b tokens=12166 context_ms=49.7 load_ms=257.45 decode_ms=1084.2 first_token_ms=1843.3 generated=192 generation_tps=5.015 total_ms=40803.4
WORKER index=1 group=0 mig=31ffbfe4 exit=0 text=72fc7f37969fe021 tokens=12161 context_ms=49.9 load_ms=334.97 decode_ms=1655.2 first_token_ms=2293.4 generated=192 generation_tps=3.543 total_ms=57478.9
WORKER index=2 group=0 mig=fafc828a exit=0 text=d81abdc974c1a615 tokens=12167 context_ms=56.6 load_ms=337.88 decode_ms=1104.3 first_token_ms=2201.3 generated=192 generation_tps=5.020 total_ms=41038.0
WORKER index=3 group=0 mig=31ffbfe4 exit=0 text=7be0e5aff5023925 tokens=12167 context_ms=75.6 load_ms=216.60 decode_ms=1633.8 first_token_ms=2256.8 generated=192 generation_tps=3.541 total_ms=57478.5
WORKER index=4 group=1 mig=31ffbfe4 exit=0 text=617b5b8088789bce tokens=12161 context_ms=58.6 load_ms=214.77 decode_ms=1654.8 first_token_ms=2257.3 generated=192 generation_tps=3.542 total_ms=57468.2
WORKER index=5 group=1 mig=fafc828a exit=0 text=736817ea889e0085 tokens=12172 context_ms=54.0 load_ms=351.91 decode_ms=1273.9 first_token_ms=2433.8 generated=192 generation_tps=5.048 total_ms=41115.8
WORKER index=6 group=1 mig=31ffbfe4 exit=0 text=fede20b0ce61df9a tokens=12167 context_ms=73.8 load_ms=410.44 decode_ms=1705.8 first_token_ms=2541.7 generated=192 generation_tps=3.556 total_ms=57524.3
WORKER index=7 group=1 mig=fafc828a exit=0 text=06acc271f26cb952 tokens=12175 context_ms=70.8 load_ms=361.65 decode_ms=1294.0 first_token_ms=2427.2 generated=192 generation_tps=5.049 total_ms=41115.3
MEMORY pipeline_drop_mib=17672 files_mib=0
ENERGY phase=prefix seconds=14.54 vin_joules=805.6 gpu_joules=417.0
ENERGY phase=leaders seconds=5.46 vin_joules=371.4 gpu_joules=152.8
ENERGY phase=workers seconds=58.07 vin_joules=4541.8 gpu_joules=1968.7
END_CASE failed=0 timed_out=0 wall_ms=78071 power_samples=391
CASE mode=chain groups=2 workers=4 turns=3
PLANNER exit=0 text=2986789f8c4a0a5d tokens=11788 publish_ms=7.01 state_bytes=189317 generation_tps=4.232
LEADER group=0 mig=fafc828a exit=0 text=172e721640cc24d4 tokens=11887 context_ms=26.8 load_ms=5.09 publish_ms=3.43 state_bytes=190901 generation_tps=7.240
LEADER group=1 mig=31ffbfe4 exit=0 text=ccaa7b1578fc9b8c tokens=11887 context_ms=27.4 load_ms=5.32 publish_ms=4.85 state_bytes=190901 generation_tps=5.972
WORKER index=0 group=0 mig=fafc828a exit=0 text=34c5ba01e77f923b tokens=12166 context_ms=34.4 load_ms=5.11 decode_ms=976.6 first_token_ms=1354.5 generated=192 generation_tps=4.975 total_ms=40561.1
WORKER index=1 group=0 mig=31ffbfe4 exit=0 text=72fc7f37969fe021 tokens=12161 context_ms=28.0 load_ms=5.34 decode_ms=1437.8 first_token_ms=1767.2 generated=192 generation_tps=3.454 total_ms=58308.1
WORKER index=2 group=0 mig=fafc828a exit=0 text=d81abdc974c1a615 tokens=12167 context_ms=33.2 load_ms=5.15 decode_ms=1229.5 first_token_ms=2019.7 generated=192 generation_tps=5.010 total_ms=40995.4
WORKER index=3 group=0 mig=31ffbfe4 exit=0 text=7be0e5aff5023925 tokens=12167 context_ms=31.9 load_ms=5.60 decode_ms=1671.1 first_token_ms=2090.6 generated=192 generation_tps=3.469 total_ms=58419.8
WORKER index=4 group=1 mig=31ffbfe4 exit=0 text=617b5b8088789bce tokens=12161 context_ms=27.3 load_ms=5.36 decode_ms=1633.5 first_token_ms=1999.3 generated=192 generation_tps=3.466 total_ms=58377.3
WORKER index=5 group=1 mig=fafc828a exit=0 text=736817ea889e0085 tokens=12172 context_ms=27.9 load_ms=5.22 decode_ms=1281.3 first_token_ms=1997.8 generated=192 generation_tps=5.008 total_ms=41001.4
WORKER index=6 group=1 mig=31ffbfe4 exit=0 text=fede20b0ce61df9a tokens=12167 context_ms=31.8 load_ms=5.64 decode_ms=1642.7 first_token_ms=2087.7 generated=192 generation_tps=3.466 total_ms=58444.1
WORKER index=7 group=1 mig=fafc828a exit=0 text=06acc271f26cb952 tokens=12175 context_ms=29.3 load_ms=5.30 decode_ms=1290.9 first_token_ms=2044.0 generated=192 generation_tps=5.014 total_ms=41000.0
MEMORY pipeline_drop_mib=8549 files_mib=896
ENERGY phase=prefix seconds=14.10 vin_joules=853.1 gpu_joules=417.5
ENERGY phase=leaders seconds=4.94 vin_joules=357.8 gpu_joules=151.7
ENERGY phase=workers seconds=59.00 vin_joules=4593.0 gpu_joules=2000.5
END_CASE failed=0 timed_out=0 wall_ms=78039 power_samples=391
END_KVPIPE
BEGIN_KVPIPE run=2 context=16384
CASE mode=chain groups=2 workers=4 turns=3
PLANNER exit=0 text=2986789f8c4a0a5d tokens=11788 publish_ms=6.92 state_bytes=189317 generation_tps=4.202
LEADER group=0 mig=fafc828a exit=0 text=172e721640cc24d4 tokens=11887 context_ms=26.7 load_ms=5.10 publish_ms=4.96 state_bytes=190901 generation_tps=7.205
LEADER group=1 mig=31ffbfe4 exit=0 text=ccaa7b1578fc9b8c tokens=11887 context_ms=25.7 load_ms=4.92 publish_ms=5.06 state_bytes=190901 generation_tps=6.034
WORKER index=0 group=0 mig=fafc828a exit=0 text=34c5ba01e77f923b tokens=12166 context_ms=28.8 load_ms=5.31 decode_ms=908.0 first_token_ms=1371.7 generated=192 generation_tps=4.956 total_ms=40716.9
WORKER index=1 group=0 mig=31ffbfe4 exit=0 text=72fc7f37969fe021 tokens=12161 context_ms=31.0 load_ms=5.36 decode_ms=1670.2 first_token_ms=2105.7 generated=192 generation_tps=3.468 total_ms=58461.0
WORKER index=2 group=0 mig=fafc828a exit=0 text=d81abdc974c1a615 tokens=12167 context_ms=28.3 load_ms=5.19 decode_ms=1103.9 first_token_ms=1768.6 generated=192 generation_tps=4.977 total_ms=40964.8
WORKER index=3 group=0 mig=31ffbfe4 exit=0 text=7be0e5aff5023925 tokens=12167 context_ms=30.0 load_ms=5.15 decode_ms=1654.1 first_token_ms=2063.9 generated=192 generation_tps=3.469 total_ms=58400.3
WORKER index=4 group=1 mig=31ffbfe4 exit=0 text=617b5b8088789bce tokens=12161 context_ms=27.9 load_ms=5.37 decode_ms=1530.4 first_token_ms=1889.8 generated=192 generation_tps=3.461 total_ms=58328.2
WORKER index=5 group=1 mig=fafc828a exit=0 text=736817ea889e0085 tokens=12172 context_ms=28.7 load_ms=5.28 decode_ms=1280.9 first_token_ms=2066.8 generated=192 generation_tps=5.005 total_ms=41051.9
WORKER index=6 group=1 mig=31ffbfe4 exit=0 text=fede20b0ce61df9a tokens=12167 context_ms=30.7 load_ms=5.31 decode_ms=1660.2 first_token_ms=2074.8 generated=192 generation_tps=3.466 total_ms=58454.5
WORKER index=7 group=1 mig=fafc828a exit=0 text=06acc271f26cb952 tokens=12175 context_ms=27.8 load_ms=5.40 decode_ms=1322.3 first_token_ms=1973.7 generated=192 generation_tps=5.003 total_ms=41024.9
MEMORY pipeline_drop_mib=8553 files_mib=896
ENERGY phase=prefix seconds=14.11 vin_joules=836.3 gpu_joules=418.5
ENERGY phase=leaders seconds=4.86 vin_joules=348.1 gpu_joules=153.3
ENERGY phase=workers seconds=58.94 vin_joules=4609.6 gpu_joules=2006.4
END_CASE failed=0 timed_out=0 wall_ms=77907 power_samples=390
CASE mode=copy groups=2 workers=4 turns=3
PLANNER exit=0 text=2986789f8c4a0a5d tokens=11788 publish_ms=409.17 state_bytes=676160389 generation_tps=4.390
LEADER group=0 mig=fafc828a exit=0 text=172e721640cc24d4 tokens=11887 context_ms=44.4 load_ms=118.96 publish_ms=427.22 state_bytes=681839029 generation_tps=7.494
LEADER group=1 mig=31ffbfe4 exit=0 text=ccaa7b1578fc9b8c tokens=11887 context_ms=50.0 load_ms=166.83 publish_ms=453.25 state_bytes=681839029 generation_tps=6.267
WORKER index=0 group=0 mig=fafc828a exit=0 text=34c5ba01e77f923b tokens=12166 context_ms=105.4 load_ms=249.53 decode_ms=1005.0 first_token_ms=1627.3 generated=192 generation_tps=5.017 total_ms=40530.9
WORKER index=1 group=0 mig=31ffbfe4 exit=0 text=72fc7f37969fe021 tokens=12161 context_ms=48.7 load_ms=309.56 decode_ms=1532.6 first_token_ms=2159.6 generated=192 generation_tps=3.546 total_ms=57332.6
WORKER index=2 group=0 mig=fafc828a exit=0 text=d81abdc974c1a615 tokens=12167 context_ms=80.1 load_ms=346.70 decode_ms=1236.1 first_token_ms=2485.0 generated=192 generation_tps=5.057 total_ms=41097.4
WORKER index=3 group=0 mig=31ffbfe4 exit=0 text=7be0e5aff5023925 tokens=12167 context_ms=80.0 load_ms=212.11 decode_ms=1645.8 first_token_ms=2355.6 generated=192 generation_tps=3.548 total_ms=57461.6
WORKER index=4 group=1 mig=31ffbfe4 exit=0 text=617b5b8088789bce tokens=12161 context_ms=89.4 load_ms=220.31 decode_ms=1644.5 first_token_ms=2378.5 generated=192 generation_tps=3.549 total_ms=57475.8
WORKER index=5 group=1 mig=fafc828a exit=0 text=736817ea889e0085 tokens=12172 context_ms=70.3 load_ms=371.14 decode_ms=1273.9 first_token_ms=2506.5 generated=192 generation_tps=5.056 total_ms=41131.5
WORKER index=6 group=1 mig=31ffbfe4 exit=0 text=fede20b0ce61df9a tokens=12167 context_ms=72.0 load_ms=396.39 decode_ms=1689.5 first_token_ms=2625.5 generated=192 generation_tps=3.560 total_ms=57516.7
WORKER index=7 group=1 mig=fafc828a exit=0 text=06acc271f26cb952 tokens=12175 context_ms=90.5 load_ms=383.11 decode_ms=1290.5 first_token_ms=2504.7 generated=192 generation_tps=5.058 total_ms=41121.2
MEMORY pipeline_drop_mib=17646 files_mib=0
ENERGY phase=prefix seconds=14.48 vin_joules=838.7 gpu_joules=423.5
ENERGY phase=leaders seconds=5.39 vin_joules=375.9 gpu_joules=152.2
ENERGY phase=workers seconds=57.97 vin_joules=4618.7 gpu_joules=1988.5
END_CASE failed=0 timed_out=0 wall_ms=77838 power_samples=390
CASE mode=stock groups=2 workers=4 turns=3
PLANNER exit=0 text=2986789f8c4a0a5d tokens=11788 publish_ms=413.15 state_bytes=676160389 generation_tps=8.094
LEADER group=0 mig=fafc828a exit=0 text=172e721640cc24d4 tokens=11887 context_ms=35.8 load_ms=159.02 publish_ms=493.48 state_bytes=681839029 generation_tps=12.214
LEADER group=1 mig=31ffbfe4 exit=0 text=ccaa7b1578fc9b8c tokens=11887 context_ms=38.0 load_ms=113.61 publish_ms=443.98 state_bytes=681839029 generation_tps=9.831
WORKER index=0 group=0 mig=fafc828a exit=0 text=34c5ba01e77f923b tokens=12166 context_ms=52.4 load_ms=287.76 decode_ms=1111.4 first_token_ms=6978.8 generated=192 generation_tps=5.349 total_ms=43498.0
WORKER index=1 group=0 mig=31ffbfe4 exit=0 text=72fc7f37969fe021 tokens=12161 context_ms=45.1 load_ms=189.01 decode_ms=1320.4 first_token_ms=4530.4 generated=192 generation_tps=3.697 total_ms=57438.4
WORKER index=2 group=0 mig=fafc828a exit=0 text=d81abdc974c1a615 tokens=12167 context_ms=55.3 load_ms=313.63 decode_ms=1265.6 first_token_ms=7348.6 generated=192 generation_tps=5.378 total_ms=43712.8
WORKER index=3 group=0 mig=31ffbfe4 exit=0 text=7be0e5aff5023925 tokens=12167 context_ms=61.7 load_ms=396.29 decode_ms=1713.3 first_token_ms=5984.8 generated=192 generation_tps=3.737 total_ms=58348.3
WORKER index=4 group=1 mig=31ffbfe4 exit=0 text=617b5b8088789bce tokens=12161 context_ms=59.9 load_ms=380.99 decode_ms=1654.8 first_token_ms=5863.0 generated=192 generation_tps=3.727 total_ms=58356.8
WORKER index=5 group=1 mig=fafc828a exit=0 text=736817ea889e0085 tokens=12172 context_ms=55.2 load_ms=290.18 decode_ms=1305.8 first_token_ms=7236.3 generated=192 generation_tps=5.370 total_ms=43660.5
WORKER index=6 group=1 mig=31ffbfe4 exit=0 text=fede20b0ce61df9a tokens=12167 context_ms=51.5 load_ms=272.28 decode_ms=1545.6 first_token_ms=5307.2 generated=192 generation_tps=3.703 total_ms=58151.9
WORKER index=7 group=1 mig=fafc828a exit=0 text=06acc271f26cb952 tokens=12175 context_ms=52.4 load_ms=282.23 decode_ms=1301.1 first_token_ms=7161.6 generated=192 generation_tps=5.367 total_ms=43624.1
MEMORY pipeline_drop_mib=67393 files_mib=0
ENERGY phase=prefix seconds=15.17 vin_joules=832.8 gpu_joules=424.1
ENERGY phase=leaders seconds=6.00 vin_joules=403.4 gpu_joules=156.5
ENERGY phase=workers seconds=58.99 vin_joules=4644.3 gpu_joules=1957.2
END_CASE failed=0 timed_out=0 wall_ms=80159 power_samples=402
END_KVPIPE
BEGIN_KVPIPE run=3 context=16384
CASE mode=stock groups=2 workers=4 turns=3
PLANNER exit=0 text=2986789f8c4a0a5d tokens=11788 publish_ms=401.06 state_bytes=676160389 generation_tps=8.137
LEADER group=0 mig=fafc828a exit=0 text=172e721640cc24d4 tokens=11887 context_ms=37.2 load_ms=159.18 publish_ms=459.37 state_bytes=681839029 generation_tps=12.223
LEADER group=1 mig=31ffbfe4 exit=0 text=ccaa7b1578fc9b8c tokens=11887 context_ms=45.3 load_ms=113.65 publish_ms=397.92 state_bytes=681839029 generation_tps=10.163
WORKER index=0 group=0 mig=fafc828a exit=0 text=34c5ba01e77f923b tokens=12166 context_ms=58.7 load_ms=318.75 decode_ms=1247.8 first_token_ms=7340.3 generated=192 generation_tps=5.347 total_ms=43909.6
WORKER index=1 group=0 mig=31ffbfe4 exit=0 text=72fc7f37969fe021 tokens=12161 context_ms=50.1 load_ms=197.89 decode_ms=1381.8 first_token_ms=4934.3 generated=192 generation_tps=3.673 total_ms=58171.4
WORKER index=2 group=0 mig=fafc828a exit=0 text=d81abdc974c1a615 tokens=12167 context_ms=60.4 load_ms=323.34 decode_ms=1250.3 first_token_ms=7343.0 generated=192 generation_tps=5.329 total_ms=44031.8
WORKER index=3 group=0 mig=31ffbfe4 exit=0 text=7be0e5aff5023925 tokens=12167 context_ms=54.6 load_ms=448.70 decode_ms=1698.3 first_token_ms=5899.3 generated=192 generation_tps=3.709 total_ms=58621.4
WORKER index=4 group=1 mig=31ffbfe4 exit=0 text=617b5b8088789bce tokens=12161 context_ms=55.7 load_ms=331.35 decode_ms=1682.1 first_token_ms=5491.3 generated=192 generation_tps=3.694 total_ms=58488.8
WORKER index=5 group=1 mig=fafc828a exit=0 text=736817ea889e0085 tokens=12172 context_ms=50.4 load_ms=276.77 decode_ms=1015.0 first_token_ms=6865.0 generated=192 generation_tps=5.299 total_ms=43713.0
WORKER index=6 group=1 mig=31ffbfe4 exit=0 text=fede20b0ce61df9a tokens=12167 context_ms=57.4 load_ms=224.82 decode_ms=1609.6 first_token_ms=5203.7 generated=192 generation_tps=3.672 total_ms=58499.4
WORKER index=7 group=1 mig=fafc828a exit=0 text=06acc271f26cb952 tokens=12175 context_ms=55.9 load_ms=319.91 decode_ms=1294.3 first_token_ms=7305.3 generated=192 generation_tps=5.321 total_ms=44046.1
MEMORY pipeline_drop_mib=67406 files_mib=0
ENERGY phase=prefix seconds=15.15 vin_joules=836.1 gpu_joules=426.1
ENERGY phase=leaders seconds=5.88 vin_joules=391.7 gpu_joules=155.1
ENERGY phase=workers seconds=59.32 vin_joules=4718.4 gpu_joules=1968.4
END_CASE failed=0 timed_out=0 wall_ms=80355 power_samples=402
CASE mode=copy groups=2 workers=4 turns=3
PLANNER exit=0 text=2986789f8c4a0a5d tokens=11788 publish_ms=417.02 state_bytes=676160389 generation_tps=4.383
LEADER group=0 mig=fafc828a exit=0 text=172e721640cc24d4 tokens=11887 context_ms=45.5 load_ms=167.64 publish_ms=448.71 state_bytes=681839029 generation_tps=7.453
LEADER group=1 mig=31ffbfe4 exit=0 text=ccaa7b1578fc9b8c tokens=11887 context_ms=40.4 load_ms=119.34 publish_ms=414.23 state_bytes=681839029 generation_tps=6.308
WORKER index=0 group=0 mig=fafc828a exit=0 text=34c5ba01e77f923b tokens=12166 context_ms=68.0 load_ms=247.28 decode_ms=1096.0 first_token_ms=1716.0 generated=192 generation_tps=5.016 total_ms=40651.5
WORKER index=1 group=0 mig=31ffbfe4 exit=0 text=72fc7f37969fe021 tokens=12161 context_ms=57.2 load_ms=322.85 decode_ms=1659.8 first_token_ms=2391.1 generated=192 generation_tps=3.551 total_ms=57474.7
WORKER index=2 group=0 mig=fafc828a exit=0 text=d81abdc974c1a615 tokens=12167 context_ms=46.6 load_ms=383.71 decode_ms=1182.5 first_token_ms=2248.7 generated=192 generation_tps=5.036 total_ms=41045.0
WORKER index=3 group=0 mig=31ffbfe4 exit=0 text=7be0e5aff5023925 tokens=12167 context_ms=64.0 load_ms=280.70 decode_ms=1664.7 first_token_ms=2390.7 generated=192 generation_tps=3.549 total_ms=57495.5
WORKER index=4 group=1 mig=31ffbfe4 exit=0 text=617b5b8088789bce tokens=12161 context_ms=83.6 load_ms=240.48 decode_ms=1634.9 first_token_ms=2334.5 generated=192 generation_tps=3.548 total_ms=57462.0
WORKER index=5 group=1 mig=fafc828a exit=0 text=736817ea889e0085 tokens=12172 context_ms=93.0 load_ms=356.77 decode_ms=1293.0 first_token_ms=2495.5 generated=192 generation_tps=5.057 total_ms=41113.6
WORKER index=6 group=1 mig=31ffbfe4 exit=0 text=fede20b0ce61df9a tokens=12167 context_ms=66.9 load_ms=361.44 decode_ms=1700.9 first_token_ms=2530.2 generated=192 generation_tps=3.557 total_ms=57496.6
WORKER index=7 group=1 mig=fafc828a exit=0 text=06acc271f26cb952 tokens=12175 context_ms=86.4 load_ms=357.31 decode_ms=1284.9 first_token_ms=2462.0 generated=192 generation_tps=5.054 total_ms=41104.3
MEMORY pipeline_drop_mib=17666 files_mib=0
ENERGY phase=prefix seconds=14.48 vin_joules=841.1 gpu_joules=425.3
ENERGY phase=leaders seconds=5.28 vin_joules=373.0 gpu_joules=153.3
ENERGY phase=workers seconds=58.06 vin_joules=4645.5 gpu_joules=2006.4
END_CASE failed=0 timed_out=0 wall_ms=77821 power_samples=390
CASE mode=chain groups=2 workers=4 turns=3
PLANNER exit=0 text=2986789f8c4a0a5d tokens=11788 publish_ms=6.85 state_bytes=189317 generation_tps=4.238
LEADER group=0 mig=fafc828a exit=0 text=172e721640cc24d4 tokens=11887 context_ms=26.8 load_ms=5.00 publish_ms=4.62 state_bytes=190901 generation_tps=7.251
LEADER group=1 mig=31ffbfe4 exit=0 text=ccaa7b1578fc9b8c tokens=11887 context_ms=26.6 load_ms=5.10 publish_ms=4.09 state_bytes=190901 generation_tps=5.993
WORKER index=0 group=0 mig=fafc828a exit=0 text=34c5ba01e77f923b tokens=12166 context_ms=30.9 load_ms=5.53 decode_ms=979.0 first_token_ms=1456.2 generated=192 generation_tps=4.970 total_ms=40747.0
WORKER index=1 group=0 mig=31ffbfe4 exit=0 text=72fc7f37969fe021 tokens=12161 context_ms=31.4 load_ms=5.34 decode_ms=1598.6 first_token_ms=2008.7 generated=192 generation_tps=3.466 total_ms=58361.7
WORKER index=2 group=0 mig=fafc828a exit=0 text=d81abdc974c1a615 tokens=12167 context_ms=33.6 load_ms=5.37 decode_ms=1122.3 first_token_ms=1865.7 generated=192 generation_tps=4.988 total_ms=40983.2
WORKER index=3 group=0 mig=31ffbfe4 exit=0 text=7be0e5aff5023925 tokens=12167 context_ms=29.5 load_ms=5.20 decode_ms=1686.9 first_token_ms=2093.8 generated=192 generation_tps=3.469 total_ms=58422.2
WORKER index=4 group=1 mig=31ffbfe4 exit=0 text=617b5b8088789bce tokens=12161 context_ms=27.4 load_ms=5.17 decode_ms=1487.4 first_token_ms=1828.7 generated=192 generation_tps=3.457 total_ms=58327.3
WORKER index=5 group=1 mig=fafc828a exit=0 text=736817ea889e0085 tokens=12172 context_ms=30.1 load_ms=5.18 decode_ms=1294.9 first_token_ms=2060.0 generated=192 generation_tps=5.011 total_ms=41036.6
WORKER index=6 group=1 mig=31ffbfe4 exit=0 text=fede20b0ce61df9a tokens=12167 context_ms=29.0 load_ms=5.32 decode_ms=1676.2 first_token_ms=2092.5 generated=192 generation_tps=3.468 total_ms=58432.5
WORKER index=7 group=1 mig=fafc828a exit=0 text=06acc271f26cb952 tokens=12175 context_ms=31.4 load_ms=5.21 decode_ms=1334.8 first_token_ms=2078.3 generated=192 generation_tps=5.014 total_ms=41045.1
MEMORY pipeline_drop_mib=8571 files_mib=896
ENERGY phase=prefix seconds=14.10 vin_joules=855.5 gpu_joules=421.8
ENERGY phase=leaders seconds=4.92 vin_joules=361.3 gpu_joules=153.7
ENERGY phase=workers seconds=58.92 vin_joules=4685.0 gpu_joules=2033.9
END_CASE failed=0 timed_out=0 wall_ms=77947 power_samples=390
END_KVPIPE
BEGIN_KVPIPE run=4 context=16384
CASE mode=chain groups=2 workers=4 turns=3
PLANNER exit=0 text=2986789f8c4a0a5d tokens=11788 publish_ms=6.79 state_bytes=189317 generation_tps=4.208
LEADER group=0 mig=fafc828a exit=0 text=172e721640cc24d4 tokens=11887 context_ms=26.2 load_ms=4.97 publish_ms=4.90 state_bytes=190901 generation_tps=7.220
LEADER group=1 mig=31ffbfe4 exit=0 text=ccaa7b1578fc9b8c tokens=11887 context_ms=28.4 load_ms=4.97 publish_ms=5.02 state_bytes=190901 generation_tps=5.988
WORKER index=0 group=0 mig=fafc828a exit=0 text=34c5ba01e77f923b tokens=12166 context_ms=34.3 load_ms=5.14 decode_ms=965.8 first_token_ms=1319.6 generated=192 generation_tps=4.973 total_ms=40552.2
WORKER index=1 group=0 mig=31ffbfe4 exit=0 text=72fc7f37969fe021 tokens=12161 context_ms=27.9 load_ms=5.35 decode_ms=1608.2 first_token_ms=1987.0 generated=192 generation_tps=3.468 total_ms=58325.3
WORKER index=2 group=0 mig=fafc828a exit=0 text=d81abdc974c1a615 tokens=12167 context_ms=32.6 load_ms=5.47 decode_ms=1216.3 first_token_ms=1916.5 generated=192 generation_tps=5.007 total_ms=40941.1
WORKER index=3 group=0 mig=31ffbfe4 exit=0 text=7be0e5aff5023925 tokens=12167 context_ms=33.1 load_ms=5.31 decode_ms=1664.5 first_token_ms=2063.3 generated=192 generation_tps=3.467 total_ms=58421.7
WORKER index=4 group=1 mig=31ffbfe4 exit=0 text=617b5b8088789bce tokens=12161 context_ms=28.8 load_ms=5.25 decode_ms=1531.0 first_token_ms=1848.8 generated=192 generation_tps=3.459 total_ms=58334.4
WORKER index=5 group=1 mig=fafc828a exit=0 text=736817ea889e0085 tokens=12172 context_ms=33.8 load_ms=5.19 decode_ms=1276.5 first_token_ms=1991.1 generated=192 generation_tps=5.008 total_ms=40982.2
WORKER index=6 group=1 mig=31ffbfe4 exit=0 text=fede20b0ce61df9a tokens=12167 context_ms=30.5 load_ms=5.25 decode_ms=1699.9 first_token_ms=2100.9 generated=192 generation_tps=3.469 total_ms=58424.6
WORKER index=7 group=1 mig=fafc828a exit=0 text=06acc271f26cb952 tokens=12175 context_ms=28.7 load_ms=5.05 decode_ms=1294.2 first_token_ms=2024.9 generated=192 generation_tps=5.013 total_ms=40984.0
MEMORY pipeline_drop_mib=8609 files_mib=896
ENERGY phase=prefix seconds=14.11 vin_joules=876.0 gpu_joules=423.1
ENERGY phase=leaders seconds=4.89 vin_joules=357.9 gpu_joules=154.7
ENERGY phase=workers seconds=58.86 vin_joules=4681.8 gpu_joules=2031.5
END_CASE failed=0 timed_out=0 wall_ms=77859 power_samples=390
CASE mode=copy groups=2 workers=4 turns=3
PLANNER exit=0 text=2986789f8c4a0a5d tokens=11788 publish_ms=470.19 state_bytes=676160389 generation_tps=4.450
LEADER group=0 mig=fafc828a exit=0 text=172e721640cc24d4 tokens=11887 context_ms=36.8 load_ms=166.84 publish_ms=447.77 state_bytes=681839029 generation_tps=7.563
LEADER group=1 mig=31ffbfe4 exit=0 text=ccaa7b1578fc9b8c tokens=11887 context_ms=44.9 load_ms=119.72 publish_ms=470.86 state_bytes=681839029 generation_tps=6.154
WORKER index=0 group=0 mig=fafc828a exit=0 text=34c5ba01e77f923b tokens=12166 context_ms=52.0 load_ms=351.59 decode_ms=1209.3 first_token_ms=2252.2 generated=192 generation_tps=5.038 total_ms=41028.4
WORKER index=1 group=0 mig=31ffbfe4 exit=0 text=72fc7f37969fe021 tokens=12161 context_ms=47.1 load_ms=243.80 decode_ms=1458.6 first_token_ms=2034.9 generated=192 generation_tps=3.534 total_ms=57320.0
WORKER index=2 group=0 mig=fafc828a exit=0 text=d81abdc974c1a615 tokens=12167 context_ms=63.5 load_ms=273.30 decode_ms=1276.3 first_token_ms=2344.0 generated=192 generation_tps=5.045 total_ms=41087.8
WORKER index=3 group=0 mig=31ffbfe4 exit=0 text=7be0e5aff5023925 tokens=12167 context_ms=71.9 load_ms=298.97 decode_ms=1672.4 first_token_ms=2381.8 generated=192 generation_tps=3.545 total_ms=57525.2
WORKER index=4 group=1 mig=31ffbfe4 exit=0 text=617b5b8088789bce tokens=12161 context_ms=76.6 load_ms=301.59 decode_ms=1673.1 first_token_ms=2469.8 generated=192 generation_tps=3.549 total_ms=57536.3
WORKER index=5 group=1 mig=fafc828a exit=0 text=736817ea889e0085 tokens=12172 context_ms=78.4 load_ms=339.12 decode_ms=1291.6 first_token_ms=2353.4 generated=192 generation_tps=5.044 total_ms=41103.8
WORKER index=6 group=1 mig=31ffbfe4 exit=0 text=fede20b0ce61df9a tokens=12167 context_ms=74.5 load_ms=256.51 decode_ms=1679.3 first_token_ms=2324.2 generated=192 generation_tps=3.544 total_ms=57486.3
WORKER index=7 group=1 mig=fafc828a exit=0 text=06acc271f26cb952 tokens=12175 context_ms=102.8 load_ms=321.73 decode_ms=1303.3 first_token_ms=2350.4 generated=192 generation_tps=5.045 total_ms=41090.1
MEMORY pipeline_drop_mib=17595 files_mib=0
ENERGY phase=prefix seconds=14.55 vin_joules=835.8 gpu_joules=424.7
ENERGY phase=leaders seconds=5.34 vin_joules=379.0 gpu_joules=153.4
ENERGY phase=workers seconds=58.02 vin_joules=4666.7 gpu_joules=2013.5
END_CASE failed=0 timed_out=0 wall_ms=77910 power_samples=391
CASE mode=stock groups=2 workers=4 turns=3
PLANNER exit=0 text=2986789f8c4a0a5d tokens=11788 publish_ms=422.20 state_bytes=676160389 generation_tps=7.888
LEADER group=0 mig=fafc828a exit=0 text=172e721640cc24d4 tokens=11887 context_ms=36.4 load_ms=160.88 publish_ms=447.92 state_bytes=681839029 generation_tps=11.946
LEADER group=1 mig=31ffbfe4 exit=0 text=ccaa7b1578fc9b8c tokens=11887 context_ms=37.4 load_ms=113.84 publish_ms=411.65 state_bytes=681839029 generation_tps=10.639
WORKER index=0 group=0 mig=fafc828a exit=0 text=34c5ba01e77f923b tokens=12166 context_ms=53.3 load_ms=276.73 decode_ms=1200.9 first_token_ms=6975.7 generated=192 generation_tps=5.347 total_ms=43542.9
WORKER index=1 group=0 mig=31ffbfe4 exit=0 text=72fc7f37969fe021 tokens=12161 context_ms=52.2 load_ms=195.75 decode_ms=1467.0 first_token_ms=5127.3 generated=192 generation_tps=3.693 total_ms=58108.9
WORKER index=2 group=0 mig=fafc828a exit=0 text=d81abdc974c1a615 tokens=12167 context_ms=50.0 load_ms=435.43 decode_ms=1265.1 first_token_ms=7480.5 generated=192 generation_tps=5.395 total_ms=43699.4
WORKER index=3 group=0 mig=31ffbfe4 exit=0 text=7be0e5aff5023925 tokens=12167 context_ms=55.4 load_ms=371.47 decode_ms=1690.9 first_token_ms=5784.7 generated=192 generation_tps=3.723 total_ms=58359.7
WORKER index=4 group=1 mig=31ffbfe4 exit=0 text=617b5b8088789bce tokens=12161 context_ms=51.5 load_ms=202.10 decode_ms=1528.4 first_token_ms=5272.8 generated=192 generation_tps=3.697 total_ms=58195.8
WORKER index=5 group=1 mig=fafc828a exit=0 text=736817ea889e0085 tokens=12172 context_ms=58.2 load_ms=271.38 decode_ms=1265.3 first_token_ms=7017.1 generated=192 generation_tps=5.352 total_ms=43575.9
WORKER index=6 group=1 mig=31ffbfe4 exit=0 text=fede20b0ce61df9a tokens=12167 context_ms=57.2 load_ms=367.93 decode_ms=1685.8 first_token_ms=5731.5 generated=192 generation_tps=3.724 total_ms=58288.8
WORKER index=7 group=1 mig=fafc828a exit=0 text=06acc271f26cb952 tokens=12175 context_ms=60.1 load_ms=281.11 decode_ms=1236.8 first_token_ms=6947.6 generated=192 generation_tps=5.345 total_ms=43540.0
MEMORY pipeline_drop_mib=67401 files_mib=0
ENERGY phase=prefix seconds=15.17 vin_joules=849.5 gpu_joules=426.8
ENERGY phase=leaders seconds=5.93 vin_joules=393.1 gpu_joules=155.3
ENERGY phase=workers seconds=59.06 vin_joules=4729.0 gpu_joules=1979.3
END_CASE failed=0 timed_out=0 wall_ms=80163 power_samples=401
END_KVPIPE
BEGIN_KVPIPE run=5 context=16384
CASE mode=stock groups=2 workers=4 turns=3
PLANNER exit=0 text=2986789f8c4a0a5d tokens=11788 publish_ms=419.90 state_bytes=676160389 generation_tps=7.738
LEADER group=0 mig=fafc828a exit=0 text=172e721640cc24d4 tokens=11887 context_ms=36.3 load_ms=160.93 publish_ms=445.46 state_bytes=681839029 generation_tps=11.818
LEADER group=1 mig=31ffbfe4 exit=0 text=ccaa7b1578fc9b8c tokens=11887 context_ms=37.1 load_ms=113.09 publish_ms=454.70 state_bytes=681839029 generation_tps=10.385
WORKER index=0 group=0 mig=fafc828a exit=0 text=34c5ba01e77f923b tokens=12166 context_ms=54.5 load_ms=265.71 decode_ms=1067.1 first_token_ms=6595.6 generated=192 generation_tps=5.312 total_ms=43397.7
WORKER index=1 group=0 mig=31ffbfe4 exit=0 text=72fc7f37969fe021 tokens=12161 context_ms=53.7 load_ms=222.59 decode_ms=1472.5 first_token_ms=5119.3 generated=192 generation_tps=3.687 total_ms=58194.1
WORKER index=2 group=0 mig=fafc828a exit=0 text=d81abdc974c1a615 tokens=12167 context_ms=55.9 load_ms=349.92 decode_ms=1207.5 first_token_ms=7049.5 generated=192 generation_tps=5.337 total_ms=43687.0
WORKER index=3 group=0 mig=31ffbfe4 exit=0 text=7be0e5aff5023925 tokens=12167 context_ms=60.7 load_ms=365.95 decode_ms=1723.0 first_token_ms=5531.9 generated=192 generation_tps=3.709 total_ms=58318.7
WORKER index=4 group=1 mig=31ffbfe4 exit=0 text=617b5b8088789bce tokens=12161 context_ms=56.2 load_ms=405.19 decode_ms=1692.4 first_token_ms=5719.8 generated=192 generation_tps=3.721 total_ms=58332.3
WORKER index=5 group=1 mig=fafc828a exit=0 text=736817ea889e0085 tokens=12172 context_ms=57.2 load_ms=400.10 decode_ms=1294.8 first_token_ms=7407.9 generated=192 generation_tps=5.366 total_ms=43815.0
WORKER index=6 group=1 mig=31ffbfe4 exit=0 text=fede20b0ce61df9a tokens=12167 context_ms=56.2 load_ms=209.23 decode_ms=1574.8 first_token_ms=5184.8 generated=192 generation_tps=3.693 total_ms=58185.5
WORKER index=7 group=1 mig=fafc828a exit=0 text=06acc271f26cb952 tokens=12175 context_ms=53.9 load_ms=358.89 decode_ms=1221.0 first_token_ms=7130.3 generated=192 generation_tps=5.336 total_ms=43742.4
MEMORY pipeline_drop_mib=67367 files_mib=0
ENERGY phase=prefix seconds=15.14 vin_joules=835.6 gpu_joules=428.3
ENERGY phase=leaders seconds=5.97 vin_joules=397.6 gpu_joules=155.2
ENERGY phase=workers seconds=59.04 vin_joules=4699.4 gpu_joules=1979.2
END_CASE failed=0 timed_out=0 wall_ms=80159 power_samples=402
CASE mode=copy groups=2 workers=4 turns=3
PLANNER exit=0 text=2986789f8c4a0a5d tokens=11788 publish_ms=401.08 state_bytes=676160389 generation_tps=4.381
LEADER group=0 mig=fafc828a exit=0 text=172e721640cc24d4 tokens=11887 context_ms=36.2 load_ms=121.89 publish_ms=488.80 state_bytes=681839029 generation_tps=7.454
LEADER group=1 mig=31ffbfe4 exit=0 text=ccaa7b1578fc9b8c tokens=11887 context_ms=37.9 load_ms=175.04 publish_ms=460.95 state_bytes=681839029 generation_tps=6.241
WORKER index=0 group=0 mig=fafc828a exit=0 text=34c5ba01e77f923b tokens=12166 context_ms=74.4 load_ms=239.68 decode_ms=1003.8 first_token_ms=1634.2 generated=192 generation_tps=5.003 total_ms=40627.8
WORKER index=1 group=0 mig=31ffbfe4 exit=0 text=72fc7f37969fe021 tokens=12161 context_ms=48.3 load_ms=339.64 decode_ms=1615.1 first_token_ms=2290.1 generated=192 generation_tps=3.543 total_ms=57463.4
WORKER index=2 group=0 mig=fafc828a exit=0 text=d81abdc974c1a615 tokens=12167 context_ms=79.8 load_ms=348.81 decode_ms=1250.2 first_token_ms=2417.7 generated=192 generation_tps=5.040 total_ms=41165.5
WORKER index=3 group=0 mig=31ffbfe4 exit=0 text=7be0e5aff5023925 tokens=12167 context_ms=65.5 load_ms=219.86 decode_ms=1646.8 first_token_ms=2304.3 generated=192 generation_tps=3.544 total_ms=57470.3
WORKER index=4 group=1 mig=31ffbfe4 exit=0 text=617b5b8088789bce tokens=12161 context_ms=63.0 load_ms=238.33 decode_ms=1591.0 first_token_ms=2233.6 generated=192 generation_tps=3.542 total_ms=57428.1
WORKER index=5 group=1 mig=fafc828a exit=0 text=736817ea889e0085 tokens=12172 context_ms=67.8 load_ms=336.75 decode_ms=1302.4 first_token_ms=2506.0 generated=192 generation_tps=5.048 total_ms=41201.0
WORKER index=6 group=1 mig=31ffbfe4 exit=0 text=fede20b0ce61df9a tokens=12167 context_ms=82.0 load_ms=394.41 decode_ms=1692.9 first_token_ms=2565.8 generated=192 generation_tps=3.557 total_ms=57509.4
WORKER index=7 group=1 mig=fafc828a exit=0 text=06acc271f26cb952 tokens=12175 context_ms=68.5 load_ms=364.69 decode_ms=1277.7 first_token_ms=2444.5 generated=192 generation_tps=5.047 total_ms=41139.4
MEMORY pipeline_drop_mib=17620 files_mib=0
ENERGY phase=prefix seconds=14.46 vin_joules=828.8 gpu_joules=425.9
ENERGY phase=leaders seconds=5.44 vin_joules=363.7 gpu_joules=153.6
ENERGY phase=workers seconds=58.00 vin_joules=4662.8 gpu_joules=2019.6
END_CASE failed=0 timed_out=0 wall_ms=77903 power_samples=390
CASE mode=chain groups=2 workers=4 turns=3
PLANNER exit=0 text=2986789f8c4a0a5d tokens=11788 publish_ms=7.14 state_bytes=189317 generation_tps=4.249
LEADER group=0 mig=fafc828a exit=0 text=172e721640cc24d4 tokens=11887 context_ms=27.1 load_ms=5.15 publish_ms=3.36 state_bytes=190901 generation_tps=7.271
LEADER group=1 mig=31ffbfe4 exit=0 text=ccaa7b1578fc9b8c tokens=11887 context_ms=26.3 load_ms=4.94 publish_ms=4.77 state_bytes=190901 generation_tps=6.008
WORKER index=0 group=0 mig=fafc828a exit=0 text=34c5ba01e77f923b tokens=12166 context_ms=28.1 load_ms=5.24 decode_ms=945.7 first_token_ms=1443.5 generated=192 generation_tps=4.976 total_ms=40658.0
WORKER index=1 group=0 mig=31ffbfe4 exit=0 text=72fc7f37969fe021 tokens=12161 context_ms=33.0 load_ms=5.62 decode_ms=1671.6 first_token_ms=2061.7 generated=192 generation_tps=3.466 total_ms=58447.1
WORKER index=2 group=0 mig=fafc828a exit=0 text=d81abdc974c1a615 tokens=12167 context_ms=34.5 load_ms=5.44 decode_ms=1228.4 first_token_ms=1988.5 generated=192 generation_tps=5.007 total_ms=40993.0
WORKER index=3 group=0 mig=31ffbfe4 exit=0 text=7be0e5aff5023925 tokens=12167 context_ms=32.1 load_ms=5.40 decode_ms=1657.5 first_token_ms=2040.8 generated=192 generation_tps=3.467 total_ms=58398.2
WORKER index=4 group=1 mig=31ffbfe4 exit=0 text=617b5b8088789bce tokens=12161 context_ms=29.7 load_ms=5.23 decode_ms=1610.8 first_token_ms=1955.9 generated=192 generation_tps=3.470 total_ms=58267.4
WORKER index=5 group=1 mig=fafc828a exit=0 text=736817ea889e0085 tokens=12172 context_ms=34.4 load_ms=5.68 decode_ms=1231.9 first_token_ms=1939.8 generated=192 generation_tps=5.005 total_ms=40959.5
WORKER index=6 group=1 mig=31ffbfe4 exit=0 text=fede20b0ce61df9a tokens=12167 context_ms=33.1 load_ms=5.29 decode_ms=1651.3 first_token_ms=2050.1 generated=192 generation_tps=3.466 total_ms=58430.6
WORKER index=7 group=1 mig=fafc828a exit=0 text=06acc271f26cb952 tokens=12175 context_ms=29.9 load_ms=5.15 decode_ms=1305.1 first_token_ms=2026.9 generated=192 generation_tps=5.016 total_ms=40978.4
MEMORY pipeline_drop_mib=8562 files_mib=896
ENERGY phase=prefix seconds=14.14 vin_joules=858.6 gpu_joules=422.1
ENERGY phase=leaders seconds=4.85 vin_joules=365.4 gpu_joules=155.6
ENERGY phase=workers seconds=58.98 vin_joules=4694.3 gpu_joules=2043.9
END_CASE failed=0 timed_out=0 wall_ms=77973 power_samples=391
END_KVPIPE
BEGIN_KVPIPE run=6 context=16384
CASE mode=chain groups=2 workers=4 turns=3
PLANNER exit=0 text=2986789f8c4a0a5d tokens=11788 publish_ms=5.27 state_bytes=189317 generation_tps=4.332
LEADER group=0 mig=fafc828a exit=0 text=172e721640cc24d4 tokens=11887 context_ms=26.3 load_ms=5.06 publish_ms=4.95 state_bytes=190901 generation_tps=7.387
LEADER group=1 mig=31ffbfe4 exit=0 text=ccaa7b1578fc9b8c tokens=11887 context_ms=26.0 load_ms=5.00 publish_ms=4.86 state_bytes=190901 generation_tps=5.827
WORKER index=0 group=0 mig=fafc828a exit=0 text=34c5ba01e77f923b tokens=12166 context_ms=29.1 load_ms=5.47 decode_ms=1282.1 first_token_ms=2046.3 generated=192 generation_tps=5.014 total_ms=41027.5
WORKER index=1 group=0 mig=31ffbfe4 exit=0 text=72fc7f37969fe021 tokens=12161 context_ms=31.3 load_ms=5.52 decode_ms=1258.6 first_token_ms=1394.8 generated=192 generation_tps=3.448 total_ms=58030.9
WORKER index=2 group=0 mig=fafc828a exit=0 text=d81abdc974c1a615 tokens=12167 context_ms=38.2 load_ms=5.35 decode_ms=1171.3 first_token_ms=1899.4 generated=192 generation_tps=5.001 total_ms=40960.8
WORKER index=3 group=0 mig=31ffbfe4 exit=0 text=7be0e5aff5023925 tokens=12167 context_ms=29.9 load_ms=5.38 decode_ms=1613.7 first_token_ms=1991.9 generated=192 generation_tps=3.464 total_ms=58396.3
WORKER index=4 group=1 mig=31ffbfe4 exit=0 text=617b5b8088789bce tokens=12161 context_ms=34.1 load_ms=5.21 decode_ms=1641.9 first_token_ms=2092.5 generated=192 generation_tps=3.467 total_ms=58430.3
WORKER index=5 group=1 mig=fafc828a exit=0 text=736817ea889e0085 tokens=12172 context_ms=37.4 load_ms=5.27 decode_ms=1234.8 first_token_ms=1929.2 generated=192 generation_tps=5.006 total_ms=40965.1
WORKER index=6 group=1 mig=31ffbfe4 exit=0 text=fede20b0ce61df9a tokens=12167 context_ms=31.9 load_ms=5.31 decode_ms=1672.9 first_token_ms=2102.1 generated=192 generation_tps=3.467 total_ms=58454.4
WORKER index=7 group=1 mig=fafc828a exit=0 text=06acc271f26cb952 tokens=12175 context_ms=29.0 load_ms=5.32 decode_ms=1350.4 first_token_ms=2080.0 generated=192 generation_tps=5.021 total_ms=41007.3
MEMORY pipeline_drop_mib=8620 files_mib=896
ENERGY phase=prefix seconds=14.13 vin_joules=875.7 gpu_joules=422.8
ENERGY phase=leaders seconds=4.88 vin_joules=362.9 gpu_joules=155.7
ENERGY phase=workers seconds=58.91 vin_joules=4709.9 gpu_joules=2044.7
END_CASE failed=0 timed_out=0 wall_ms=77920 power_samples=391
CASE mode=copy groups=2 workers=4 turns=3
PLANNER exit=0 text=2986789f8c4a0a5d tokens=11788 publish_ms=474.31 state_bytes=676160389 generation_tps=4.422
LEADER group=0 mig=fafc828a exit=0 text=172e721640cc24d4 tokens=11887 context_ms=36.6 load_ms=170.82 publish_ms=488.69 state_bytes=681839029 generation_tps=7.511
LEADER group=1 mig=31ffbfe4 exit=0 text=ccaa7b1578fc9b8c tokens=11887 context_ms=37.4 load_ms=119.51 publish_ms=395.90 state_bytes=681839029 generation_tps=6.255
WORKER index=0 group=0 mig=fafc828a exit=0 text=34c5ba01e77f923b tokens=12166 context_ms=49.5 load_ms=304.56 decode_ms=1106.9 first_token_ms=2089.3 generated=192 generation_tps=5.020 total_ms=40974.3
WORKER index=1 group=0 mig=31ffbfe4 exit=0 text=72fc7f37969fe021 tokens=12161 context_ms=69.4 load_ms=293.25 decode_ms=1641.8 first_token_ms=2323.5 generated=192 generation_tps=3.547 total_ms=57473.4
WORKER index=2 group=0 mig=fafc828a exit=0 text=d81abdc974c1a615 tokens=12167 context_ms=68.3 load_ms=295.82 decode_ms=1242.2 first_token_ms=2371.5 generated=192 generation_tps=5.038 total_ms=41131.4
WORKER index=3 group=0 mig=31ffbfe4 exit=0 text=7be0e5aff5023925 tokens=12167 context_ms=53.4 load_ms=344.96 decode_ms=1579.5 first_token_ms=2244.3 generated=192 generation_tps=3.544 total_ms=57430.8
WORKER index=4 group=1 mig=31ffbfe4 exit=0 text=617b5b8088789bce tokens=12161 context_ms=77.2 load_ms=345.83 decode_ms=1692.6 first_token_ms=2480.7 generated=192 generation_tps=3.552 total_ms=57525.8
WORKER index=5 group=1 mig=fafc828a exit=0 text=736817ea889e0085 tokens=12172 context_ms=68.0 load_ms=320.45 decode_ms=1295.3 first_token_ms=2433.0 generated=192 generation_tps=5.048 total_ms=41121.4
WORKER index=6 group=1 mig=31ffbfe4 exit=0 text=fede20b0ce61df9a tokens=12167 context_ms=67.7 load_ms=328.13 decode_ms=1703.4 first_token_ms=2479.5 generated=192 generation_tps=3.552 total_ms=57525.1
WORKER index=7 group=1 mig=fafc828a exit=0 text=06acc271f26cb952 tokens=12175 context_ms=55.9 load_ms=297.62 decode_ms=1223.0 first_token_ms=2182.1 generated=192 generation_tps=5.030 total_ms=41025.6
MEMORY pipeline_drop_mib=17609 files_mib=0
ENERGY phase=prefix seconds=14.55 vin_joules=840.4 gpu_joules=426.4
ENERGY phase=leaders seconds=5.22 vin_joules=373.8 gpu_joules=153.9
ENERGY phase=workers seconds=58.01 vin_joules=4643.6 gpu_joules=2022.3
END_CASE failed=0 timed_out=0 wall_ms=77773 power_samples=390
CASE mode=stock groups=2 workers=4 turns=3
PLANNER exit=0 text=2986789f8c4a0a5d tokens=11788 publish_ms=407.60 state_bytes=676160389 generation_tps=7.379
LEADER group=0 mig=fafc828a exit=0 text=172e721640cc24d4 tokens=11887 context_ms=46.8 load_ms=157.87 publish_ms=448.76 state_bytes=681839029 generation_tps=11.478
LEADER group=1 mig=31ffbfe4 exit=0 text=ccaa7b1578fc9b8c tokens=11887 context_ms=40.2 load_ms=111.02 publish_ms=466.09 state_bytes=681839029 generation_tps=10.316
WORKER index=0 group=0 mig=fafc828a exit=0 text=34c5ba01e77f923b tokens=12166 context_ms=50.6 load_ms=250.61 decode_ms=1025.9 first_token_ms=6265.0 generated=192 generation_tps=5.295 total_ms=43159.9
WORKER index=1 group=0 mig=31ffbfe4 exit=0 text=72fc7f37969fe021 tokens=12161 context_ms=63.0 load_ms=359.75 decode_ms=1636.0 first_token_ms=5540.4 generated=192 generation_tps=3.696 total_ms=58481.7
WORKER index=2 group=0 mig=fafc828a exit=0 text=d81abdc974c1a615 tokens=12167 context_ms=65.0 load_ms=404.54 decode_ms=1160.6 first_token_ms=7778.4 generated=192 generation_tps=5.386 total_ms=44061.4
WORKER index=3 group=0 mig=31ffbfe4 exit=0 text=7be0e5aff5023925 tokens=12167 context_ms=69.4 load_ms=206.65 decode_ms=1567.2 first_token_ms=5275.9 generated=192 generation_tps=3.680 total_ms=58449.6
WORKER index=4 group=1 mig=31ffbfe4 exit=0 text=617b5b8088789bce tokens=12161 context_ms=55.9 load_ms=189.98 decode_ms=1481.2 first_token_ms=5242.2 generated=192 generation_tps=3.692 total_ms=58196.4
WORKER index=5 group=1 mig=fafc828a exit=0 text=736817ea889e0085 tokens=12172 context_ms=66.0 load_ms=383.66 decode_ms=1290.2 first_token_ms=7866.4 generated=192 generation_tps=5.403 total_ms=44081.3
WORKER index=6 group=1 mig=31ffbfe4 exit=0 text=fede20b0ce61df9a tokens=12167 context_ms=55.6 load_ms=447.13 decode_ms=1744.5 first_token_ms=5948.9 generated=192 generation_tps=3.719 total_ms=58575.1
WORKER index=7 group=1 mig=fafc828a exit=0 text=06acc271f26cb952 tokens=12175 context_ms=64.6 load_ms=386.72 decode_ms=1307.7 first_token_ms=8032.5 generated=192 generation_tps=5.420 total_ms=44102.9
MEMORY pipeline_drop_mib=67356 files_mib=0
ENERGY phase=prefix seconds=15.17 vin_joules=846.6 gpu_joules=426.7
ENERGY phase=leaders seconds=6.09 vin_joules=395.6 gpu_joules=157.1
ENERGY phase=workers seconds=59.31 vin_joules=4718.6 gpu_joules=1984.7
END_CASE failed=0 timed_out=0 wall_ms=80582 power_samples=404
END_KVPIPE
