BEGIN_ENGINE_BATCHED run=1 mig=31ffbfe4 mode=copy
ROW |   512 |    128 |    1 |    640 |    0.789 |   649.19 |    6.613 |    19.35 |    7.402 |    86.46 |
ROW |   512 |    128 |    2 |   1280 |    1.526 |   670.82 |    6.363 |    40.23 |    7.889 |   162.24 |
ROW |   512 |    128 |    4 |   2560 |    3.058 |   669.72 |    9.868 |    51.88 |   12.926 |   198.05 |
ROW |   512 |    128 |    8 |   5120 |    6.091 |   672.50 |   16.883 |    60.65 |   22.973 |   222.87 |
END_ENGINE_BATCHED status=0
BEGIN_ENGINE_BATCHED run=1 mig=31ffbfe4 mode=inplace
ROW |   512 |    128 |    1 |    640 |    0.799 |   640.95 |    7.226 |    17.71 |    8.025 |    79.75 |
ROW |   512 |    128 |    2 |   1280 |    1.538 |   665.65 |    7.178 |    35.66 |    8.716 |   146.85 |
ROW |   512 |    128 |    4 |   2560 |    3.079 |   665.11 |   10.057 |    50.91 |   13.136 |   194.89 |
ROW |   512 |    128 |    8 |   5120 |    6.137 |   667.48 |   16.940 |    60.45 |   23.076 |   221.87 |
END_ENGINE_BATCHED status=0
BEGIN_ENGINE_BATCHED run=2 mig=fafc828a mode=inplace
ROW |   512 |    128 |    1 |    640 |    0.550 |   930.85 |    4.706 |    27.20 |    5.256 |   121.76 |
ROW |   512 |    128 |    2 |   1280 |    1.044 |   980.38 |    4.583 |    55.86 |    5.627 |   227.47 |
ROW |   512 |    128 |    4 |   2560 |    2.096 |   976.96 |    6.904 |    74.16 |    9.000 |   284.45 |
ROW |   512 |    128 |    8 |   5120 |    4.172 |   981.89 |   11.446 |    89.46 |   15.618 |   327.83 |
END_ENGINE_BATCHED status=0
BEGIN_ENGINE_BATCHED run=2 mig=fafc828a mode=copy
ROW |   512 |    128 |    1 |    640 |    0.546 |   936.92 |    4.545 |    28.16 |    5.091 |   125.70 |
ROW |   512 |    128 |    2 |   1280 |    1.041 |   984.06 |    4.370 |    58.58 |    5.411 |   236.58 |
ROW |   512 |    128 |    4 |   2560 |    2.088 |   980.61 |    6.713 |    76.27 |    8.802 |   290.85 |
ROW |   512 |    128 |    8 |   5120 |    4.154 |   986.08 |   11.415 |    89.71 |   15.569 |   328.87 |
END_ENGINE_BATCHED status=0
BEGIN_ENGINE_BATCHED run=3 mig=31ffbfe4 mode=inplace
ROW |   512 |    128 |    1 |    640 |    0.798 |   641.49 |    7.227 |    17.71 |    8.025 |    79.75 |
ROW |   512 |    128 |    2 |   1280 |    1.538 |   665.82 |    7.183 |    35.64 |    8.720 |   146.78 |
ROW |   512 |    128 |    4 |   2560 |    3.079 |   665.07 |   10.069 |    50.85 |   13.148 |   194.70 |
ROW |   512 |    128 |    8 |   5120 |    6.134 |   667.71 |   16.960 |    60.38 |   23.095 |   221.70 |
END_ENGINE_BATCHED status=0
BEGIN_ENGINE_BATCHED run=3 mig=31ffbfe4 mode=copy
ROW |   512 |    128 |    1 |    640 |    0.793 |   645.80 |    6.652 |    19.24 |    7.445 |    85.97 |
ROW |   512 |    128 |    2 |   1280 |    1.528 |   670.18 |    6.313 |    40.55 |    7.841 |   163.24 |
ROW |   512 |    128 |    4 |   2560 |    3.058 |   669.63 |    9.866 |    51.90 |   12.924 |   198.08 |
ROW |   512 |    128 |    8 |   5120 |    6.097 |   671.78 |   16.908 |    60.56 |   23.005 |   222.56 |
END_ENGINE_BATCHED status=0
BEGIN_ENGINE_BATCHED run=4 mig=fafc828a mode=copy
ROW |   512 |    128 |    1 |    640 |    0.548 |   933.79 |    4.541 |    28.19 |    5.089 |   125.76 |
ROW |   512 |    128 |    2 |   1280 |    1.042 |   982.49 |    4.363 |    58.68 |    5.405 |   236.82 |
ROW |   512 |    128 |    4 |   2560 |    2.089 |   980.49 |    6.709 |    76.32 |    8.798 |   290.99 |
ROW |   512 |    128 |    8 |   5120 |    4.154 |   985.98 |   11.433 |    89.56 |   15.588 |   328.47 |
END_ENGINE_BATCHED status=0
BEGIN_ENGINE_BATCHED run=4 mig=fafc828a mode=inplace
ROW |   512 |    128 |    1 |    640 |    0.539 |   949.96 |    4.660 |    27.47 |    5.199 |   123.10 |
ROW |   512 |    128 |    2 |   1280 |    1.044 |   981.26 |    4.545 |    56.33 |    5.588 |   229.05 |
ROW |   512 |    128 |    4 |   2560 |    2.093 |   978.46 |    6.903 |    74.17 |    8.996 |   284.57 |
ROW |   512 |    128 |    8 |   5120 |    4.165 |   983.46 |   11.431 |    89.58 |   15.596 |   328.28 |
END_ENGINE_BATCHED status=0
BEGIN_ENGINE_BATCHED run=5 mig=31ffbfe4 mode=copy
ROW |   512 |    128 |    1 |    640 |    0.793 |   645.78 |    6.638 |    19.28 |    7.431 |    86.13 |
ROW |   512 |    128 |    2 |   1280 |    1.527 |   670.54 |    6.314 |    40.54 |    7.841 |   163.24 |
ROW |   512 |    128 |    4 |   2560 |    3.058 |   669.73 |    9.856 |    51.95 |   12.914 |   198.24 |
ROW |   512 |    128 |    8 |   5120 |    6.092 |   672.38 |   16.884 |    60.65 |   22.976 |   222.85 |
END_ENGINE_BATCHED status=0
BEGIN_ENGINE_BATCHED run=5 mig=31ffbfe4 mode=inplace
ROW |   512 |    128 |    1 |    640 |    0.798 |   641.26 |    7.228 |    17.71 |    8.026 |    79.74 |
ROW |   512 |    128 |    2 |   1280 |    1.538 |   665.60 |    7.171 |    35.70 |    8.710 |   146.96 |
ROW |   512 |    128 |    4 |   2560 |    3.080 |   664.85 |   10.063 |    50.88 |   13.144 |   194.77 |
ROW |   512 |    128 |    8 |   5120 |    6.140 |   667.08 |   16.955 |    60.40 |   23.095 |   221.69 |
END_ENGINE_BATCHED status=0
BEGIN_ENGINE_BATCHED run=6 mig=fafc828a mode=inplace
ROW |   512 |    128 |    1 |    640 |    0.549 |   933.28 |    4.695 |    27.26 |    5.244 |   122.05 |
ROW |   512 |    128 |    2 |   1280 |    1.045 |   979.94 |    4.584 |    55.85 |    5.629 |   227.40 |
ROW |   512 |    128 |    4 |   2560 |    2.095 |   977.63 |    6.908 |    74.12 |    9.002 |   284.37 |
ROW |   512 |    128 |    8 |   5120 |    4.167 |   982.96 |   11.395 |    89.86 |   15.562 |   329.00 |
END_ENGINE_BATCHED status=0
BEGIN_ENGINE_BATCHED run=6 mig=fafc828a mode=copy
ROW |   512 |    128 |    1 |    640 |    0.535 |   956.16 |    4.538 |    28.20 |    5.074 |   126.13 |
ROW |   512 |    128 |    2 |   1280 |    1.040 |   984.28 |    4.360 |    58.71 |    5.401 |   237.01 |
ROW |   512 |    128 |    4 |   2560 |    2.088 |   980.89 |    6.715 |    76.25 |    8.803 |   290.81 |
ROW |   512 |    128 |    8 |   5120 |    4.152 |   986.45 |   11.408 |    89.77 |   15.560 |   329.05 |
END_ENGINE_BATCHED status=0
