BEGIN_SM_PROBE run=1 mig=fafc828a
reported_sms=12 max_threads_per_sm=1536
STEP blocks=1 ms=42.18
STEP blocks=2 ms=42.29
STEP blocks=3 ms=42.37
STEP blocks=4 ms=42.39
STEP blocks=5 ms=42.33
STEP blocks=6 ms=42.36
STEP blocks=7 ms=42.35
STEP blocks=8 ms=42.30
STEP blocks=9 ms=42.37
STEP blocks=10 ms=42.40
STEP blocks=11 ms=42.34
STEP blocks=12 ms=42.35
STEP blocks=13 ms=84.29
STEP blocks=14 ms=84.41
STEP blocks=15 ms=84.42
STEP blocks=16 ms=84.37
STEP blocks=17 ms=84.38
STEP blocks=18 ms=84.38
STEP blocks=19 ms=84.50
STEP blocks=20 ms=84.44
STEP blocks=21 ms=84.58
STEP blocks=22 ms=84.56
STEP blocks=23 ms=84.55
STEP blocks=24 ms=84.48
STEP blocks=25 ms=126.36
STEP blocks=26 ms=126.39
STEP blocks=27 ms=126.42
STEP blocks=28 ms=126.47
STEP blocks=29 ms=126.49
STEP blocks=30 ms=126.57
STEP blocks=31 ms=126.65
STEP blocks=32 ms=126.66
RATE blocks=8192 threads=256 ms=730.62 giga_iterations_per_s=574.07
END_SM_PROBE
BEGIN_SM_PROBE run=1 mig=31ffbfe4
reported_sms=8 max_threads_per_sm=1536
STEP blocks=1 ms=42.28
STEP blocks=2 ms=42.47
STEP blocks=3 ms=42.41
STEP blocks=4 ms=42.47
STEP blocks=5 ms=42.49
STEP blocks=6 ms=42.34
STEP blocks=7 ms=42.49
STEP blocks=8 ms=42.50
STEP blocks=9 ms=84.36
STEP blocks=10 ms=84.43
STEP blocks=11 ms=84.48
STEP blocks=12 ms=84.51
STEP blocks=13 ms=84.48
STEP blocks=14 ms=84.57
STEP blocks=15 ms=84.49
STEP blocks=16 ms=84.58
STEP blocks=17 ms=126.53
STEP blocks=18 ms=126.51
STEP blocks=19 ms=126.56
STEP blocks=20 ms=126.42
STEP blocks=21 ms=126.44
STEP blocks=22 ms=126.44
STEP blocks=23 ms=126.46
STEP blocks=24 ms=126.57
STEP blocks=25 ms=168.33
STEP blocks=26 ms=168.41
STEP blocks=27 ms=168.45
STEP blocks=28 ms=168.48
STEP blocks=29 ms=168.53
STEP blocks=30 ms=168.53
STEP blocks=31 ms=168.71
STEP blocks=32 ms=168.80
RATE blocks=8192 threads=256 ms=1094.91 giga_iterations_per_s=383.07
END_SM_PROBE
BEGIN_SM_PROBE run=2 mig=fafc828a
reported_sms=12 max_threads_per_sm=1536
STEP blocks=1 ms=42.33
STEP blocks=2 ms=42.44
STEP blocks=3 ms=42.43
STEP blocks=4 ms=42.42
STEP blocks=5 ms=42.27
STEP blocks=6 ms=42.43
STEP blocks=7 ms=42.49
STEP blocks=8 ms=42.48
STEP blocks=9 ms=42.48
STEP blocks=10 ms=42.49
STEP blocks=11 ms=42.49
STEP blocks=12 ms=42.49
STEP blocks=13 ms=84.43
STEP blocks=14 ms=84.41
STEP blocks=15 ms=84.51
STEP blocks=16 ms=84.49
STEP blocks=17 ms=84.50
STEP blocks=18 ms=84.58
STEP blocks=19 ms=84.58
STEP blocks=20 ms=84.63
STEP blocks=21 ms=84.61
STEP blocks=22 ms=84.60
STEP blocks=23 ms=84.61
STEP blocks=24 ms=84.56
STEP blocks=25 ms=126.53
STEP blocks=26 ms=126.53
STEP blocks=27 ms=126.55
STEP blocks=28 ms=126.53
STEP blocks=29 ms=126.62
STEP blocks=30 ms=126.71
STEP blocks=31 ms=126.69
STEP blocks=32 ms=126.66
RATE blocks=8192 threads=256 ms=730.61 giga_iterations_per_s=574.08
END_SM_PROBE
BEGIN_SM_PROBE run=2 mig=31ffbfe4
reported_sms=8 max_threads_per_sm=1536
STEP blocks=1 ms=42.29
STEP blocks=2 ms=42.42
STEP blocks=3 ms=42.49
STEP blocks=4 ms=42.49
STEP blocks=5 ms=42.34
STEP blocks=6 ms=42.45
STEP blocks=7 ms=42.49
STEP blocks=8 ms=42.49
STEP blocks=9 ms=84.35
STEP blocks=10 ms=84.55
STEP blocks=11 ms=84.50
STEP blocks=12 ms=84.50
STEP blocks=13 ms=84.51
STEP blocks=14 ms=84.55
STEP blocks=15 ms=84.58
STEP blocks=16 ms=84.58
STEP blocks=17 ms=126.44
STEP blocks=18 ms=126.54
STEP blocks=19 ms=126.61
STEP blocks=20 ms=126.53
STEP blocks=21 ms=126.48
STEP blocks=22 ms=126.56
STEP blocks=23 ms=126.49
STEP blocks=24 ms=126.54
STEP blocks=25 ms=168.53
STEP blocks=26 ms=168.54
STEP blocks=27 ms=168.60
STEP blocks=28 ms=168.63
STEP blocks=29 ms=168.77
STEP blocks=30 ms=168.77
STEP blocks=31 ms=168.79
STEP blocks=32 ms=168.80
RATE blocks=8192 threads=256 ms=1095.01 giga_iterations_per_s=383.04
END_SM_PROBE
BEGIN_SM_PROBE run=3 mig=fafc828a
reported_sms=12 max_threads_per_sm=1536
STEP blocks=1 ms=42.15
STEP blocks=2 ms=42.40
STEP blocks=3 ms=42.41
STEP blocks=4 ms=42.48
STEP blocks=5 ms=42.49
STEP blocks=6 ms=42.48
STEP blocks=7 ms=42.31
STEP blocks=8 ms=42.45
STEP blocks=9 ms=42.49
STEP blocks=10 ms=42.49
STEP blocks=11 ms=42.49
STEP blocks=12 ms=42.49
STEP blocks=13 ms=84.42
STEP blocks=14 ms=84.43
STEP blocks=15 ms=84.50
STEP blocks=16 ms=84.50
STEP blocks=17 ms=84.54
STEP blocks=18 ms=84.52
STEP blocks=19 ms=84.52
STEP blocks=20 ms=84.58
STEP blocks=21 ms=84.58
STEP blocks=22 ms=84.60
STEP blocks=23 ms=84.59
STEP blocks=24 ms=84.62
STEP blocks=25 ms=126.46
STEP blocks=26 ms=126.32
STEP blocks=27 ms=126.52
STEP blocks=28 ms=126.66
STEP blocks=29 ms=126.49
STEP blocks=30 ms=126.63
STEP blocks=31 ms=126.61
STEP blocks=32 ms=126.52
RATE blocks=8192 threads=256 ms=730.43 giga_iterations_per_s=574.23
END_SM_PROBE
BEGIN_SM_PROBE run=3 mig=31ffbfe4
reported_sms=8 max_threads_per_sm=1536
STEP blocks=1 ms=42.32
STEP blocks=2 ms=42.38
STEP blocks=3 ms=42.48
STEP blocks=4 ms=42.45
STEP blocks=5 ms=42.49
STEP blocks=6 ms=42.49
STEP blocks=7 ms=42.49
STEP blocks=8 ms=42.32
STEP blocks=9 ms=84.42
STEP blocks=10 ms=84.50
STEP blocks=11 ms=84.52
STEP blocks=12 ms=84.54
STEP blocks=13 ms=84.51
STEP blocks=14 ms=84.53
STEP blocks=15 ms=84.59
STEP blocks=16 ms=84.60
STEP blocks=17 ms=126.36
STEP blocks=18 ms=126.60
STEP blocks=19 ms=126.56
STEP blocks=20 ms=126.65
STEP blocks=21 ms=126.70
STEP blocks=22 ms=126.69
STEP blocks=23 ms=126.72
STEP blocks=24 ms=126.73
STEP blocks=25 ms=168.61
STEP blocks=26 ms=168.57
STEP blocks=27 ms=168.70
STEP blocks=28 ms=168.66
STEP blocks=29 ms=168.67
STEP blocks=30 ms=168.56
STEP blocks=31 ms=168.56
STEP blocks=32 ms=168.62
RATE blocks=8192 threads=256 ms=1094.82 giga_iterations_per_s=383.10
END_SM_PROBE
BEGIN_SM_PROBE run=4 mig=fafc828a
reported_sms=12 max_threads_per_sm=1536
STEP blocks=1 ms=42.22
STEP blocks=2 ms=42.30
STEP blocks=3 ms=42.30
STEP blocks=4 ms=42.26
STEP blocks=5 ms=42.25
STEP blocks=6 ms=42.26
STEP blocks=7 ms=42.26
STEP blocks=8 ms=42.26
STEP blocks=9 ms=42.26
STEP blocks=10 ms=42.27
STEP blocks=11 ms=42.26
STEP blocks=12 ms=42.26
STEP blocks=13 ms=84.21
STEP blocks=14 ms=84.20
STEP blocks=15 ms=84.28
STEP blocks=16 ms=84.28
STEP blocks=17 ms=84.37
STEP blocks=18 ms=84.40
STEP blocks=19 ms=84.44
STEP blocks=20 ms=84.44
STEP blocks=21 ms=84.55
STEP blocks=22 ms=84.57
STEP blocks=23 ms=84.50
STEP blocks=24 ms=84.58
STEP blocks=25 ms=126.42
STEP blocks=26 ms=126.41
STEP blocks=27 ms=126.43
STEP blocks=28 ms=126.47
STEP blocks=29 ms=126.53
STEP blocks=30 ms=126.48
STEP blocks=31 ms=126.52
STEP blocks=32 ms=126.53
RATE blocks=8192 threads=256 ms=730.45 giga_iterations_per_s=574.21
END_SM_PROBE
BEGIN_SM_PROBE run=4 mig=31ffbfe4
reported_sms=8 max_threads_per_sm=1536
STEP blocks=1 ms=42.32
STEP blocks=2 ms=42.48
STEP blocks=3 ms=42.49
STEP blocks=4 ms=42.49
STEP blocks=5 ms=42.33
STEP blocks=6 ms=42.49
STEP blocks=7 ms=42.46
STEP blocks=8 ms=42.33
STEP blocks=9 ms=84.23
STEP blocks=10 ms=84.28
STEP blocks=11 ms=84.35
STEP blocks=12 ms=84.39
STEP blocks=13 ms=84.43
STEP blocks=14 ms=84.41
STEP blocks=15 ms=84.42
STEP blocks=16 ms=84.44
STEP blocks=17 ms=126.34
STEP blocks=18 ms=126.39
STEP blocks=19 ms=126.47
STEP blocks=20 ms=126.62
STEP blocks=21 ms=126.55
STEP blocks=22 ms=126.61
STEP blocks=23 ms=126.59
STEP blocks=24 ms=126.66
STEP blocks=25 ms=168.55
STEP blocks=26 ms=168.44
STEP blocks=27 ms=168.46
STEP blocks=28 ms=168.49
STEP blocks=29 ms=168.56
STEP blocks=30 ms=168.52
STEP blocks=31 ms=168.59
STEP blocks=32 ms=168.65
RATE blocks=8192 threads=256 ms=1095.01 giga_iterations_per_s=383.04
END_SM_PROBE
BEGIN_SM_PROBE run=5 mig=fafc828a
reported_sms=12 max_threads_per_sm=1536
STEP blocks=1 ms=42.28
STEP blocks=2 ms=42.41
STEP blocks=3 ms=42.43
STEP blocks=4 ms=42.48
STEP blocks=5 ms=42.48
STEP blocks=6 ms=42.50
STEP blocks=7 ms=42.43
STEP blocks=8 ms=42.49
STEP blocks=9 ms=42.47
STEP blocks=10 ms=42.49
STEP blocks=11 ms=42.50
STEP blocks=12 ms=42.48
STEP blocks=13 ms=84.36
STEP blocks=14 ms=84.42
STEP blocks=15 ms=84.45
STEP blocks=16 ms=84.50
STEP blocks=17 ms=84.44
STEP blocks=18 ms=84.48
STEP blocks=19 ms=84.52
STEP blocks=20 ms=84.58
STEP blocks=21 ms=84.60
STEP blocks=22 ms=84.58
STEP blocks=23 ms=84.63
STEP blocks=24 ms=84.59
STEP blocks=25 ms=126.54
STEP blocks=26 ms=126.52
STEP blocks=27 ms=126.54
STEP blocks=28 ms=126.55
STEP blocks=29 ms=126.62
STEP blocks=30 ms=126.61
STEP blocks=31 ms=126.65
STEP blocks=32 ms=126.77
RATE blocks=8192 threads=256 ms=730.61 giga_iterations_per_s=574.08
END_SM_PROBE
BEGIN_SM_PROBE run=5 mig=31ffbfe4
reported_sms=8 max_threads_per_sm=1536
STEP blocks=1 ms=42.33
STEP blocks=2 ms=42.48
STEP blocks=3 ms=42.44
STEP blocks=4 ms=42.49
STEP blocks=5 ms=42.45
STEP blocks=6 ms=42.49
STEP blocks=7 ms=42.34
STEP blocks=8 ms=42.50
STEP blocks=9 ms=84.44
STEP blocks=10 ms=84.43
STEP blocks=11 ms=84.51
STEP blocks=12 ms=84.52
STEP blocks=13 ms=84.50
STEP blocks=14 ms=84.56
STEP blocks=15 ms=84.50
STEP blocks=16 ms=84.52
STEP blocks=17 ms=126.53
STEP blocks=18 ms=126.51
STEP blocks=19 ms=126.39
STEP blocks=20 ms=126.38
STEP blocks=21 ms=126.47
STEP blocks=22 ms=126.44
STEP blocks=23 ms=126.70
STEP blocks=24 ms=126.65
STEP blocks=25 ms=168.60
STEP blocks=26 ms=168.63
STEP blocks=27 ms=168.70
STEP blocks=28 ms=168.68
STEP blocks=29 ms=168.66
STEP blocks=30 ms=168.79
STEP blocks=31 ms=168.74
STEP blocks=32 ms=168.88
RATE blocks=8192 threads=256 ms=1095.01 giga_iterations_per_s=383.04
END_SM_PROBE
BEGIN_SM_PROBE run=6 mig=fafc828a
reported_sms=12 max_threads_per_sm=1536
STEP blocks=1 ms=42.34
STEP blocks=2 ms=42.40
STEP blocks=3 ms=42.48
STEP blocks=4 ms=42.48
STEP blocks=5 ms=42.47
STEP blocks=6 ms=42.48
STEP blocks=7 ms=42.49
STEP blocks=8 ms=42.48
STEP blocks=9 ms=42.49
STEP blocks=10 ms=42.50
STEP blocks=11 ms=42.49
STEP blocks=12 ms=42.49
STEP blocks=13 ms=84.43
STEP blocks=14 ms=84.43
STEP blocks=15 ms=84.51
STEP blocks=16 ms=84.52
STEP blocks=17 ms=84.51
STEP blocks=18 ms=84.53
STEP blocks=19 ms=84.55
STEP blocks=20 ms=84.58
STEP blocks=21 ms=84.64
STEP blocks=22 ms=84.59
STEP blocks=23 ms=84.62
STEP blocks=24 ms=84.60
STEP blocks=25 ms=126.54
STEP blocks=26 ms=126.44
STEP blocks=27 ms=126.45
STEP blocks=28 ms=126.43
STEP blocks=29 ms=126.43
STEP blocks=30 ms=126.46
STEP blocks=31 ms=126.52
STEP blocks=32 ms=126.68
RATE blocks=8192 threads=256 ms=730.62 giga_iterations_per_s=574.08
END_SM_PROBE
BEGIN_SM_PROBE run=6 mig=31ffbfe4
reported_sms=8 max_threads_per_sm=1536
STEP blocks=1 ms=42.31
STEP blocks=2 ms=42.42
STEP blocks=3 ms=42.49
STEP blocks=4 ms=42.48
STEP blocks=5 ms=42.41
STEP blocks=6 ms=42.49
STEP blocks=7 ms=42.49
STEP blocks=8 ms=42.48
STEP blocks=9 ms=84.42
STEP blocks=10 ms=84.44
STEP blocks=11 ms=84.50
STEP blocks=12 ms=84.51
STEP blocks=13 ms=84.56
STEP blocks=14 ms=84.56
STEP blocks=15 ms=84.58
STEP blocks=16 ms=84.60
STEP blocks=17 ms=126.48
STEP blocks=18 ms=126.57
STEP blocks=19 ms=126.60
STEP blocks=20 ms=126.64
STEP blocks=21 ms=126.68
STEP blocks=22 ms=126.66
STEP blocks=23 ms=126.66
STEP blocks=24 ms=126.73
STEP blocks=25 ms=168.55
STEP blocks=26 ms=168.71
STEP blocks=27 ms=168.74
STEP blocks=28 ms=168.69
STEP blocks=29 ms=168.77
STEP blocks=30 ms=168.53
STEP blocks=31 ms=168.58
STEP blocks=32 ms=168.80
RATE blocks=8192 threads=256 ms=1094.99 giga_iterations_per_s=383.05
END_SM_PROBE
