BEGIN_KVFAULTCOUNT run=1
FORK mode=fork_copy exit=0 fault_pages_before_publish=0 fault_pages_after_publish=0 prefix_tokens=16321 prefix_ms=19779.6 publish_ms=555.88 state_bytes=936173269 suffix_tokens=13 model_ms=589.4 context_ms=56.8 state_ms=555.88 prefix_ms=19779.6 suffix_ms=57.0 first_token_ms=21161.8 generation_ms=2701.5 generated=64 generation_tps=23.691
FORK mode=fork_extent exit=0 fault_pages_before_publish=0 fault_pages_after_publish=113348 prefix_tokens=16321 prefix_ms=19857.9 publish_ms=9.28 state_bytes=261845 suffix_tokens=13 model_ms=593.9 context_ms=34.1 state_ms=9.28 prefix_ms=19857.9 suffix_ms=160.2 first_token_ms=20758.0 generation_ms=2707.2 generated=64 generation_tps=23.640
FORK mode=fork_refill exit=0 fault_pages_before_publish=0 fault_pages_after_publish=0 prefix_tokens=16321 prefix_ms=19864.4 publish_ms=14.71 state_bytes=261845 suffix_tokens=13 model_ms=600.8 context_ms=34.6 state_ms=14.71 prefix_ms=19864.4 suffix_ms=57.9 first_token_ms=20674.5 generation_ms=2723.2 generated=64 generation_tps=23.502
PUBLISH store=rows fault_pages=0 prefix_tokens=16321 prefix_ms=19787.7 publish_ms=560.60 state_bytes=936173269
PUBLISH store=file fault_pages=0 prefix_tokens=16321 prefix_ms=19872.8 publish_ms=9.01 state_bytes=261845
CASE mode=copy agents=8
AGENT index=0 exit=0 text=4dc33c0cd95f2541 role=child prefix_tokens=16321 suffix_tokens=14 model_ms=1099.3 context_ms=239.2 state_ms=371.63 prefix_ms=0.0 suffix_ms=285.3 first_token_ms=2304.9 generation_ms=12430.9 generated=64 generation_tps=5.148
AGENT index=1 exit=0 text=4dc33c0cd95f2541 role=child prefix_tokens=16321 suffix_tokens=14 model_ms=1094.8 context_ms=276.6 state_ms=335.70 prefix_ms=0.0 suffix_ms=441.4 first_token_ms=2460.8 generation_ms=18706.4 generated=64 generation_tps=3.421
AGENT index=2 exit=0 text=4dc33c0cd95f2541 role=child prefix_tokens=16321 suffix_tokens=14 model_ms=1092.2 context_ms=272.0 state_ms=335.62 prefix_ms=0.0 suffix_ms=291.2 first_token_ms=2310.0 generation_ms=12452.6 generated=64 generation_tps=5.140
AGENT index=3 exit=0 text=1911721bc1759881 role=child prefix_tokens=16321 suffix_tokens=14 model_ms=1187.5 context_ms=177.0 state_ms=327.80 prefix_ms=0.0 suffix_ms=443.2 first_token_ms=2462.2 generation_ms=18695.3 generated=64 generation_tps=3.423
AGENT index=4 exit=0 text=4dc33c0cd95f2541 role=child prefix_tokens=16321 suffix_tokens=14 model_ms=1100.7 context_ms=201.9 state_ms=220.88 prefix_ms=0.0 suffix_ms=127.5 first_token_ms=1955.7 generation_ms=12207.8 generated=64 generation_tps=5.243
AGENT index=5 exit=0 text=4dc33c0cd95f2541 role=child prefix_tokens=16321 suffix_tokens=14 model_ms=1093.5 context_ms=261.9 state_ms=347.08 prefix_ms=0.0 suffix_ms=436.7 first_token_ms=2456.3 generation_ms=18700.8 generated=64 generation_tps=3.422
AGENT index=6 exit=0 text=4dc33c0cd95f2541 role=child prefix_tokens=16321 suffix_tokens=14 model_ms=1086.1 context_ms=251.2 state_ms=357.24 prefix_ms=0.0 suffix_ms=301.9 first_token_ms=2320.9 generation_ms=12425.3 generated=64 generation_tps=5.151
AGENT index=7 exit=0 text=4dc33c0cd95f2541 role=child prefix_tokens=16321 suffix_tokens=14 model_ms=1103.7 context_ms=237.2 state_ms=346.94 prefix_ms=0.0 suffix_ms=419.7 first_token_ms=2432.5 generation_ms=18707.9 generated=64 generation_tps=3.421
END_CASE failed=0 fault_pages=0
CASE mode=extent agents=8
AGENT index=0 exit=0 text=4dc33c0cd95f2541 role=child prefix_tokens=16321 suffix_tokens=14 model_ms=1127.4 context_ms=63.1 state_ms=7.89 prefix_ms=0.0 suffix_ms=258.9 first_token_ms=1782.3 generation_ms=12405.0 generated=64 generation_tps=5.159
AGENT index=1 exit=0 text=4dc33c0cd95f2541 role=child prefix_tokens=16321 suffix_tokens=14 model_ms=1136.6 context_ms=74.3 state_ms=7.51 prefix_ms=0.0 suffix_ms=433.5 first_token_ms=1970.6 generation_ms=19205.0 generated=64 generation_tps=3.332
AGENT index=2 exit=0 text=4dc33c0cd95f2541 role=child prefix_tokens=16321 suffix_tokens=14 model_ms=1122.4 context_ms=74.7 state_ms=7.29 prefix_ms=0.0 suffix_ms=284.4 first_token_ms=1820.5 generation_ms=12484.0 generated=64 generation_tps=5.127
AGENT index=3 exit=0 text=1911721bc1759881 role=child prefix_tokens=16321 suffix_tokens=14 model_ms=1125.1 context_ms=71.6 state_ms=7.11 prefix_ms=0.0 suffix_ms=419.9 first_token_ms=1953.6 generation_ms=19218.1 generated=64 generation_tps=3.330
AGENT index=4 exit=0 text=4dc33c0cd95f2541 role=child prefix_tokens=16321 suffix_tokens=14 model_ms=1131.2 context_ms=75.1 state_ms=8.15 prefix_ms=0.0 suffix_ms=298.0 first_token_ms=1834.7 generation_ms=12477.3 generated=64 generation_tps=5.129
AGENT index=5 exit=0 text=4dc33c0cd95f2541 role=child prefix_tokens=16321 suffix_tokens=14 model_ms=1144.8 context_ms=75.1 state_ms=7.48 prefix_ms=0.0 suffix_ms=434.5 first_token_ms=1972.6 generation_ms=19195.4 generated=64 generation_tps=3.334
AGENT index=6 exit=0 text=4dc33c0cd95f2541 role=child prefix_tokens=16321 suffix_tokens=14 model_ms=1147.6 context_ms=68.7 state_ms=8.60 prefix_ms=0.0 suffix_ms=296.1 first_token_ms=1830.0 generation_ms=12478.3 generated=64 generation_tps=5.129
AGENT index=7 exit=0 text=4dc33c0cd95f2541 role=child prefix_tokens=16321 suffix_tokens=14 model_ms=1143.8 context_ms=71.8 state_ms=7.29 prefix_ms=0.0 suffix_ms=424.2 first_token_ms=1962.3 generation_ms=19150.9 generated=64 generation_tps=3.342
END_CASE failed=0 fault_pages=0
CASE mode=no_read agents=8
AGENT index=0 exit=0 text=4dc33c0cd95f2541 role=child prefix_tokens=16321 suffix_tokens=14 model_ms=1130.6 context_ms=66.0 state_ms=7.47 prefix_ms=0.0 suffix_ms=892.3 first_token_ms=2406.4 generation_ms=12474.5 generated=64 generation_tps=5.130
AGENT index=1 exit=0 text=4dc33c0cd95f2541 role=child prefix_tokens=16321 suffix_tokens=14 model_ms=1156.3 context_ms=68.3 state_ms=7.45 prefix_ms=0.0 suffix_ms=981.1 first_token_ms=2497.3 generation_ms=19191.2 generated=64 generation_tps=3.335
AGENT index=2 exit=0 text=4dc33c0cd95f2541 role=child prefix_tokens=16321 suffix_tokens=14 model_ms=1117.9 context_ms=69.8 state_ms=7.62 prefix_ms=0.0 suffix_ms=882.5 first_token_ms=2398.3 generation_ms=12483.5 generated=64 generation_tps=5.127
AGENT index=3 exit=0 text=1911721bc1759881 role=child prefix_tokens=16321 suffix_tokens=14 model_ms=1112.9 context_ms=69.6 state_ms=7.59 prefix_ms=0.0 suffix_ms=959.6 first_token_ms=2477.8 generation_ms=19143.4 generated=64 generation_tps=3.343
AGENT index=4 exit=0 text=4dc33c0cd95f2541 role=child prefix_tokens=16321 suffix_tokens=14 model_ms=1115.1 context_ms=63.2 state_ms=7.48 prefix_ms=0.0 suffix_ms=848.3 first_token_ms=2358.6 generation_ms=12376.8 generated=64 generation_tps=5.171
AGENT index=5 exit=0 text=4dc33c0cd95f2541 role=child prefix_tokens=16321 suffix_tokens=14 model_ms=1109.6 context_ms=68.0 state_ms=7.35 prefix_ms=0.0 suffix_ms=1009.7 first_token_ms=2523.2 generation_ms=19186.1 generated=64 generation_tps=3.336
AGENT index=6 exit=0 text=4dc33c0cd95f2541 role=child prefix_tokens=16321 suffix_tokens=14 model_ms=1125.5 context_ms=68.2 state_ms=7.44 prefix_ms=0.0 suffix_ms=885.9 first_token_ms=2399.1 generation_ms=12471.0 generated=64 generation_tps=5.132
AGENT index=7 exit=0 text=4dc33c0cd95f2541 role=child prefix_tokens=16321 suffix_tokens=14 model_ms=1120.6 context_ms=70.6 state_ms=7.37 prefix_ms=0.0 suffix_ms=1012.4 first_token_ms=2527.9 generation_ms=19183.4 generated=64 generation_tps=3.336
END_CASE failed=0 fault_pages=2368218
CASE mode=no_populate agents=8
AGENT index=0 exit=0 text=4dc33c0cd95f2541 role=child prefix_tokens=16321 suffix_tokens=14 model_ms=1089.6 context_ms=41.7 state_ms=8.29 prefix_ms=0.0 suffix_ms=486.4 first_token_ms=1937.1 generation_ms=12655.6 generated=64 generation_tps=5.057
AGENT index=1 exit=0 text=4dc33c0cd95f2541 role=child prefix_tokens=16321 suffix_tokens=14 model_ms=988.8 context_ms=33.2 state_ms=7.31 prefix_ms=0.0 suffix_ms=145.4 first_token_ms=1434.8 generation_ms=19466.6 generated=64 generation_tps=3.288
AGENT index=2 exit=0 text=4dc33c0cd95f2541 role=child prefix_tokens=16321 suffix_tokens=14 model_ms=1023.3 context_ms=40.9 state_ms=7.26 prefix_ms=0.0 suffix_ms=374.8 first_token_ms=1768.7 generation_ms=12766.7 generated=64 generation_tps=5.013
AGENT index=3 exit=0 text=1911721bc1759881 role=child prefix_tokens=16321 suffix_tokens=14 model_ms=1020.6 context_ms=42.3 state_ms=7.20 prefix_ms=0.0 suffix_ms=543.3 first_token_ms=1938.8 generation_ms=19337.2 generated=64 generation_tps=3.310
AGENT index=4 exit=0 text=4dc33c0cd95f2541 role=child prefix_tokens=16321 suffix_tokens=14 model_ms=1030.9 context_ms=38.9 state_ms=7.36 prefix_ms=0.0 suffix_ms=359.3 first_token_ms=1749.2 generation_ms=12753.8 generated=64 generation_tps=5.018
AGENT index=5 exit=0 text=4dc33c0cd95f2541 role=child prefix_tokens=16321 suffix_tokens=14 model_ms=1080.8 context_ms=40.6 state_ms=7.39 prefix_ms=0.0 suffix_ms=614.3 first_token_ms=2059.9 generation_ms=19297.4 generated=64 generation_tps=3.317
AGENT index=6 exit=0 text=4dc33c0cd95f2541 role=child prefix_tokens=16321 suffix_tokens=14 model_ms=1016.3 context_ms=45.2 state_ms=7.66 prefix_ms=0.0 suffix_ms=391.4 first_token_ms=1784.1 generation_ms=12753.9 generated=64 generation_tps=5.018
AGENT index=7 exit=0 text=4dc33c0cd95f2541 role=child prefix_tokens=16321 suffix_tokens=14 model_ms=1060.0 context_ms=40.7 state_ms=7.35 prefix_ms=0.0 suffix_ms=555.3 first_token_ms=1973.5 generation_ms=19350.2 generated=64 generation_tps=3.307
END_CASE failed=0 fault_pages=37234
CASE mode=cow agents=8
AGENT index=0 exit=0 text=4dc33c0cd95f2541 role=child prefix_tokens=16321 suffix_tokens=14 model_ms=1086.0 context_ms=43.3 state_ms=7.30 prefix_ms=0.0 suffix_ms=650.3 first_token_ms=2111.1 generation_ms=12571.0 generated=64 generation_tps=5.091
AGENT index=1 exit=0 text=4dc33c0cd95f2541 role=child prefix_tokens=16321 suffix_tokens=14 model_ms=1053.9 context_ms=46.6 state_ms=7.65 prefix_ms=0.0 suffix_ms=722.4 first_token_ms=2116.3 generation_ms=19318.3 generated=64 generation_tps=3.313
AGENT index=2 exit=0 text=4dc33c0cd95f2541 role=child prefix_tokens=16321 suffix_tokens=14 model_ms=1050.9 context_ms=40.2 state_ms=7.44 prefix_ms=0.0 suffix_ms=530.5 first_token_ms=1954.8 generation_ms=12603.7 generated=64 generation_tps=5.078
AGENT index=3 exit=0 text=1911721bc1759881 role=child prefix_tokens=16321 suffix_tokens=14 model_ms=1048.1 context_ms=34.8 state_ms=7.52 prefix_ms=0.0 suffix_ms=747.8 first_token_ms=2152.5 generation_ms=19327.9 generated=64 generation_tps=3.311
AGENT index=4 exit=0 text=4dc33c0cd95f2541 role=child prefix_tokens=16321 suffix_tokens=14 model_ms=1088.2 context_ms=36.1 state_ms=7.25 prefix_ms=0.0 suffix_ms=592.7 first_token_ms=2042.7 generation_ms=12582.1 generated=64 generation_tps=5.087
AGENT index=5 exit=0 text=4dc33c0cd95f2541 role=child prefix_tokens=16321 suffix_tokens=14 model_ms=1064.7 context_ms=41.1 state_ms=7.23 prefix_ms=0.0 suffix_ms=808.2 first_token_ms=2242.2 generation_ms=19263.2 generated=64 generation_tps=3.322
AGENT index=6 exit=0 text=4dc33c0cd95f2541 role=child prefix_tokens=16321 suffix_tokens=14 model_ms=1100.0 context_ms=45.0 state_ms=7.33 prefix_ms=0.0 suffix_ms=625.8 first_token_ms=2087.5 generation_ms=12590.5 generated=64 generation_tps=5.083
AGENT index=7 exit=0 text=4dc33c0cd95f2541 role=child prefix_tokens=16321 suffix_tokens=14 model_ms=1067.4 context_ms=44.0 state_ms=8.51 prefix_ms=0.0 suffix_ms=737.9 first_token_ms=2129.0 generation_ms=19337.3 generated=64 generation_tps=3.310
END_CASE failed=0 fault_pages=565190
CASE mode=cow_noread agents=8
AGENT index=0 exit=0 text=4dc33c0cd95f2541 role=child prefix_tokens=16321 suffix_tokens=14 model_ms=1085.7 context_ms=40.7 state_ms=7.26 prefix_ms=0.0 suffix_ms=3262.8 first_token_ms=4707.0 generation_ms=12554.1 generated=64 generation_tps=5.098
AGENT index=1 exit=0 text=4dc33c0cd95f2541 role=child prefix_tokens=16321 suffix_tokens=14 model_ms=1036.9 context_ms=39.6 state_ms=7.39 prefix_ms=0.0 suffix_ms=3794.2 first_token_ms=5193.2 generation_ms=19190.9 generated=64 generation_tps=3.335
AGENT index=2 exit=0 text=4dc33c0cd95f2541 role=child prefix_tokens=16321 suffix_tokens=14 model_ms=979.8 context_ms=33.1 state_ms=7.28 prefix_ms=0.0 suffix_ms=3012.2 first_token_ms=4338.7 generation_ms=12663.1 generated=64 generation_tps=5.054
AGENT index=3 exit=0 text=1911721bc1759881 role=child prefix_tokens=16321 suffix_tokens=14 model_ms=938.6 context_ms=32.5 state_ms=7.42 prefix_ms=0.0 suffix_ms=3254.5 first_token_ms=4496.5 generation_ms=19453.3 generated=64 generation_tps=3.290
AGENT index=4 exit=0 text=4dc33c0cd95f2541 role=child prefix_tokens=16321 suffix_tokens=14 model_ms=1067.4 context_ms=41.2 state_ms=7.48 prefix_ms=0.0 suffix_ms=3230.6 first_token_ms=4671.2 generation_ms=12566.8 generated=64 generation_tps=5.093
AGENT index=5 exit=0 text=4dc33c0cd95f2541 role=child prefix_tokens=16321 suffix_tokens=14 model_ms=1052.6 context_ms=36.0 state_ms=7.31 prefix_ms=0.0 suffix_ms=3844.9 first_token_ms=5263.4 generation_ms=19142.0 generated=64 generation_tps=3.343
AGENT index=6 exit=0 text=4dc33c0cd95f2541 role=child prefix_tokens=16321 suffix_tokens=14 model_ms=1040.9 context_ms=39.8 state_ms=7.40 prefix_ms=0.0 suffix_ms=3289.5 first_token_ms=4690.4 generation_ms=12573.3 generated=64 generation_tps=5.090
AGENT index=7 exit=0 text=4dc33c0cd95f2541 role=child prefix_tokens=16321 suffix_tokens=14 model_ms=997.8 context_ms=35.5 state_ms=7.30 prefix_ms=0.0 suffix_ms=3872.6 first_token_ms=5230.2 generation_ms=19161.5 generated=64 generation_tps=3.340
END_CASE failed=0 fault_pages=7398896
END_KVFAULTCOUNT
BEGIN_KVFAULTCOUNT run=2
FORK mode=fork_copy exit=0 fault_pages_before_publish=0 fault_pages_after_publish=0 prefix_tokens=16321 prefix_ms=19783.4 publish_ms=531.98 state_bytes=936173269 suffix_tokens=13 model_ms=590.2 context_ms=57.9 state_ms=531.98 prefix_ms=19783.4 suffix_ms=57.4 first_token_ms=21151.4 generation_ms=2718.3 generated=64 generation_tps=23.544
FORK mode=fork_extent exit=0 fault_pages_before_publish=0 fault_pages_after_publish=113360 prefix_tokens=16321 prefix_ms=19821.1 publish_ms=9.15 state_bytes=261845 suffix_tokens=13 model_ms=586.1 context_ms=34.7 state_ms=9.15 prefix_ms=19821.1 suffix_ms=123.0 first_token_ms=20704.0 generation_ms=2714.1 generated=64 generation_tps=23.580
FORK mode=fork_refill exit=0 fault_pages_before_publish=0 fault_pages_after_publish=0 prefix_tokens=16321 prefix_ms=19845.7 publish_ms=14.50 state_bytes=261845 suffix_tokens=13 model_ms=582.9 context_ms=35.3 state_ms=14.50 prefix_ms=19845.7 suffix_ms=58.0 first_token_ms=20638.0 generation_ms=2723.4 generated=64 generation_tps=23.500
PUBLISH store=rows fault_pages=0 prefix_tokens=16321 prefix_ms=19779.9 publish_ms=555.52 state_bytes=936173269
PUBLISH store=file fault_pages=0 prefix_tokens=16321 prefix_ms=19878.0 publish_ms=10.13 state_bytes=261845
CASE mode=cow_noread agents=8
AGENT index=0 exit=0 text=4dc33c0cd95f2541 role=child prefix_tokens=16321 suffix_tokens=14 model_ms=1091.3 context_ms=46.6 state_ms=7.36 prefix_ms=0.0 suffix_ms=3313.0 first_token_ms=4775.3 generation_ms=12585.9 generated=64 generation_tps=5.085
AGENT index=1 exit=0 text=4dc33c0cd95f2541 role=child prefix_tokens=16321 suffix_tokens=14 model_ms=975.2 context_ms=32.9 state_ms=7.40 prefix_ms=0.0 suffix_ms=3820.2 first_token_ms=5142.5 generation_ms=19136.9 generated=64 generation_tps=3.344
AGENT index=2 exit=0 text=4dc33c0cd95f2541 role=child prefix_tokens=16321 suffix_tokens=14 model_ms=1059.7 context_ms=34.7 state_ms=7.39 prefix_ms=0.0 suffix_ms=3269.2 first_token_ms=4674.1 generation_ms=12647.4 generated=64 generation_tps=5.060
AGENT index=3 exit=0 text=1911721bc1759881 role=child prefix_tokens=16321 suffix_tokens=14 model_ms=911.7 context_ms=32.5 state_ms=7.69 prefix_ms=0.0 suffix_ms=2930.8 first_token_ms=4146.4 generation_ms=19576.5 generated=64 generation_tps=3.269
AGENT index=4 exit=0 text=4dc33c0cd95f2541 role=child prefix_tokens=16321 suffix_tokens=14 model_ms=1040.2 context_ms=36.6 state_ms=7.45 prefix_ms=0.0 suffix_ms=3233.4 first_token_ms=4640.0 generation_ms=12639.1 generated=64 generation_tps=5.064
AGENT index=5 exit=0 text=4dc33c0cd95f2541 role=child prefix_tokens=16321 suffix_tokens=14 model_ms=1095.2 context_ms=46.6 state_ms=7.71 prefix_ms=0.0 suffix_ms=3877.5 first_token_ms=5337.9 generation_ms=19042.7 generated=64 generation_tps=3.361
AGENT index=6 exit=0 text=4dc33c0cd95f2541 role=child prefix_tokens=16321 suffix_tokens=14 model_ms=1039.3 context_ms=35.0 state_ms=7.34 prefix_ms=0.0 suffix_ms=3286.7 first_token_ms=4686.0 generation_ms=12634.2 generated=64 generation_tps=5.066
AGENT index=7 exit=0 text=4dc33c0cd95f2541 role=child prefix_tokens=16321 suffix_tokens=14 model_ms=1101.2 context_ms=42.6 state_ms=7.39 prefix_ms=0.0 suffix_ms=3842.8 first_token_ms=5304.2 generation_ms=19070.2 generated=64 generation_tps=3.356
END_CASE failed=0 fault_pages=7443028
CASE mode=cow agents=8
AGENT index=0 exit=0 text=4dc33c0cd95f2541 role=child prefix_tokens=16321 suffix_tokens=14 model_ms=1021.6 context_ms=37.9 state_ms=7.31 prefix_ms=0.0 suffix_ms=388.7 first_token_ms=1763.4 generation_ms=12648.0 generated=64 generation_tps=5.060
AGENT index=1 exit=0 text=4dc33c0cd95f2541 role=child prefix_tokens=16321 suffix_tokens=14 model_ms=1051.2 context_ms=39.2 state_ms=7.31 prefix_ms=0.0 suffix_ms=714.3 first_token_ms=2123.1 generation_ms=18965.2 generated=64 generation_tps=3.375
AGENT index=2 exit=0 text=4dc33c0cd95f2541 role=child prefix_tokens=16321 suffix_tokens=14 model_ms=1067.1 context_ms=45.7 state_ms=7.49 prefix_ms=0.0 suffix_ms=641.3 first_token_ms=2083.3 generation_ms=12526.8 generated=64 generation_tps=5.109
AGENT index=3 exit=0 text=1911721bc1759881 role=child prefix_tokens=16321 suffix_tokens=14 model_ms=787.4 context_ms=32.4 state_ms=7.30 prefix_ms=0.0 suffix_ms=158.9 first_token_ms=1238.0 generation_ms=18836.7 generated=64 generation_tps=3.398
AGENT index=4 exit=0 text=4dc33c0cd95f2541 role=child prefix_tokens=16321 suffix_tokens=14 model_ms=1041.3 context_ms=35.5 state_ms=7.49 prefix_ms=0.0 suffix_ms=528.0 first_token_ms=1922.4 generation_ms=12585.6 generated=64 generation_tps=5.085
AGENT index=5 exit=0 text=4dc33c0cd95f2541 role=child prefix_tokens=16321 suffix_tokens=14 model_ms=1069.7 context_ms=47.5 state_ms=7.49 prefix_ms=0.0 suffix_ms=759.8 first_token_ms=2201.7 generation_ms=18916.2 generated=64 generation_tps=3.383
AGENT index=6 exit=0 text=4dc33c0cd95f2541 role=child prefix_tokens=16321 suffix_tokens=14 model_ms=1064.4 context_ms=48.5 state_ms=7.47 prefix_ms=0.0 suffix_ms=624.9 first_token_ms=2067.0 generation_ms=12530.5 generated=64 generation_tps=5.108
AGENT index=7 exit=0 text=4dc33c0cd95f2541 role=child prefix_tokens=16321 suffix_tokens=14 model_ms=1001.2 context_ms=43.5 state_ms=7.34 prefix_ms=0.0 suffix_ms=664.3 first_token_ms=2042.7 generation_ms=19015.1 generated=64 generation_tps=3.366
END_CASE failed=0 fault_pages=564270
CASE mode=no_populate agents=8
AGENT index=0 exit=0 text=4dc33c0cd95f2541 role=child prefix_tokens=16321 suffix_tokens=14 model_ms=1087.9 context_ms=47.7 state_ms=7.41 prefix_ms=0.0 suffix_ms=426.6 first_token_ms=1878.4 generation_ms=12741.8 generated=64 generation_tps=5.023
AGENT index=1 exit=0 text=4dc33c0cd95f2541 role=child prefix_tokens=16321 suffix_tokens=14 model_ms=1118.2 context_ms=37.7 state_ms=7.39 prefix_ms=0.0 suffix_ms=571.1 first_token_ms=2058.6 generation_ms=19411.5 generated=64 generation_tps=3.297
AGENT index=2 exit=0 text=4dc33c0cd95f2541 role=child prefix_tokens=16321 suffix_tokens=14 model_ms=1119.0 context_ms=41.7 state_ms=7.42 prefix_ms=0.0 suffix_ms=450.2 first_token_ms=1933.4 generation_ms=12734.1 generated=64 generation_tps=5.026
AGENT index=3 exit=0 text=1911721bc1759881 role=child prefix_tokens=16321 suffix_tokens=14 model_ms=1117.1 context_ms=44.0 state_ms=7.72 prefix_ms=0.0 suffix_ms=549.3 first_token_ms=2029.4 generation_ms=19397.0 generated=64 generation_tps=3.299
AGENT index=4 exit=0 text=4dc33c0cd95f2541 role=child prefix_tokens=16321 suffix_tokens=14 model_ms=1077.5 context_ms=47.5 state_ms=7.45 prefix_ms=0.0 suffix_ms=421.1 first_token_ms=1871.3 generation_ms=12732.3 generated=64 generation_tps=5.027
AGENT index=5 exit=0 text=4dc33c0cd95f2541 role=child prefix_tokens=16321 suffix_tokens=14 model_ms=1114.4 context_ms=48.2 state_ms=7.39 prefix_ms=0.0 suffix_ms=586.9 first_token_ms=2078.2 generation_ms=19397.8 generated=64 generation_tps=3.299
AGENT index=6 exit=0 text=4dc33c0cd95f2541 role=child prefix_tokens=16321 suffix_tokens=14 model_ms=1084.3 context_ms=44.9 state_ms=8.64 prefix_ms=0.0 suffix_ms=428.9 first_token_ms=1894.8 generation_ms=12760.2 generated=64 generation_tps=5.016
AGENT index=7 exit=0 text=4dc33c0cd95f2541 role=child prefix_tokens=16321 suffix_tokens=14 model_ms=1066.5 context_ms=45.8 state_ms=8.40 prefix_ms=0.0 suffix_ms=469.8 first_token_ms=1917.9 generation_ms=19429.1 generated=64 generation_tps=3.294
END_CASE failed=0 fault_pages=36570
CASE mode=no_read agents=8
AGENT index=0 exit=0 text=4dc33c0cd95f2541 role=child prefix_tokens=16321 suffix_tokens=14 model_ms=1149.8 context_ms=65.3 state_ms=7.34 prefix_ms=0.0 suffix_ms=830.6 first_token_ms=2361.1 generation_ms=12456.7 generated=64 generation_tps=5.138
AGENT index=1 exit=0 text=4dc33c0cd95f2541 role=child prefix_tokens=16321 suffix_tokens=14 model_ms=1141.8 context_ms=66.6 state_ms=7.29 prefix_ms=0.0 suffix_ms=1019.6 first_token_ms=2551.2 generation_ms=19163.1 generated=64 generation_tps=3.340
AGENT index=2 exit=0 text=4dc33c0cd95f2541 role=child prefix_tokens=16321 suffix_tokens=14 model_ms=1145.8 context_ms=66.1 state_ms=7.50 prefix_ms=0.0 suffix_ms=844.3 first_token_ms=2375.5 generation_ms=12451.5 generated=64 generation_tps=5.140
AGENT index=3 exit=0 text=1911721bc1759881 role=child prefix_tokens=16321 suffix_tokens=14 model_ms=1129.1 context_ms=57.2 state_ms=7.86 prefix_ms=0.0 suffix_ms=967.5 first_token_ms=2486.6 generation_ms=19091.9 generated=64 generation_tps=3.352
AGENT index=4 exit=0 text=4dc33c0cd95f2541 role=child prefix_tokens=16321 suffix_tokens=14 model_ms=1128.1 context_ms=45.2 state_ms=7.39 prefix_ms=0.0 suffix_ms=768.8 first_token_ms=2272.5 generation_ms=12429.1 generated=64 generation_tps=5.149
AGENT index=5 exit=0 text=4dc33c0cd95f2541 role=child prefix_tokens=16321 suffix_tokens=14 model_ms=1136.7 context_ms=68.6 state_ms=7.40 prefix_ms=0.0 suffix_ms=1011.2 first_token_ms=2542.8 generation_ms=19163.7 generated=64 generation_tps=3.340
AGENT index=6 exit=0 text=4dc33c0cd95f2541 role=child prefix_tokens=16321 suffix_tokens=14 model_ms=1120.8 context_ms=42.3 state_ms=7.33 prefix_ms=0.0 suffix_ms=826.5 first_token_ms=2318.9 generation_ms=12452.0 generated=64 generation_tps=5.140
AGENT index=7 exit=0 text=4dc33c0cd95f2541 role=child prefix_tokens=16321 suffix_tokens=14 model_ms=1127.7 context_ms=65.8 state_ms=7.44 prefix_ms=0.0 suffix_ms=1003.2 first_token_ms=2531.5 generation_ms=19176.3 generated=64 generation_tps=3.337
END_CASE failed=0 fault_pages=2651914
CASE mode=extent agents=8
AGENT index=0 exit=0 text=4dc33c0cd95f2541 role=child prefix_tokens=16321 suffix_tokens=14 model_ms=1005.3 context_ms=35.2 state_ms=7.38 prefix_ms=0.0 suffix_ms=114.7 first_token_ms=1471.1 generation_ms=12469.0 generated=64 generation_tps=5.133
AGENT index=1 exit=0 text=4dc33c0cd95f2541 role=child prefix_tokens=16321 suffix_tokens=14 model_ms=1081.2 context_ms=39.5 state_ms=7.37 prefix_ms=0.0 suffix_ms=469.6 first_token_ms=1915.3 generation_ms=18825.4 generated=64 generation_tps=3.400
AGENT index=2 exit=0 text=4dc33c0cd95f2541 role=child prefix_tokens=16321 suffix_tokens=14 model_ms=1041.5 context_ms=41.5 state_ms=7.37 prefix_ms=0.0 suffix_ms=296.4 first_token_ms=1700.3 generation_ms=12464.2 generated=64 generation_tps=5.135
AGENT index=3 exit=0 text=1911721bc1759881 role=child prefix_tokens=16321 suffix_tokens=14 model_ms=814.0 context_ms=33.3 state_ms=7.38 prefix_ms=0.0 suffix_ms=118.8 first_token_ms=1234.6 generation_ms=18542.0 generated=64 generation_tps=3.452
AGENT index=4 exit=0 text=4dc33c0cd95f2541 role=child prefix_tokens=16321 suffix_tokens=14 model_ms=1030.8 context_ms=43.3 state_ms=7.49 prefix_ms=0.0 suffix_ms=292.2 first_token_ms=1695.8 generation_ms=12455.3 generated=64 generation_tps=5.138
AGENT index=5 exit=0 text=4dc33c0cd95f2541 role=child prefix_tokens=16321 suffix_tokens=14 model_ms=1078.4 context_ms=40.3 state_ms=7.32 prefix_ms=0.0 suffix_ms=470.9 first_token_ms=1909.6 generation_ms=18827.8 generated=64 generation_tps=3.399
AGENT index=6 exit=0 text=4dc33c0cd95f2541 role=child prefix_tokens=16321 suffix_tokens=14 model_ms=1033.5 context_ms=46.1 state_ms=7.47 prefix_ms=0.0 suffix_ms=291.2 first_token_ms=1699.9 generation_ms=12443.9 generated=64 generation_tps=5.143
AGENT index=7 exit=0 text=4dc33c0cd95f2541 role=child prefix_tokens=16321 suffix_tokens=14 model_ms=1001.6 context_ms=36.9 state_ms=7.52 prefix_ms=0.0 suffix_ms=335.3 first_token_ms=1705.4 generation_ms=18897.2 generated=64 generation_tps=3.387
END_CASE failed=0 fault_pages=0
CASE mode=copy agents=8
AGENT index=0 exit=0 text=4dc33c0cd95f2541 role=child prefix_tokens=16321 suffix_tokens=14 model_ms=1090.6 context_ms=238.5 state_ms=209.03 prefix_ms=0.0 suffix_ms=119.0 first_token_ms=1970.3 generation_ms=12116.6 generated=64 generation_tps=5.282
AGENT index=1 exit=0 text=4dc33c0cd95f2541 role=child prefix_tokens=16321 suffix_tokens=14 model_ms=1100.5 context_ms=251.1 state_ms=366.51 prefix_ms=0.0 suffix_ms=425.5 first_token_ms=2466.1 generation_ms=18555.3 generated=64 generation_tps=3.449
AGENT index=2 exit=0 text=4dc33c0cd95f2541 role=child prefix_tokens=16321 suffix_tokens=14 model_ms=1103.0 context_ms=245.4 state_ms=366.88 prefix_ms=0.0 suffix_ms=309.2 first_token_ms=2349.8 generation_ms=12324.6 generated=64 generation_tps=5.193
AGENT index=3 exit=0 text=1911721bc1759881 role=child prefix_tokens=16321 suffix_tokens=14 model_ms=1088.1 context_ms=252.8 state_ms=383.80 prefix_ms=0.0 suffix_ms=434.9 first_token_ms=2477.7 generation_ms=18556.3 generated=64 generation_tps=3.449
AGENT index=4 exit=0 text=4dc33c0cd95f2541 role=child prefix_tokens=16321 suffix_tokens=14 model_ms=1095.3 context_ms=268.2 state_ms=370.28 prefix_ms=0.0 suffix_ms=344.2 first_token_ms=2385.1 generation_ms=12301.8 generated=64 generation_tps=5.202
AGENT index=5 exit=0 text=4dc33c0cd95f2541 role=child prefix_tokens=16321 suffix_tokens=14 model_ms=1116.7 context_ms=268.6 state_ms=370.40 prefix_ms=0.0 suffix_ms=401.6 first_token_ms=2443.9 generation_ms=18543.2 generated=64 generation_tps=3.451
AGENT index=6 exit=0 text=4dc33c0cd95f2541 role=child prefix_tokens=16321 suffix_tokens=14 model_ms=1081.9 context_ms=251.9 state_ms=387.64 prefix_ms=0.0 suffix_ms=303.8 first_token_ms=2345.1 generation_ms=12329.3 generated=64 generation_tps=5.191
AGENT index=7 exit=0 text=4dc33c0cd95f2541 role=child prefix_tokens=16321 suffix_tokens=14 model_ms=1126.4 context_ms=233.6 state_ms=407.72 prefix_ms=0.0 suffix_ms=409.4 first_token_ms=2450.9 generation_ms=18566.6 generated=64 generation_tps=3.447
END_CASE failed=0 fault_pages=0
END_KVFAULTCOUNT
BEGIN_KVFAULTCOUNT run=3
FORK mode=fork_copy exit=0 fault_pages_before_publish=0 fault_pages_after_publish=0 prefix_tokens=16321 prefix_ms=19775.4 publish_ms=538.77 state_bytes=936173269 suffix_tokens=13 model_ms=589.8 context_ms=58.7 state_ms=538.77 prefix_ms=19775.4 suffix_ms=57.3 first_token_ms=21160.6 generation_ms=2721.4 generated=64 generation_tps=23.517
FORK mode=fork_extent exit=0 fault_pages_before_publish=0 fault_pages_after_publish=113364 prefix_tokens=16321 prefix_ms=19845.8 publish_ms=9.12 state_bytes=261845 suffix_tokens=13 model_ms=597.7 context_ms=34.9 state_ms=9.12 prefix_ms=19845.8 suffix_ms=128.2 first_token_ms=20742.1 generation_ms=2727.5 generated=64 generation_tps=23.464
FORK mode=fork_refill exit=0 fault_pages_before_publish=0 fault_pages_after_publish=0 prefix_tokens=16321 prefix_ms=19828.9 publish_ms=10.62 state_bytes=261845 suffix_tokens=13 model_ms=601.9 context_ms=35.3 state_ms=10.62 prefix_ms=19828.9 suffix_ms=57.0 first_token_ms=20673.5 generation_ms=2722.2 generated=64 generation_tps=23.511
PUBLISH store=rows fault_pages=0 prefix_tokens=16321 prefix_ms=19788.1 publish_ms=560.47 state_bytes=936173269
PUBLISH store=file fault_pages=0 prefix_tokens=16321 prefix_ms=19846.1 publish_ms=9.09 state_bytes=261845
CASE mode=copy agents=8
AGENT index=0 exit=0 text=4dc33c0cd95f2541 role=child prefix_tokens=16321 suffix_tokens=14 model_ms=1139.3 context_ms=267.3 state_ms=376.32 prefix_ms=0.0 suffix_ms=279.7 first_token_ms=2370.3 generation_ms=12503.0 generated=64 generation_tps=5.119
AGENT index=1 exit=0 text=4dc33c0cd95f2541 role=child prefix_tokens=16321 suffix_tokens=14 model_ms=1132.8 context_ms=286.6 state_ms=354.75 prefix_ms=0.0 suffix_ms=471.1 first_token_ms=2563.9 generation_ms=18413.6 generated=64 generation_tps=3.476
AGENT index=2 exit=0 text=4dc33c0cd95f2541 role=child prefix_tokens=16321 suffix_tokens=14 model_ms=1124.4 context_ms=275.7 state_ms=365.92 prefix_ms=0.0 suffix_ms=292.6 first_token_ms=2384.5 generation_ms=12491.3 generated=64 generation_tps=5.124
AGENT index=3 exit=0 text=1911721bc1759881 role=child prefix_tokens=16321 suffix_tokens=14 model_ms=1138.3 context_ms=276.9 state_ms=366.60 prefix_ms=0.0 suffix_ms=479.4 first_token_ms=2572.7 generation_ms=18396.8 generated=64 generation_tps=3.479
AGENT index=4 exit=0 text=4dc33c0cd95f2541 role=child prefix_tokens=16321 suffix_tokens=14 model_ms=1119.5 context_ms=276.3 state_ms=366.06 prefix_ms=0.0 suffix_ms=296.7 first_token_ms=2384.0 generation_ms=12498.8 generated=64 generation_tps=5.120
AGENT index=5 exit=0 text=4dc33c0cd95f2541 role=child prefix_tokens=16321 suffix_tokens=14 model_ms=1116.7 context_ms=275.8 state_ms=367.64 prefix_ms=0.0 suffix_ms=395.7 first_token_ms=2485.0 generation_ms=18441.7 generated=64 generation_tps=3.470
AGENT index=6 exit=0 text=4dc33c0cd95f2541 role=child prefix_tokens=16321 suffix_tokens=14 model_ms=1128.4 context_ms=263.3 state_ms=378.98 prefix_ms=0.0 suffix_ms=285.0 first_token_ms=2376.0 generation_ms=12491.3 generated=64 generation_tps=5.124
AGENT index=7 exit=0 text=4dc33c0cd95f2541 role=child prefix_tokens=16321 suffix_tokens=14 model_ms=1133.0 context_ms=224.1 state_ms=222.36 prefix_ms=0.0 suffix_ms=162.0 first_token_ms=2054.9 generation_ms=18366.1 generated=64 generation_tps=3.485
END_CASE failed=0 fault_pages=0
CASE mode=extent agents=8
AGENT index=0 exit=0 text=4dc33c0cd95f2541 role=child prefix_tokens=16321 suffix_tokens=14 model_ms=1026.4 context_ms=42.6 state_ms=7.80 prefix_ms=0.0 suffix_ms=260.0 first_token_ms=1650.2 generation_ms=12465.8 generated=64 generation_tps=5.134
AGENT index=1 exit=0 text=4dc33c0cd95f2541 role=child prefix_tokens=16321 suffix_tokens=14 model_ms=975.7 context_ms=36.9 state_ms=7.38 prefix_ms=0.0 suffix_ms=387.3 first_token_ms=1716.0 generation_ms=18764.3 generated=64 generation_tps=3.411
AGENT index=2 exit=0 text=4dc33c0cd95f2541 role=child prefix_tokens=16321 suffix_tokens=14 model_ms=1014.3 context_ms=38.8 state_ms=7.50 prefix_ms=0.0 suffix_ms=207.9 first_token_ms=1572.5 generation_ms=12470.5 generated=64 generation_tps=5.132
AGENT index=3 exit=0 text=1911721bc1759881 role=child prefix_tokens=16321 suffix_tokens=14 model_ms=998.5 context_ms=46.0 state_ms=7.38 prefix_ms=0.0 suffix_ms=468.9 first_token_ms=1848.2 generation_ms=18738.0 generated=64 generation_tps=3.416
AGENT index=4 exit=0 text=4dc33c0cd95f2541 role=child prefix_tokens=16321 suffix_tokens=14 model_ms=1048.4 context_ms=37.4 state_ms=7.54 prefix_ms=0.0 suffix_ms=344.4 first_token_ms=1761.4 generation_ms=12392.2 generated=64 generation_tps=5.165
AGENT index=5 exit=0 text=4dc33c0cd95f2541 role=child prefix_tokens=16321 suffix_tokens=14 model_ms=1002.0 context_ms=40.2 state_ms=7.74 prefix_ms=0.0 suffix_ms=449.7 first_token_ms=1819.8 generation_ms=18762.6 generated=64 generation_tps=3.411
AGENT index=6 exit=0 text=4dc33c0cd95f2541 role=child prefix_tokens=16321 suffix_tokens=14 model_ms=1010.0 context_ms=43.9 state_ms=7.44 prefix_ms=0.0 suffix_ms=253.2 first_token_ms=1630.0 generation_ms=12466.7 generated=64 generation_tps=5.134
AGENT index=7 exit=0 text=4dc33c0cd95f2541 role=child prefix_tokens=16321 suffix_tokens=14 model_ms=689.8 context_ms=36.0 state_ms=7.51 prefix_ms=0.0 suffix_ms=121.6 first_token_ms=1084.5 generation_ms=18227.1 generated=64 generation_tps=3.511
END_CASE failed=0 fault_pages=0
CASE mode=no_read agents=8
AGENT index=0 exit=0 text=4dc33c0cd95f2541 role=child prefix_tokens=16321 suffix_tokens=14 model_ms=1093.6 context_ms=42.6 state_ms=7.61 prefix_ms=0.0 suffix_ms=639.3 first_token_ms=2096.1 generation_ms=12455.1 generated=64 generation_tps=5.138
AGENT index=1 exit=0 text=4dc33c0cd95f2541 role=child prefix_tokens=16321 suffix_tokens=14 model_ms=1117.3 context_ms=56.4 state_ms=9.38 prefix_ms=0.0 suffix_ms=813.4 first_token_ms=2286.5 generation_ms=19149.2 generated=64 generation_tps=3.342
AGENT index=2 exit=0 text=4dc33c0cd95f2541 role=child prefix_tokens=16321 suffix_tokens=14 model_ms=1082.0 context_ms=42.5 state_ms=7.63 prefix_ms=0.0 suffix_ms=632.0 first_token_ms=2088.9 generation_ms=12454.9 generated=64 generation_tps=5.139
AGENT index=3 exit=0 text=1911721bc1759881 role=child prefix_tokens=16321 suffix_tokens=14 model_ms=1076.0 context_ms=58.7 state_ms=7.32 prefix_ms=0.0 suffix_ms=823.9 first_token_ms=2295.2 generation_ms=19148.4 generated=64 generation_tps=3.342
AGENT index=4 exit=0 text=4dc33c0cd95f2541 role=child prefix_tokens=16321 suffix_tokens=14 model_ms=1084.7 context_ms=53.1 state_ms=7.40 prefix_ms=0.0 suffix_ms=663.1 first_token_ms=2137.1 generation_ms=12472.8 generated=64 generation_tps=5.131
AGENT index=5 exit=0 text=4dc33c0cd95f2541 role=child prefix_tokens=16321 suffix_tokens=14 model_ms=1118.3 context_ms=38.1 state_ms=7.61 prefix_ms=0.0 suffix_ms=681.0 first_token_ms=2130.4 generation_ms=19155.0 generated=64 generation_tps=3.341
AGENT index=6 exit=0 text=4dc33c0cd95f2541 role=child prefix_tokens=16321 suffix_tokens=14 model_ms=1099.6 context_ms=52.0 state_ms=7.28 prefix_ms=0.0 suffix_ms=669.0 first_token_ms=2145.8 generation_ms=12467.6 generated=64 generation_tps=5.133
AGENT index=7 exit=0 text=4dc33c0cd95f2541 role=child prefix_tokens=16321 suffix_tokens=14 model_ms=1088.8 context_ms=56.1 state_ms=7.37 prefix_ms=0.0 suffix_ms=795.1 first_token_ms=2266.3 generation_ms=19158.8 generated=64 generation_tps=3.341
END_CASE failed=0 fault_pages=2494898
CASE mode=no_populate agents=8
AGENT index=0 exit=0 text=4dc33c0cd95f2541 role=child prefix_tokens=16321 suffix_tokens=14 model_ms=1069.1 context_ms=46.9 state_ms=7.46 prefix_ms=0.0 suffix_ms=437.5 first_token_ms=1882.3 generation_ms=12792.7 generated=64 generation_tps=5.003
AGENT index=1 exit=0 text=4dc33c0cd95f2541 role=child prefix_tokens=16321 suffix_tokens=14 model_ms=1046.0 context_ms=44.5 state_ms=7.30 prefix_ms=0.0 suffix_ms=444.2 first_token_ms=1862.5 generation_ms=19429.6 generated=64 generation_tps=3.294
AGENT index=2 exit=0 text=4dc33c0cd95f2541 role=child prefix_tokens=16321 suffix_tokens=14 model_ms=1081.8 context_ms=45.9 state_ms=7.47 prefix_ms=0.0 suffix_ms=435.8 first_token_ms=1884.3 generation_ms=12778.4 generated=64 generation_tps=5.008
AGENT index=3 exit=0 text=1911721bc1759881 role=child prefix_tokens=16321 suffix_tokens=14 model_ms=1062.5 context_ms=43.6 state_ms=7.61 prefix_ms=0.0 suffix_ms=486.6 first_token_ms=1905.6 generation_ms=19417.0 generated=64 generation_tps=3.296
AGENT index=4 exit=0 text=4dc33c0cd95f2541 role=child prefix_tokens=16321 suffix_tokens=14 model_ms=1031.1 context_ms=32.8 state_ms=7.45 prefix_ms=0.0 suffix_ms=165.2 first_token_ms=1535.8 generation_ms=12803.7 generated=64 generation_tps=4.999
AGENT index=5 exit=0 text=4dc33c0cd95f2541 role=child prefix_tokens=16321 suffix_tokens=14 model_ms=1094.3 context_ms=37.6 state_ms=7.51 prefix_ms=0.0 suffix_ms=581.4 first_token_ms=2044.9 generation_ms=19370.1 generated=64 generation_tps=3.304
AGENT index=6 exit=0 text=4dc33c0cd95f2541 role=child prefix_tokens=16321 suffix_tokens=14 model_ms=1084.9 context_ms=47.4 state_ms=7.30 prefix_ms=0.0 suffix_ms=439.1 first_token_ms=1888.7 generation_ms=12791.0 generated=64 generation_tps=5.004
AGENT index=7 exit=0 text=4dc33c0cd95f2541 role=child prefix_tokens=16321 suffix_tokens=14 model_ms=1122.9 context_ms=39.0 state_ms=7.63 prefix_ms=0.0 suffix_ms=573.9 first_token_ms=2055.4 generation_ms=19361.1 generated=64 generation_tps=3.306
END_CASE failed=0 fault_pages=37126
CASE mode=cow agents=8
AGENT index=0 exit=0 text=4dc33c0cd95f2541 role=child prefix_tokens=16321 suffix_tokens=14 model_ms=1124.7 context_ms=42.6 state_ms=7.30 prefix_ms=0.0 suffix_ms=594.9 first_token_ms=2082.1 generation_ms=12603.3 generated=64 generation_tps=5.078
AGENT index=1 exit=0 text=4dc33c0cd95f2541 role=child prefix_tokens=16321 suffix_tokens=14 model_ms=1110.2 context_ms=62.7 state_ms=7.45 prefix_ms=0.0 suffix_ms=705.7 first_token_ms=2212.2 generation_ms=19310.7 generated=64 generation_tps=3.314
AGENT index=2 exit=0 text=4dc33c0cd95f2541 role=child prefix_tokens=16321 suffix_tokens=14 model_ms=1116.0 context_ms=66.0 state_ms=7.32 prefix_ms=0.0 suffix_ms=622.8 first_token_ms=2135.3 generation_ms=12575.3 generated=64 generation_tps=5.089
AGENT index=3 exit=0 text=1911721bc1759881 role=child prefix_tokens=16321 suffix_tokens=14 model_ms=1150.3 context_ms=67.2 state_ms=7.42 prefix_ms=0.0 suffix_ms=753.9 first_token_ms=2264.1 generation_ms=19293.4 generated=64 generation_tps=3.317
AGENT index=4 exit=0 text=4dc33c0cd95f2541 role=child prefix_tokens=16321 suffix_tokens=14 model_ms=1123.5 context_ms=50.1 state_ms=7.48 prefix_ms=0.0 suffix_ms=591.4 first_token_ms=2078.8 generation_ms=12595.2 generated=64 generation_tps=5.081
AGENT index=5 exit=0 text=4dc33c0cd95f2541 role=child prefix_tokens=16321 suffix_tokens=14 model_ms=1107.8 context_ms=66.8 state_ms=7.33 prefix_ms=0.0 suffix_ms=723.1 first_token_ms=2233.3 generation_ms=19318.6 generated=64 generation_tps=3.313
AGENT index=6 exit=0 text=4dc33c0cd95f2541 role=child prefix_tokens=16321 suffix_tokens=14 model_ms=1113.1 context_ms=42.6 state_ms=7.41 prefix_ms=0.0 suffix_ms=523.7 first_token_ms=2006.6 generation_ms=12602.9 generated=64 generation_tps=5.078
AGENT index=7 exit=0 text=4dc33c0cd95f2541 role=child prefix_tokens=16321 suffix_tokens=14 model_ms=1122.5 context_ms=63.1 state_ms=7.54 prefix_ms=0.0 suffix_ms=713.8 first_token_ms=2222.0 generation_ms=19306.6 generated=64 generation_tps=3.315
END_CASE failed=0 fault_pages=565210
CASE mode=cow_noread agents=8
AGENT index=0 exit=0 text=4dc33c0cd95f2541 role=child prefix_tokens=16321 suffix_tokens=14 model_ms=1030.5 context_ms=36.5 state_ms=7.24 prefix_ms=0.0 suffix_ms=3134.9 first_token_ms=4528.1 generation_ms=12655.1 generated=64 generation_tps=5.057
AGENT index=1 exit=0 text=4dc33c0cd95f2541 role=child prefix_tokens=16321 suffix_tokens=14 model_ms=1091.4 context_ms=41.2 state_ms=7.92 prefix_ms=0.0 suffix_ms=3958.3 first_token_ms=5419.1 generation_ms=18914.2 generated=64 generation_tps=3.384
AGENT index=2 exit=0 text=4dc33c0cd95f2541 role=child prefix_tokens=16321 suffix_tokens=14 model_ms=1057.5 context_ms=36.6 state_ms=7.46 prefix_ms=0.0 suffix_ms=3247.5 first_token_ms=4658.8 generation_ms=12591.2 generated=64 generation_tps=5.083
AGENT index=3 exit=0 text=1911721bc1759881 role=child prefix_tokens=16321 suffix_tokens=14 model_ms=1098.5 context_ms=40.3 state_ms=7.33 prefix_ms=0.0 suffix_ms=3850.7 first_token_ms=5310.3 generation_ms=18971.9 generated=64 generation_tps=3.373
AGENT index=4 exit=0 text=4dc33c0cd95f2541 role=child prefix_tokens=16321 suffix_tokens=14 model_ms=1096.0 context_ms=36.4 state_ms=7.32 prefix_ms=0.0 suffix_ms=3348.9 first_token_ms=4815.6 generation_ms=12518.4 generated=64 generation_tps=5.112
AGENT index=5 exit=0 text=4dc33c0cd95f2541 role=child prefix_tokens=16321 suffix_tokens=14 model_ms=857.2 context_ms=32.4 state_ms=7.35 prefix_ms=0.0 suffix_ms=2181.2 first_token_ms=3358.4 generation_ms=19783.1 generated=64 generation_tps=3.235
AGENT index=6 exit=0 text=4dc33c0cd95f2541 role=child prefix_tokens=16321 suffix_tokens=14 model_ms=1062.7 context_ms=37.9 state_ms=8.93 prefix_ms=0.0 suffix_ms=3298.2 first_token_ms=4715.9 generation_ms=12582.5 generated=64 generation_tps=5.086
AGENT index=7 exit=0 text=4dc33c0cd95f2541 role=child prefix_tokens=16321 suffix_tokens=14 model_ms=1103.7 context_ms=39.2 state_ms=7.37 prefix_ms=0.0 suffix_ms=3903.7 first_token_ms=5378.4 generation_ms=18936.5 generated=64 generation_tps=3.380
END_CASE failed=0 fault_pages=7405446
END_KVFAULTCOUNT
BEGIN_KVFAULTCOUNT run=4
FORK mode=fork_copy exit=0 fault_pages_before_publish=0 fault_pages_after_publish=0 prefix_tokens=16321 prefix_ms=19786.3 publish_ms=554.96 state_bytes=936173269 suffix_tokens=13 model_ms=593.4 context_ms=57.9 state_ms=554.96 prefix_ms=19786.3 suffix_ms=57.4 first_token_ms=21186.1 generation_ms=2717.1 generated=64 generation_tps=23.554
FORK mode=fork_extent exit=0 fault_pages_before_publish=0 fault_pages_after_publish=113364 prefix_tokens=16321 prefix_ms=19862.8 publish_ms=9.15 state_bytes=261845 suffix_tokens=13 model_ms=594.4 context_ms=35.9 state_ms=9.15 prefix_ms=19862.8 suffix_ms=135.6 first_token_ms=20775.5 generation_ms=2725.1 generated=64 generation_tps=23.485
FORK mode=fork_refill exit=0 fault_pages_before_publish=0 fault_pages_after_publish=0 prefix_tokens=16321 prefix_ms=19829.6 publish_ms=14.49 state_bytes=261845 suffix_tokens=13 model_ms=588.4 context_ms=36.0 state_ms=14.49 prefix_ms=19829.6 suffix_ms=58.1 first_token_ms=20661.0 generation_ms=2724.7 generated=64 generation_tps=23.489
PUBLISH store=rows fault_pages=0 prefix_tokens=16321 prefix_ms=19782.6 publish_ms=555.20 state_bytes=936173269
PUBLISH store=file fault_pages=0 prefix_tokens=16321 prefix_ms=19857.1 publish_ms=9.10 state_bytes=261845
CASE mode=cow_noread agents=8
AGENT index=0 exit=0 text=4dc33c0cd95f2541 role=child prefix_tokens=16321 suffix_tokens=14 model_ms=1086.7 context_ms=36.2 state_ms=7.79 prefix_ms=0.0 suffix_ms=3238.9 first_token_ms=4678.0 generation_ms=12641.9 generated=64 generation_tps=5.063
AGENT index=1 exit=0 text=4dc33c0cd95f2541 role=child prefix_tokens=16321 suffix_tokens=14 model_ms=1109.3 context_ms=39.9 state_ms=7.50 prefix_ms=0.0 suffix_ms=3726.6 first_token_ms=5202.2 generation_ms=19265.5 generated=64 generation_tps=3.322
AGENT index=2 exit=0 text=4dc33c0cd95f2541 role=child prefix_tokens=16321 suffix_tokens=14 model_ms=1105.9 context_ms=46.0 state_ms=7.13 prefix_ms=0.0 suffix_ms=3341.1 first_token_ms=4823.4 generation_ms=12580.4 generated=64 generation_tps=5.087
AGENT index=3 exit=0 text=1911721bc1759881 role=child prefix_tokens=16321 suffix_tokens=14 model_ms=1002.6 context_ms=32.1 state_ms=7.13 prefix_ms=0.0 suffix_ms=3335.8 first_token_ms=4660.3 generation_ms=19482.8 generated=64 generation_tps=3.285
AGENT index=4 exit=0 text=4dc33c0cd95f2541 role=child prefix_tokens=16321 suffix_tokens=14 model_ms=1078.1 context_ms=46.3 state_ms=7.44 prefix_ms=0.0 suffix_ms=3270.0 first_token_ms=4727.2 generation_ms=12640.5 generated=64 generation_tps=5.063
AGENT index=5 exit=0 text=4dc33c0cd95f2541 role=child prefix_tokens=16321 suffix_tokens=14 model_ms=1057.5 context_ms=39.4 state_ms=7.40 prefix_ms=0.0 suffix_ms=3786.5 first_token_ms=5205.5 generation_ms=19273.0 generated=64 generation_tps=3.321
AGENT index=6 exit=0 text=4dc33c0cd95f2541 role=child prefix_tokens=16321 suffix_tokens=14 model_ms=1098.3 context_ms=46.0 state_ms=7.05 prefix_ms=0.0 suffix_ms=3265.6 first_token_ms=4746.6 generation_ms=12622.4 generated=64 generation_tps=5.070
AGENT index=7 exit=0 text=4dc33c0cd95f2541 role=child prefix_tokens=16321 suffix_tokens=14 model_ms=1037.0 context_ms=40.6 state_ms=7.37 prefix_ms=0.0 suffix_ms=3804.0 first_token_ms=5217.8 generation_ms=19267.4 generated=64 generation_tps=3.322
END_CASE failed=0 fault_pages=7424668
CASE mode=cow agents=8
AGENT index=0 exit=0 text=4dc33c0cd95f2541 role=child prefix_tokens=16321 suffix_tokens=14 model_ms=1101.8 context_ms=65.5 state_ms=7.41 prefix_ms=0.0 suffix_ms=549.4 first_token_ms=2049.9 generation_ms=12553.9 generated=64 generation_tps=5.098
AGENT index=1 exit=0 text=4dc33c0cd95f2541 role=child prefix_tokens=16321 suffix_tokens=14 model_ms=1119.2 context_ms=69.6 state_ms=7.36 prefix_ms=0.0 suffix_ms=719.1 first_token_ms=2222.1 generation_ms=19388.3 generated=64 generation_tps=3.301
AGENT index=2 exit=0 text=4dc33c0cd95f2541 role=child prefix_tokens=16321 suffix_tokens=14 model_ms=1114.2 context_ms=68.9 state_ms=7.30 prefix_ms=0.0 suffix_ms=560.2 first_token_ms=2063.1 generation_ms=12593.9 generated=64 generation_tps=5.082
AGENT index=3 exit=0 text=1911721bc1759881 role=child prefix_tokens=16321 suffix_tokens=14 model_ms=1104.9 context_ms=69.9 state_ms=7.18 prefix_ms=0.0 suffix_ms=701.1 first_token_ms=2206.1 generation_ms=19384.8 generated=64 generation_tps=3.302
AGENT index=4 exit=0 text=4dc33c0cd95f2541 role=child prefix_tokens=16321 suffix_tokens=14 model_ms=1098.5 context_ms=70.8 state_ms=7.25 prefix_ms=0.0 suffix_ms=587.7 first_token_ms=2091.7 generation_ms=12588.1 generated=64 generation_tps=5.084
AGENT index=5 exit=0 text=4dc33c0cd95f2541 role=child prefix_tokens=16321 suffix_tokens=14 model_ms=1108.6 context_ms=70.8 state_ms=7.50 prefix_ms=0.0 suffix_ms=711.1 first_token_ms=2216.9 generation_ms=19399.0 generated=64 generation_tps=3.299
AGENT index=6 exit=0 text=4dc33c0cd95f2541 role=child prefix_tokens=16321 suffix_tokens=14 model_ms=1123.4 context_ms=70.7 state_ms=7.26 prefix_ms=0.0 suffix_ms=562.8 first_token_ms=2068.4 generation_ms=12596.9 generated=64 generation_tps=5.081
AGENT index=7 exit=0 text=4dc33c0cd95f2541 role=child prefix_tokens=16321 suffix_tokens=14 model_ms=1112.7 context_ms=70.6 state_ms=7.22 prefix_ms=0.0 suffix_ms=724.7 first_token_ms=2230.7 generation_ms=19361.6 generated=64 generation_tps=3.306
END_CASE failed=0 fault_pages=564684
CASE mode=no_populate agents=8
AGENT index=0 exit=0 text=4dc33c0cd95f2541 role=child prefix_tokens=16321 suffix_tokens=14 model_ms=1118.5 context_ms=47.0 state_ms=7.53 prefix_ms=0.0 suffix_ms=456.7 first_token_ms=1954.9 generation_ms=12724.3 generated=64 generation_tps=5.030
AGENT index=1 exit=0 text=4dc33c0cd95f2541 role=child prefix_tokens=16321 suffix_tokens=14 model_ms=1093.6 context_ms=55.1 state_ms=7.28 prefix_ms=0.0 suffix_ms=560.3 first_token_ms=2037.8 generation_ms=19424.8 generated=64 generation_tps=3.295
AGENT index=2 exit=0 text=4dc33c0cd95f2541 role=child prefix_tokens=16321 suffix_tokens=14 model_ms=1094.0 context_ms=51.0 state_ms=7.89 prefix_ms=0.0 suffix_ms=441.1 first_token_ms=1908.2 generation_ms=12746.6 generated=64 generation_tps=5.021
AGENT index=3 exit=0 text=1911721bc1759881 role=child prefix_tokens=16321 suffix_tokens=14 model_ms=1089.7 context_ms=61.0 state_ms=7.31 prefix_ms=0.0 suffix_ms=573.8 first_token_ms=2049.5 generation_ms=19444.4 generated=64 generation_tps=3.291
AGENT index=4 exit=0 text=4dc33c0cd95f2541 role=child prefix_tokens=16321 suffix_tokens=14 model_ms=1106.7 context_ms=50.8 state_ms=7.67 prefix_ms=0.0 suffix_ms=423.0 first_token_ms=1895.7 generation_ms=12751.4 generated=64 generation_tps=5.019
AGENT index=5 exit=0 text=4dc33c0cd95f2541 role=child prefix_tokens=16321 suffix_tokens=14 model_ms=1109.3 context_ms=46.1 state_ms=7.54 prefix_ms=0.0 suffix_ms=562.3 first_token_ms=2056.1 generation_ms=19444.1 generated=64 generation_tps=3.291
AGENT index=6 exit=0 text=4dc33c0cd95f2541 role=child prefix_tokens=16321 suffix_tokens=14 model_ms=1078.7 context_ms=51.0 state_ms=7.33 prefix_ms=0.0 suffix_ms=409.6 first_token_ms=1874.5 generation_ms=12711.5 generated=64 generation_tps=5.035
AGENT index=7 exit=0 text=4dc33c0cd95f2541 role=child prefix_tokens=16321 suffix_tokens=14 model_ms=1098.3 context_ms=61.0 state_ms=7.30 prefix_ms=0.0 suffix_ms=567.4 first_token_ms=2045.4 generation_ms=19467.3 generated=64 generation_tps=3.288
END_CASE failed=0 fault_pages=36852
CASE mode=no_read agents=8
AGENT index=0 exit=0 text=4dc33c0cd95f2541 role=child prefix_tokens=16321 suffix_tokens=14 model_ms=1080.7 context_ms=37.4 state_ms=7.45 prefix_ms=0.0 suffix_ms=651.8 first_token_ms=2081.0 generation_ms=12462.7 generated=64 generation_tps=5.135
AGENT index=1 exit=0 text=4dc33c0cd95f2541 role=child prefix_tokens=16321 suffix_tokens=14 model_ms=1143.2 context_ms=40.7 state_ms=7.39 prefix_ms=0.0 suffix_ms=947.0 first_token_ms=2448.2 generation_ms=19156.9 generated=64 generation_tps=3.341
AGENT index=2 exit=0 text=4dc33c0cd95f2541 role=child prefix_tokens=16321 suffix_tokens=14 model_ms=1135.6 context_ms=42.9 state_ms=7.76 prefix_ms=0.0 suffix_ms=826.4 first_token_ms=2333.3 generation_ms=12412.4 generated=64 generation_tps=5.156
AGENT index=3 exit=0 text=1911721bc1759881 role=child prefix_tokens=16321 suffix_tokens=14 model_ms=1092.3 context_ms=40.9 state_ms=7.25 prefix_ms=0.0 suffix_ms=894.3 first_token_ms=2350.0 generation_ms=19158.5 generated=64 generation_tps=3.341
AGENT index=4 exit=0 text=4dc33c0cd95f2541 role=child prefix_tokens=16321 suffix_tokens=14 model_ms=1101.9 context_ms=37.9 state_ms=7.83 prefix_ms=0.0 suffix_ms=783.0 first_token_ms=2236.9 generation_ms=12414.6 generated=64 generation_tps=5.155
AGENT index=5 exit=0 text=4dc33c0cd95f2541 role=child prefix_tokens=16321 suffix_tokens=14 model_ms=1146.7 context_ms=44.2 state_ms=7.35 prefix_ms=0.0 suffix_ms=961.6 first_token_ms=2467.7 generation_ms=19137.4 generated=64 generation_tps=3.344
AGENT index=6 exit=0 text=4dc33c0cd95f2541 role=child prefix_tokens=16321 suffix_tokens=14 model_ms=1129.9 context_ms=39.8 state_ms=7.42 prefix_ms=0.0 suffix_ms=826.3 first_token_ms=2318.0 generation_ms=12411.0 generated=64 generation_tps=5.157
AGENT index=7 exit=0 text=4dc33c0cd95f2541 role=child prefix_tokens=16321 suffix_tokens=14 model_ms=1096.3 context_ms=36.8 state_ms=7.40 prefix_ms=0.0 suffix_ms=913.0 first_token_ms=2370.2 generation_ms=19166.3 generated=64 generation_tps=3.339
END_CASE failed=0 fault_pages=2570178
CASE mode=extent agents=8
AGENT index=0 exit=0 text=4dc33c0cd95f2541 role=child prefix_tokens=16321 suffix_tokens=14 model_ms=1058.3 context_ms=41.1 state_ms=7.63 prefix_ms=0.0 suffix_ms=274.9 first_token_ms=1703.9 generation_ms=12449.1 generated=64 generation_tps=5.141
AGENT index=1 exit=0 text=4dc33c0cd95f2541 role=child prefix_tokens=16321 suffix_tokens=14 model_ms=1034.5 context_ms=33.1 state_ms=7.25 prefix_ms=0.0 suffix_ms=141.5 first_token_ms=1501.5 generation_ms=19180.0 generated=64 generation_tps=3.337
AGENT index=2 exit=0 text=4dc33c0cd95f2541 role=child prefix_tokens=16321 suffix_tokens=14 model_ms=1051.6 context_ms=36.9 state_ms=7.07 prefix_ms=0.0 suffix_ms=173.8 first_token_ms=1578.8 generation_ms=12461.8 generated=64 generation_tps=5.136
AGENT index=3 exit=0 text=1911721bc1759881 role=child prefix_tokens=16321 suffix_tokens=14 model_ms=1098.3 context_ms=46.5 state_ms=7.33 prefix_ms=0.0 suffix_ms=432.2 first_token_ms=1911.8 generation_ms=19077.9 generated=64 generation_tps=3.355
AGENT index=4 exit=0 text=4dc33c0cd95f2541 role=child prefix_tokens=16321 suffix_tokens=14 model_ms=1056.7 context_ms=41.4 state_ms=7.42 prefix_ms=0.0 suffix_ms=274.0 first_token_ms=1704.3 generation_ms=12460.7 generated=64 generation_tps=5.136
AGENT index=5 exit=0 text=4dc33c0cd95f2541 role=child prefix_tokens=16321 suffix_tokens=14 model_ms=1107.0 context_ms=40.5 state_ms=7.38 prefix_ms=0.0 suffix_ms=409.4 first_token_ms=1881.4 generation_ms=19099.7 generated=64 generation_tps=3.351
AGENT index=6 exit=0 text=4dc33c0cd95f2541 role=child prefix_tokens=16321 suffix_tokens=14 model_ms=1106.8 context_ms=43.8 state_ms=7.40 prefix_ms=0.0 suffix_ms=304.8 first_token_ms=1774.4 generation_ms=12416.1 generated=64 generation_tps=5.155
AGENT index=7 exit=0 text=4dc33c0cd95f2541 role=child prefix_tokens=16321 suffix_tokens=14 model_ms=1060.1 context_ms=36.8 state_ms=7.40 prefix_ms=0.0 suffix_ms=399.8 first_token_ms=1814.4 generation_ms=19111.7 generated=64 generation_tps=3.349
END_CASE failed=0 fault_pages=0
CASE mode=copy agents=8
AGENT index=0 exit=0 text=4dc33c0cd95f2541 role=child prefix_tokens=16321 suffix_tokens=14 model_ms=1084.8 context_ms=176.5 state_ms=355.93 prefix_ms=0.0 suffix_ms=295.9 first_token_ms=2221.9 generation_ms=12494.2 generated=64 generation_tps=5.122
AGENT index=1 exit=0 text=4dc33c0cd95f2541 role=child prefix_tokens=16321 suffix_tokens=14 model_ms=1039.0 context_ms=178.1 state_ms=390.66 prefix_ms=0.0 suffix_ms=443.8 first_token_ms=2372.8 generation_ms=18299.5 generated=64 generation_tps=3.497
AGENT index=2 exit=0 text=4dc33c0cd95f2541 role=child prefix_tokens=16321 suffix_tokens=14 model_ms=1074.0 context_ms=173.5 state_ms=356.27 prefix_ms=0.0 suffix_ms=283.9 first_token_ms=2213.1 generation_ms=12468.7 generated=64 generation_tps=5.133
AGENT index=3 exit=0 text=1911721bc1759881 role=child prefix_tokens=16321 suffix_tokens=14 model_ms=1015.8 context_ms=58.7 state_ms=177.17 prefix_ms=0.0 suffix_ms=217.2 first_token_ms=1755.6 generation_ms=18098.6 generated=64 generation_tps=3.536
AGENT index=4 exit=0 text=4dc33c0cd95f2541 role=child prefix_tokens=16321 suffix_tokens=14 model_ms=1145.8 context_ms=129.9 state_ms=338.57 prefix_ms=0.0 suffix_ms=279.1 first_token_ms=2207.5 generation_ms=12472.9 generated=64 generation_tps=5.131
AGENT index=5 exit=0 text=4dc33c0cd95f2541 role=child prefix_tokens=16321 suffix_tokens=14 model_ms=1057.8 context_ms=141.9 state_ms=402.11 prefix_ms=0.0 suffix_ms=458.8 first_token_ms=2389.8 generation_ms=18323.4 generated=64 generation_tps=3.493
AGENT index=6 exit=0 text=4dc33c0cd95f2541 role=child prefix_tokens=16321 suffix_tokens=14 model_ms=1129.6 context_ms=138.7 state_ms=343.89 prefix_ms=0.0 suffix_ms=301.2 first_token_ms=2230.0 generation_ms=12491.1 generated=64 generation_tps=5.124
AGENT index=7 exit=0 text=4dc33c0cd95f2541 role=child prefix_tokens=16321 suffix_tokens=14 model_ms=1127.9 context_ms=172.4 state_ms=298.25 prefix_ms=0.0 suffix_ms=487.5 first_token_ms=2416.0 generation_ms=18301.9 generated=64 generation_tps=3.497
END_CASE failed=0 fault_pages=0
END_KVFAULTCOUNT
BEGIN_KVFAULTCOUNT run=5
FORK mode=fork_copy exit=0 fault_pages_before_publish=0 fault_pages_after_publish=0 prefix_tokens=16321 prefix_ms=19780.0 publish_ms=553.42 state_bytes=936173269 suffix_tokens=13 model_ms=604.0 context_ms=58.4 state_ms=553.42 prefix_ms=19780.0 suffix_ms=57.4 first_token_ms=21181.0 generation_ms=2719.6 generated=64 generation_tps=23.533
FORK mode=fork_extent exit=0 fault_pages_before_publish=0 fault_pages_after_publish=113360 prefix_tokens=16321 prefix_ms=19860.0 publish_ms=9.28 state_bytes=261845 suffix_tokens=13 model_ms=593.5 context_ms=35.4 state_ms=9.28 prefix_ms=19860.0 suffix_ms=122.9 first_token_ms=20749.3 generation_ms=2716.3 generated=64 generation_tps=23.562
FORK mode=fork_refill exit=0 fault_pages_before_publish=0 fault_pages_after_publish=0 prefix_tokens=16321 prefix_ms=19861.3 publish_ms=14.47 state_bytes=261845 suffix_tokens=13 model_ms=593.3 context_ms=36.6 state_ms=14.47 prefix_ms=19861.3 suffix_ms=57.8 first_token_ms=20691.9 generation_ms=2709.5 generated=64 generation_tps=23.621
PUBLISH store=rows fault_pages=0 prefix_tokens=16321 prefix_ms=19792.5 publish_ms=556.57 state_bytes=936173269
PUBLISH store=file fault_pages=0 prefix_tokens=16321 prefix_ms=19848.7 publish_ms=8.34 state_bytes=261845
CASE mode=copy agents=8
AGENT index=0 exit=0 text=4dc33c0cd95f2541 role=child prefix_tokens=16321 suffix_tokens=14 model_ms=1155.9 context_ms=198.4 state_ms=364.60 prefix_ms=0.0 suffix_ms=312.0 first_token_ms=2355.9 generation_ms=12476.8 generated=64 generation_tps=5.130
AGENT index=1 exit=0 text=4dc33c0cd95f2541 role=child prefix_tokens=16321 suffix_tokens=14 model_ms=1157.5 context_ms=198.3 state_ms=367.39 prefix_ms=0.0 suffix_ms=462.4 first_token_ms=2509.5 generation_ms=18413.1 generated=64 generation_tps=3.476
AGENT index=2 exit=0 text=4dc33c0cd95f2541 role=child prefix_tokens=16321 suffix_tokens=14 model_ms=1094.7 context_ms=266.9 state_ms=374.61 prefix_ms=0.0 suffix_ms=311.4 first_token_ms=2357.2 generation_ms=12474.2 generated=64 generation_tps=5.131
AGENT index=3 exit=0 text=1911721bc1759881 role=child prefix_tokens=16321 suffix_tokens=14 model_ms=1084.5 context_ms=195.7 state_ms=247.12 prefix_ms=0.0 suffix_ms=173.3 first_token_ms=2017.9 generation_ms=18341.4 generated=64 generation_tps=3.489
AGENT index=4 exit=0 text=4dc33c0cd95f2541 role=child prefix_tokens=16321 suffix_tokens=14 model_ms=1138.7 context_ms=191.2 state_ms=381.55 prefix_ms=0.0 suffix_ms=276.8 first_token_ms=2321.1 generation_ms=12386.9 generated=64 generation_tps=5.167
AGENT index=5 exit=0 text=4dc33c0cd95f2541 role=child prefix_tokens=16321 suffix_tokens=14 model_ms=1084.5 context_ms=252.4 state_ms=390.00 prefix_ms=0.0 suffix_ms=470.8 first_token_ms=2518.1 generation_ms=18419.4 generated=64 generation_tps=3.475
AGENT index=6 exit=0 text=4dc33c0cd95f2541 role=child prefix_tokens=16321 suffix_tokens=14 model_ms=1161.8 context_ms=202.8 state_ms=367.70 prefix_ms=0.0 suffix_ms=305.7 first_token_ms=2351.7 generation_ms=12475.4 generated=64 generation_tps=5.130
AGENT index=7 exit=0 text=4dc33c0cd95f2541 role=child prefix_tokens=16321 suffix_tokens=14 model_ms=1073.0 context_ms=252.0 state_ms=391.92 prefix_ms=0.0 suffix_ms=472.6 first_token_ms=2519.0 generation_ms=18427.4 generated=64 generation_tps=3.473
END_CASE failed=0 fault_pages=0
CASE mode=extent agents=8
AGENT index=0 exit=0 text=4dc33c0cd95f2541 role=child prefix_tokens=16321 suffix_tokens=14 model_ms=1086.9 context_ms=43.2 state_ms=7.29 prefix_ms=0.0 suffix_ms=244.3 first_token_ms=1705.5 generation_ms=12474.9 generated=64 generation_tps=5.130
AGENT index=1 exit=0 text=4dc33c0cd95f2541 role=child prefix_tokens=16321 suffix_tokens=14 model_ms=1103.1 context_ms=45.8 state_ms=7.45 prefix_ms=0.0 suffix_ms=406.2 first_token_ms=1890.8 generation_ms=19217.0 generated=64 generation_tps=3.330
AGENT index=2 exit=0 text=4dc33c0cd95f2541 role=child prefix_tokens=16321 suffix_tokens=14 model_ms=1139.8 context_ms=40.7 state_ms=7.45 prefix_ms=0.0 suffix_ms=338.7 first_token_ms=1848.3 generation_ms=12379.8 generated=64 generation_tps=5.170
AGENT index=3 exit=0 text=1911721bc1759881 role=child prefix_tokens=16321 suffix_tokens=14 model_ms=1130.4 context_ms=41.5 state_ms=7.54 prefix_ms=0.0 suffix_ms=413.0 first_token_ms=1902.5 generation_ms=19204.3 generated=64 generation_tps=3.333
AGENT index=4 exit=0 text=4dc33c0cd95f2541 role=child prefix_tokens=16321 suffix_tokens=14 model_ms=1090.7 context_ms=40.2 state_ms=7.25 prefix_ms=0.0 suffix_ms=234.9 first_token_ms=1677.9 generation_ms=12465.8 generated=64 generation_tps=5.134
AGENT index=5 exit=0 text=4dc33c0cd95f2541 role=child prefix_tokens=16321 suffix_tokens=14 model_ms=1126.0 context_ms=46.6 state_ms=7.42 prefix_ms=0.0 suffix_ms=414.8 first_token_ms=1909.5 generation_ms=19200.4 generated=64 generation_tps=3.333
AGENT index=6 exit=0 text=4dc33c0cd95f2541 role=child prefix_tokens=16321 suffix_tokens=14 model_ms=1078.9 context_ms=41.5 state_ms=7.25 prefix_ms=0.0 suffix_ms=247.2 first_token_ms=1690.8 generation_ms=12467.1 generated=64 generation_tps=5.133
AGENT index=7 exit=0 text=4dc33c0cd95f2541 role=child prefix_tokens=16321 suffix_tokens=14 model_ms=1101.0 context_ms=44.7 state_ms=7.35 prefix_ms=0.0 suffix_ms=402.9 first_token_ms=1887.7 generation_ms=19159.7 generated=64 generation_tps=3.340
END_CASE failed=0 fault_pages=0
CASE mode=no_read agents=8
AGENT index=0 exit=0 text=4dc33c0cd95f2541 role=child prefix_tokens=16321 suffix_tokens=14 model_ms=1041.7 context_ms=42.8 state_ms=7.94 prefix_ms=0.0 suffix_ms=652.1 first_token_ms=2069.0 generation_ms=12503.4 generated=64 generation_tps=5.119
AGENT index=1 exit=0 text=4dc33c0cd95f2541 role=child prefix_tokens=16321 suffix_tokens=14 model_ms=1069.5 context_ms=37.3 state_ms=7.32 prefix_ms=0.0 suffix_ms=978.1 first_token_ms=2411.9 generation_ms=18974.3 generated=64 generation_tps=3.373
AGENT index=2 exit=0 text=4dc33c0cd95f2541 role=child prefix_tokens=16321 suffix_tokens=14 model_ms=1115.3 context_ms=40.1 state_ms=8.46 prefix_ms=0.0 suffix_ms=873.4 first_token_ms=2351.1 generation_ms=12359.7 generated=64 generation_tps=5.178
AGENT index=3 exit=0 text=1911721bc1759881 role=child prefix_tokens=16321 suffix_tokens=14 model_ms=1001.1 context_ms=31.4 state_ms=7.21 prefix_ms=0.0 suffix_ms=279.1 first_token_ms=1587.2 generation_ms=19284.8 generated=64 generation_tps=3.319
AGENT index=4 exit=0 text=4dc33c0cd95f2541 role=child prefix_tokens=16321 suffix_tokens=14 model_ms=1052.1 context_ms=41.7 state_ms=7.40 prefix_ms=0.0 suffix_ms=641.0 first_token_ms=2054.4 generation_ms=12516.4 generated=64 generation_tps=5.113
AGENT index=5 exit=0 text=4dc33c0cd95f2541 role=child prefix_tokens=16321 suffix_tokens=14 model_ms=994.8 context_ms=32.4 state_ms=8.51 prefix_ms=0.0 suffix_ms=870.3 first_token_ms=2230.7 generation_ms=19064.0 generated=64 generation_tps=3.357
AGENT index=6 exit=0 text=4dc33c0cd95f2541 role=child prefix_tokens=16321 suffix_tokens=14 model_ms=1088.5 context_ms=35.7 state_ms=7.46 prefix_ms=0.0 suffix_ms=838.4 first_token_ms=2282.3 generation_ms=12397.4 generated=64 generation_tps=5.162
AGENT index=7 exit=0 text=4dc33c0cd95f2541 role=child prefix_tokens=16321 suffix_tokens=14 model_ms=1076.8 context_ms=42.1 state_ms=7.12 prefix_ms=0.0 suffix_ms=967.3 first_token_ms=2381.9 generation_ms=18989.2 generated=64 generation_tps=3.370
END_CASE failed=0 fault_pages=2472104
CASE mode=no_populate agents=8
AGENT index=0 exit=0 text=4dc33c0cd95f2541 role=child prefix_tokens=16321 suffix_tokens=14 model_ms=1054.6 context_ms=39.4 state_ms=7.69 prefix_ms=0.0 suffix_ms=386.3 first_token_ms=1799.1 generation_ms=12717.9 generated=64 generation_tps=5.032
AGENT index=1 exit=0 text=4dc33c0cd95f2541 role=child prefix_tokens=16321 suffix_tokens=14 model_ms=1084.2 context_ms=49.0 state_ms=7.58 prefix_ms=0.0 suffix_ms=511.5 first_token_ms=1936.7 generation_ms=19378.8 generated=64 generation_tps=3.303
AGENT index=2 exit=0 text=4dc33c0cd95f2541 role=child prefix_tokens=16321 suffix_tokens=14 model_ms=1037.9 context_ms=50.6 state_ms=7.45 prefix_ms=0.0 suffix_ms=406.0 first_token_ms=1826.7 generation_ms=12713.8 generated=64 generation_tps=5.034
AGENT index=3 exit=0 text=1911721bc1759881 role=child prefix_tokens=16321 suffix_tokens=14 model_ms=1065.4 context_ms=39.1 state_ms=7.31 prefix_ms=0.0 suffix_ms=380.3 first_token_ms=1780.3 generation_ms=19463.8 generated=64 generation_tps=3.288
AGENT index=4 exit=0 text=4dc33c0cd95f2541 role=child prefix_tokens=16321 suffix_tokens=14 model_ms=1076.0 context_ms=43.8 state_ms=7.55 prefix_ms=0.0 suffix_ms=434.8 first_token_ms=1878.3 generation_ms=12716.5 generated=64 generation_tps=5.033
AGENT index=5 exit=0 text=4dc33c0cd95f2541 role=child prefix_tokens=16321 suffix_tokens=14 model_ms=1084.1 context_ms=39.2 state_ms=7.48 prefix_ms=0.0 suffix_ms=584.3 first_token_ms=2042.5 generation_ms=19374.5 generated=64 generation_tps=3.303
AGENT index=6 exit=0 text=4dc33c0cd95f2541 role=child prefix_tokens=16321 suffix_tokens=14 model_ms=1041.0 context_ms=55.3 state_ms=7.26 prefix_ms=0.0 suffix_ms=429.5 first_token_ms=1853.4 generation_ms=12728.6 generated=64 generation_tps=5.028
AGENT index=7 exit=0 text=4dc33c0cd95f2541 role=child prefix_tokens=16321 suffix_tokens=14 model_ms=1104.2 context_ms=37.1 state_ms=7.47 prefix_ms=0.0 suffix_ms=580.8 first_token_ms=2048.0 generation_ms=19366.7 generated=64 generation_tps=3.305
END_CASE failed=0 fault_pages=37274
CASE mode=cow agents=8
AGENT index=0 exit=0 text=4dc33c0cd95f2541 role=child prefix_tokens=16321 suffix_tokens=14 model_ms=1102.1 context_ms=42.8 state_ms=7.72 prefix_ms=0.0 suffix_ms=611.9 first_token_ms=2095.6 generation_ms=12536.0 generated=64 generation_tps=5.105
AGENT index=1 exit=0 text=4dc33c0cd95f2541 role=child prefix_tokens=16321 suffix_tokens=14 model_ms=1060.5 context_ms=45.4 state_ms=7.45 prefix_ms=0.0 suffix_ms=680.7 first_token_ms=2119.6 generation_ms=19404.4 generated=64 generation_tps=3.298
AGENT index=2 exit=0 text=4dc33c0cd95f2541 role=child prefix_tokens=16321 suffix_tokens=14 model_ms=1101.5 context_ms=40.6 state_ms=7.43 prefix_ms=0.0 suffix_ms=561.7 first_token_ms=2023.1 generation_ms=12544.0 generated=64 generation_tps=5.102
AGENT index=3 exit=0 text=1911721bc1759881 role=child prefix_tokens=16321 suffix_tokens=14 model_ms=1066.4 context_ms=45.4 state_ms=7.98 prefix_ms=0.0 suffix_ms=727.0 first_token_ms=2167.6 generation_ms=19403.6 generated=64 generation_tps=3.298
AGENT index=4 exit=0 text=4dc33c0cd95f2541 role=child prefix_tokens=16321 suffix_tokens=14 model_ms=1078.0 context_ms=36.8 state_ms=7.44 prefix_ms=0.0 suffix_ms=388.9 first_token_ms=1821.2 generation_ms=12605.0 generated=64 generation_tps=5.077
AGENT index=5 exit=0 text=4dc33c0cd95f2541 role=child prefix_tokens=16321 suffix_tokens=14 model_ms=1095.6 context_ms=44.8 state_ms=7.16 prefix_ms=0.0 suffix_ms=729.6 first_token_ms=2193.1 generation_ms=19400.2 generated=64 generation_tps=3.299
AGENT index=6 exit=0 text=4dc33c0cd95f2541 role=child prefix_tokens=16321 suffix_tokens=14 model_ms=1105.0 context_ms=42.3 state_ms=7.41 prefix_ms=0.0 suffix_ms=611.9 first_token_ms=2093.1 generation_ms=12529.6 generated=64 generation_tps=5.108
AGENT index=7 exit=0 text=4dc33c0cd95f2541 role=child prefix_tokens=16321 suffix_tokens=14 model_ms=1113.5 context_ms=37.2 state_ms=7.53 prefix_ms=0.0 suffix_ms=773.4 first_token_ms=2249.8 generation_ms=19357.1 generated=64 generation_tps=3.306
END_CASE failed=0 fault_pages=563744
CASE mode=cow_noread agents=8
AGENT index=0 exit=0 text=4dc33c0cd95f2541 role=child prefix_tokens=16321 suffix_tokens=14 model_ms=1087.3 context_ms=48.5 state_ms=7.46 prefix_ms=0.0 suffix_ms=3246.2 first_token_ms=4696.9 generation_ms=12668.0 generated=64 generation_tps=5.052
AGENT index=1 exit=0 text=4dc33c0cd95f2541 role=child prefix_tokens=16321 suffix_tokens=14 model_ms=1082.6 context_ms=49.8 state_ms=7.62 prefix_ms=0.0 suffix_ms=3619.8 first_token_ms=5073.1 generation_ms=19332.1 generated=64 generation_tps=3.311
AGENT index=2 exit=0 text=4dc33c0cd95f2541 role=child prefix_tokens=16321 suffix_tokens=14 model_ms=1119.9 context_ms=39.6 state_ms=7.19 prefix_ms=0.0 suffix_ms=3330.7 first_token_ms=4806.0 generation_ms=12632.8 generated=64 generation_tps=5.066
AGENT index=3 exit=0 text=1911721bc1759881 role=child prefix_tokens=16321 suffix_tokens=14 model_ms=1091.7 context_ms=41.4 state_ms=7.48 prefix_ms=0.0 suffix_ms=3713.8 first_token_ms=5173.2 generation_ms=19303.8 generated=64 generation_tps=3.315
AGENT index=4 exit=0 text=4dc33c0cd95f2541 role=child prefix_tokens=16321 suffix_tokens=14 model_ms=1089.9 context_ms=38.7 state_ms=7.40 prefix_ms=0.0 suffix_ms=3278.5 first_token_ms=4718.1 generation_ms=12666.3 generated=64 generation_tps=5.053
AGENT index=5 exit=0 text=4dc33c0cd95f2541 role=child prefix_tokens=16321 suffix_tokens=14 model_ms=1069.6 context_ms=49.1 state_ms=7.62 prefix_ms=0.0 suffix_ms=3711.2 first_token_ms=5163.1 generation_ms=19311.1 generated=64 generation_tps=3.314
AGENT index=6 exit=0 text=4dc33c0cd95f2541 role=child prefix_tokens=16321 suffix_tokens=14 model_ms=1071.2 context_ms=50.9 state_ms=7.48 prefix_ms=0.0 suffix_ms=3314.3 first_token_ms=4766.7 generation_ms=12655.6 generated=64 generation_tps=5.057
AGENT index=7 exit=0 text=4dc33c0cd95f2541 role=child prefix_tokens=16321 suffix_tokens=14 model_ms=1122.5 context_ms=37.8 state_ms=7.38 prefix_ms=0.0 suffix_ms=3791.4 first_token_ms=5274.4 generation_ms=19234.9 generated=64 generation_tps=3.327
END_CASE failed=0 fault_pages=7425140
END_KVFAULTCOUNT
BEGIN_KVFAULTCOUNT run=6
FORK mode=fork_copy exit=0 fault_pages_before_publish=0 fault_pages_after_publish=0 prefix_tokens=16321 prefix_ms=19776.1 publish_ms=559.44 state_bytes=936173269 suffix_tokens=13 model_ms=644.9 context_ms=58.4 state_ms=559.44 prefix_ms=19776.1 suffix_ms=57.4 first_token_ms=21226.9 generation_ms=2719.3 generated=64 generation_tps=23.535
FORK mode=fork_extent exit=0 fault_pages_before_publish=0 fault_pages_after_publish=113348 prefix_tokens=16321 prefix_ms=19856.7 publish_ms=9.16 state_bytes=261845 suffix_tokens=13 model_ms=589.8 context_ms=35.9 state_ms=9.16 prefix_ms=19856.7 suffix_ms=144.5 first_token_ms=20762.7 generation_ms=2727.8 generated=64 generation_tps=23.462
FORK mode=fork_refill exit=0 fault_pages_before_publish=0 fault_pages_after_publish=0 prefix_tokens=16321 prefix_ms=19846.4 publish_ms=14.68 state_bytes=261845 suffix_tokens=13 model_ms=593.0 context_ms=35.9 state_ms=14.68 prefix_ms=19846.4 suffix_ms=58.0 first_token_ms=20676.2 generation_ms=2702.3 generated=64 generation_tps=23.683
PUBLISH store=rows fault_pages=0 prefix_tokens=16321 prefix_ms=19782.3 publish_ms=557.32 state_bytes=936173269
PUBLISH store=file fault_pages=0 prefix_tokens=16321 prefix_ms=19865.3 publish_ms=9.00 state_bytes=261845
CASE mode=cow_noread agents=8
AGENT index=0 exit=0 text=4dc33c0cd95f2541 role=child prefix_tokens=16321 suffix_tokens=14 model_ms=1102.1 context_ms=40.3 state_ms=7.62 prefix_ms=0.0 suffix_ms=3378.5 first_token_ms=4857.2 generation_ms=12633.1 generated=64 generation_tps=5.066
AGENT index=1 exit=0 text=4dc33c0cd95f2541 role=child prefix_tokens=16321 suffix_tokens=14 model_ms=1071.9 context_ms=39.5 state_ms=8.16 prefix_ms=0.0 suffix_ms=3703.2 first_token_ms=5153.9 generation_ms=19291.6 generated=64 generation_tps=3.318
AGENT index=2 exit=0 text=4dc33c0cd95f2541 role=child prefix_tokens=16321 suffix_tokens=14 model_ms=1085.9 context_ms=56.1 state_ms=7.34 prefix_ms=0.0 suffix_ms=3319.0 first_token_ms=4790.3 generation_ms=12624.2 generated=64 generation_tps=5.070
AGENT index=3 exit=0 text=1911721bc1759881 role=child prefix_tokens=16321 suffix_tokens=14 model_ms=1125.5 context_ms=56.0 state_ms=7.50 prefix_ms=0.0 suffix_ms=3712.3 first_token_ms=5181.9 generation_ms=19294.9 generated=64 generation_tps=3.317
AGENT index=4 exit=0 text=4dc33c0cd95f2541 role=child prefix_tokens=16321 suffix_tokens=14 model_ms=1091.0 context_ms=57.2 state_ms=7.45 prefix_ms=0.0 suffix_ms=3342.7 first_token_ms=4814.0 generation_ms=12609.1 generated=64 generation_tps=5.076
AGENT index=5 exit=0 text=4dc33c0cd95f2541 role=child prefix_tokens=16321 suffix_tokens=14 model_ms=1091.5 context_ms=53.1 state_ms=7.52 prefix_ms=0.0 suffix_ms=3758.5 first_token_ms=5235.2 generation_ms=19282.7 generated=64 generation_tps=3.319
AGENT index=6 exit=0 text=4dc33c0cd95f2541 role=child prefix_tokens=16321 suffix_tokens=14 model_ms=1118.5 context_ms=45.7 state_ms=7.42 prefix_ms=0.0 suffix_ms=3375.6 first_token_ms=4866.2 generation_ms=12627.6 generated=64 generation_tps=5.068
AGENT index=7 exit=0 text=4dc33c0cd95f2541 role=child prefix_tokens=16321 suffix_tokens=14 model_ms=1117.5 context_ms=55.6 state_ms=7.40 prefix_ms=0.0 suffix_ms=3740.2 first_token_ms=5211.2 generation_ms=19298.8 generated=64 generation_tps=3.316
END_CASE failed=0 fault_pages=7423302
CASE mode=cow agents=8
AGENT index=0 exit=0 text=4dc33c0cd95f2541 role=child prefix_tokens=16321 suffix_tokens=14 model_ms=1122.2 context_ms=40.6 state_ms=7.37 prefix_ms=0.0 suffix_ms=573.5 first_token_ms=2065.0 generation_ms=12521.0 generated=64 generation_tps=5.111
AGENT index=1 exit=0 text=4dc33c0cd95f2541 role=child prefix_tokens=16321 suffix_tokens=14 model_ms=1075.4 context_ms=36.9 state_ms=7.28 prefix_ms=0.0 suffix_ms=673.4 first_token_ms=2109.9 generation_ms=19304.4 generated=64 generation_tps=3.315
AGENT index=2 exit=0 text=4dc33c0cd95f2541 role=child prefix_tokens=16321 suffix_tokens=14 model_ms=1088.3 context_ms=40.3 state_ms=7.49 prefix_ms=0.0 suffix_ms=537.2 first_token_ms=1987.6 generation_ms=12525.1 generated=64 generation_tps=5.110
AGENT index=3 exit=0 text=1911721bc1759881 role=child prefix_tokens=16321 suffix_tokens=14 model_ms=1066.2 context_ms=42.9 state_ms=7.21 prefix_ms=0.0 suffix_ms=663.4 first_token_ms=2091.2 generation_ms=19317.5 generated=64 generation_tps=3.313
AGENT index=4 exit=0 text=4dc33c0cd95f2541 role=child prefix_tokens=16321 suffix_tokens=14 model_ms=1061.5 context_ms=38.1 state_ms=7.27 prefix_ms=0.0 suffix_ms=306.4 first_token_ms=1720.8 generation_ms=12648.5 generated=64 generation_tps=5.060
AGENT index=5 exit=0 text=4dc33c0cd95f2541 role=child prefix_tokens=16321 suffix_tokens=14 model_ms=1045.0 context_ms=43.6 state_ms=7.34 prefix_ms=0.0 suffix_ms=643.6 first_token_ms=2069.9 generation_ms=19306.2 generated=64 generation_tps=3.315
AGENT index=6 exit=0 text=4dc33c0cd95f2541 role=child prefix_tokens=16321 suffix_tokens=14 model_ms=1111.6 context_ms=40.8 state_ms=7.49 prefix_ms=0.0 suffix_ms=560.7 first_token_ms=2036.1 generation_ms=12543.2 generated=64 generation_tps=5.102
AGENT index=7 exit=0 text=4dc33c0cd95f2541 role=child prefix_tokens=16321 suffix_tokens=14 model_ms=1099.5 context_ms=38.2 state_ms=7.69 prefix_ms=0.0 suffix_ms=785.6 first_token_ms=2250.3 generation_ms=19195.1 generated=64 generation_tps=3.334
END_CASE failed=0 fault_pages=565014
CASE mode=no_populate agents=8
AGENT index=0 exit=0 text=4dc33c0cd95f2541 role=child prefix_tokens=16321 suffix_tokens=14 model_ms=1124.5 context_ms=73.4 state_ms=7.76 prefix_ms=0.0 suffix_ms=432.2 first_token_ms=1956.7 generation_ms=12766.8 generated=64 generation_tps=5.013
AGENT index=1 exit=0 text=4dc33c0cd95f2541 role=child prefix_tokens=16321 suffix_tokens=14 model_ms=1116.1 context_ms=73.8 state_ms=7.32 prefix_ms=0.0 suffix_ms=564.9 first_token_ms=2088.8 generation_ms=19456.7 generated=64 generation_tps=3.289
AGENT index=2 exit=0 text=4dc33c0cd95f2541 role=child prefix_tokens=16321 suffix_tokens=14 model_ms=1114.3 context_ms=73.3 state_ms=7.49 prefix_ms=0.0 suffix_ms=428.5 first_token_ms=1953.6 generation_ms=12765.6 generated=64 generation_tps=5.013
AGENT index=3 exit=0 text=1911721bc1759881 role=child prefix_tokens=16321 suffix_tokens=14 model_ms=1109.2 context_ms=66.3 state_ms=7.76 prefix_ms=0.0 suffix_ms=526.3 first_token_ms=2042.0 generation_ms=19402.4 generated=64 generation_tps=3.299
AGENT index=4 exit=0 text=4dc33c0cd95f2541 role=child prefix_tokens=16321 suffix_tokens=14 model_ms=1133.8 context_ms=72.4 state_ms=7.28 prefix_ms=0.0 suffix_ms=408.3 first_token_ms=1931.3 generation_ms=12779.4 generated=64 generation_tps=5.008
AGENT index=5 exit=0 text=4dc33c0cd95f2541 role=child prefix_tokens=16321 suffix_tokens=14 model_ms=1120.7 context_ms=73.6 state_ms=7.44 prefix_ms=0.0 suffix_ms=566.1 first_token_ms=2090.9 generation_ms=19446.3 generated=64 generation_tps=3.291
AGENT index=6 exit=0 text=4dc33c0cd95f2541 role=child prefix_tokens=16321 suffix_tokens=14 model_ms=1131.6 context_ms=70.1 state_ms=7.36 prefix_ms=0.0 suffix_ms=398.0 first_token_ms=1919.2 generation_ms=12711.1 generated=64 generation_tps=5.035
AGENT index=7 exit=0 text=4dc33c0cd95f2541 role=child prefix_tokens=16321 suffix_tokens=14 model_ms=1130.2 context_ms=72.1 state_ms=7.44 prefix_ms=0.0 suffix_ms=543.4 first_token_ms=2068.0 generation_ms=19466.6 generated=64 generation_tps=3.288
END_CASE failed=0 fault_pages=37682
CASE mode=no_read agents=8
AGENT index=0 exit=0 text=4dc33c0cd95f2541 role=child prefix_tokens=16321 suffix_tokens=14 model_ms=1040.5 context_ms=43.6 state_ms=7.15 prefix_ms=0.0 suffix_ms=685.6 first_token_ms=2103.5 generation_ms=12463.0 generated=64 generation_tps=5.135
AGENT index=1 exit=0 text=4dc33c0cd95f2541 role=child prefix_tokens=16321 suffix_tokens=14 model_ms=1109.2 context_ms=36.3 state_ms=7.54 prefix_ms=0.0 suffix_ms=925.2 first_token_ms=2390.8 generation_ms=19119.1 generated=64 generation_tps=3.347
AGENT index=2 exit=0 text=4dc33c0cd95f2541 role=child prefix_tokens=16321 suffix_tokens=14 model_ms=1074.0 context_ms=39.2 state_ms=7.49 prefix_ms=0.0 suffix_ms=759.3 first_token_ms=2199.1 generation_ms=12428.6 generated=64 generation_tps=5.149
AGENT index=3 exit=0 text=1911721bc1759881 role=child prefix_tokens=16321 suffix_tokens=14 model_ms=1102.9 context_ms=37.8 state_ms=7.34 prefix_ms=0.0 suffix_ms=892.5 first_token_ms=2364.1 generation_ms=19137.6 generated=64 generation_tps=3.344
AGENT index=4 exit=0 text=4dc33c0cd95f2541 role=child prefix_tokens=16321 suffix_tokens=14 model_ms=1052.0 context_ms=44.8 state_ms=7.43 prefix_ms=0.0 suffix_ms=636.8 first_token_ms=2050.4 generation_ms=12469.5 generated=64 generation_tps=5.133
AGENT index=5 exit=0 text=4dc33c0cd95f2541 role=child prefix_tokens=16321 suffix_tokens=14 model_ms=1045.8 context_ms=46.2 state_ms=7.43 prefix_ms=0.0 suffix_ms=805.7 first_token_ms=2221.6 generation_ms=19172.1 generated=64 generation_tps=3.338
AGENT index=6 exit=0 text=4dc33c0cd95f2541 role=child prefix_tokens=16321 suffix_tokens=14 model_ms=1113.5 context_ms=33.8 state_ms=7.36 prefix_ms=0.0 suffix_ms=785.9 first_token_ms=2260.6 generation_ms=12389.6 generated=64 generation_tps=5.166
AGENT index=7 exit=0 text=4dc33c0cd95f2541 role=child prefix_tokens=16321 suffix_tokens=14 model_ms=1081.2 context_ms=45.4 state_ms=7.37 prefix_ms=0.0 suffix_ms=835.1 first_token_ms=2246.4 generation_ms=19177.3 generated=64 generation_tps=3.337
END_CASE failed=0 fault_pages=2576802
CASE mode=extent agents=8
AGENT index=0 exit=0 text=4dc33c0cd95f2541 role=child prefix_tokens=16321 suffix_tokens=14 model_ms=1101.1 context_ms=55.1 state_ms=7.47 prefix_ms=0.0 suffix_ms=282.7 first_token_ms=1765.1 generation_ms=12483.8 generated=64 generation_tps=5.127
AGENT index=1 exit=0 text=4dc33c0cd95f2541 role=child prefix_tokens=16321 suffix_tokens=14 model_ms=1127.4 context_ms=52.5 state_ms=7.42 prefix_ms=0.0 suffix_ms=440.5 first_token_ms=1947.3 generation_ms=19130.9 generated=64 generation_tps=3.345
AGENT index=2 exit=0 text=4dc33c0cd95f2541 role=child prefix_tokens=16321 suffix_tokens=14 model_ms=1102.7 context_ms=60.4 state_ms=7.39 prefix_ms=0.0 suffix_ms=281.2 first_token_ms=1762.2 generation_ms=12488.4 generated=64 generation_tps=5.125
AGENT index=3 exit=0 text=1911721bc1759881 role=child prefix_tokens=16321 suffix_tokens=14 model_ms=1084.8 context_ms=51.4 state_ms=7.49 prefix_ms=0.0 suffix_ms=265.2 first_token_ms=1734.3 generation_ms=19112.4 generated=64 generation_tps=3.349
AGENT index=4 exit=0 text=4dc33c0cd95f2541 role=child prefix_tokens=16321 suffix_tokens=14 model_ms=1111.0 context_ms=59.1 state_ms=7.39 prefix_ms=0.0 suffix_ms=275.9 first_token_ms=1756.8 generation_ms=12510.5 generated=64 generation_tps=5.116
AGENT index=5 exit=0 text=4dc33c0cd95f2541 role=child prefix_tokens=16321 suffix_tokens=14 model_ms=1131.3 context_ms=47.9 state_ms=7.70 prefix_ms=0.0 suffix_ms=457.9 first_token_ms=1960.0 generation_ms=19138.6 generated=64 generation_tps=3.344
AGENT index=6 exit=0 text=4dc33c0cd95f2541 role=child prefix_tokens=16321 suffix_tokens=14 model_ms=1106.1 context_ms=60.7 state_ms=7.35 prefix_ms=0.0 suffix_ms=269.9 first_token_ms=1740.4 generation_ms=12505.1 generated=64 generation_tps=5.118
AGENT index=7 exit=0 text=4dc33c0cd95f2541 role=child prefix_tokens=16321 suffix_tokens=14 model_ms=1125.1 context_ms=48.0 state_ms=7.38 prefix_ms=0.0 suffix_ms=456.8 first_token_ms=1957.4 generation_ms=19136.9 generated=64 generation_tps=3.344
END_CASE failed=0 fault_pages=0
CASE mode=copy agents=8
AGENT index=0 exit=0 text=4dc33c0cd95f2541 role=child prefix_tokens=16321 suffix_tokens=14 model_ms=1156.9 context_ms=259.5 state_ms=372.12 prefix_ms=0.0 suffix_ms=279.5 first_token_ms=2376.4 generation_ms=12472.0 generated=64 generation_tps=5.132
AGENT index=1 exit=0 text=4dc33c0cd95f2541 role=child prefix_tokens=16321 suffix_tokens=14 model_ms=1141.9 context_ms=188.3 state_ms=229.20 prefix_ms=0.0 suffix_ms=158.2 first_token_ms=2037.5 generation_ms=18301.0 generated=64 generation_tps=3.497
AGENT index=2 exit=0 text=4dc33c0cd95f2541 role=child prefix_tokens=16321 suffix_tokens=14 model_ms=1139.2 context_ms=273.6 state_ms=359.07 prefix_ms=0.0 suffix_ms=272.0 first_token_ms=2369.0 generation_ms=12470.6 generated=64 generation_tps=5.132
AGENT index=3 exit=0 text=1911721bc1759881 role=child prefix_tokens=16321 suffix_tokens=14 model_ms=1151.3 context_ms=276.6 state_ms=352.28 prefix_ms=0.0 suffix_ms=484.7 first_token_ms=2583.6 generation_ms=18372.5 generated=64 generation_tps=3.483
AGENT index=4 exit=0 text=4dc33c0cd95f2541 role=child prefix_tokens=16321 suffix_tokens=14 model_ms=1157.6 context_ms=250.5 state_ms=378.16 prefix_ms=0.0 suffix_ms=294.2 first_token_ms=2391.8 generation_ms=12486.8 generated=64 generation_tps=5.125
AGENT index=5 exit=0 text=4dc33c0cd95f2541 role=child prefix_tokens=16321 suffix_tokens=14 model_ms=1133.7 context_ms=291.8 state_ms=341.16 prefix_ms=0.0 suffix_ms=491.6 first_token_ms=2588.9 generation_ms=18369.2 generated=64 generation_tps=3.484
AGENT index=6 exit=0 text=4dc33c0cd95f2541 role=child prefix_tokens=16321 suffix_tokens=14 model_ms=1136.8 context_ms=282.5 state_ms=348.79 prefix_ms=0.0 suffix_ms=285.1 first_token_ms=2380.8 generation_ms=12488.2 generated=64 generation_tps=5.125
AGENT index=7 exit=0 text=4dc33c0cd95f2541 role=child prefix_tokens=16321 suffix_tokens=14 model_ms=1151.6 context_ms=282.3 state_ms=349.24 prefix_ms=0.0 suffix_ms=414.5 first_token_ms=2512.6 generation_ms=18379.3 generated=64 generation_tps=3.482
END_CASE failed=0 fault_pages=0
END_KVFAULTCOUNT
