BEGIN_KVBATCH run=1 paragraphs=320 context=32768 agents=8
CASE config=one_server
SERVER name=a exit=0 started_ms=0 role=alone sequences=8 first_agent=0 prefix_tokens=16321 model_ms=583.4 context_ms=61.7 state_ms=0.00 prefix_ms=19781.2 suffix_ms=223.1 first_token_ms=20762.6 generation_ms=6778.1 generated=512 generation_tps=75.538
AGENT index=0 text=936660017156de4d
AGENT index=1 text=45a868c7a80b80f9
AGENT index=2 text=45a868c7a80b80f9
AGENT index=3 text=45a868c7a80b80f9
AGENT index=4 text=5ff9b6f7e43686d5
AGENT index=5 text=45a868c7a80b80f9
AGENT index=6 text=971cb85cebff21f5
AGENT index=7 text=971cb85cebff21f5
MEMORY mem_available_drop_mib=2607
END_CASE failed=0
CASE config=two_servers_compute
SERVER name=a exit=0 started_ms=0 role=alone sequences=4 first_agent=0 prefix_tokens=16321 model_ms=638.2 context_ms=79.8 state_ms=0.00 prefix_ms=20000.4 suffix_ms=129.5 first_token_ms=20989.5 generation_ms=4191.9 generated=256 generation_tps=61.071
AGENT index=0 text=ce3f9bce1f7f514d
AGENT index=1 text=45a868c7a80b80f9
AGENT index=2 text=45a868c7a80b80f9
AGENT index=3 text=45a868c7a80b80f9
SERVER name=b exit=0 started_ms=0 role=alone sequences=4 first_agent=4 prefix_tokens=16321 model_ms=659.0 context_ms=83.6 state_ms=0.00 prefix_ms=29626.1 suffix_ms=178.2 first_token_ms=30668.6 generation_ms=5744.8 generated=256 generation_tps=44.562
AGENT index=4 text=5ff9b6f7e43686d5
AGENT index=5 text=d43e7a3f5fd0958f
AGENT index=6 text=d43e7a3f5fd0958f
AGENT index=7 text=971cb85cebff21f5
MEMORY mem_available_drop_mib=5100
END_CASE failed=0
CASE config=two_servers_copy
SERVER name=a exit=0 started_ms=0 role=parent sequences=4 first_agent=0 prefix_tokens=16321 model_ms=590.6 context_ms=59.8 state_ms=565.91 prefix_ms=19786.3 suffix_ms=122.7 first_token_ms=21228.1 generation_ms=4203.4 generated=256 generation_tps=60.903
PUBLISH prefix_tokens=16321 prefix_ms=19786.3 publish_ms=565.91 state_bytes=936173269 since_start_ms=21102.9
AGENT index=0 text=ce3f9bce1f7f514d
AGENT index=1 text=45a868c7a80b80f9
AGENT index=2 text=45a868c7a80b80f9
AGENT index=3 text=45a868c7a80b80f9
SERVER name=b exit=0 started_ms=21185 role=child sequences=4 first_agent=4 prefix_tokens=16321 model_ms=513.4 context_ms=60.3 state_ms=182.47 prefix_ms=0.0 suffix_ms=209.8 first_token_ms=1003.3 generation_ms=5884.7 generated=256 generation_tps=43.503
AGENT index=4 text=5ff9b6f7e43686d5
AGENT index=5 text=5ff9b6f7e43686d5
AGENT index=6 text=971cb85cebff21f5
AGENT index=7 text=971cb85cebff21f5
MEMORY mem_available_drop_mib=5124
END_CASE failed=0
CASE config=two_servers_extent
SERVER name=a exit=0 started_ms=0 role=parent sequences=4 first_agent=0 prefix_tokens=16321 model_ms=596.4 context_ms=37.4 state_ms=8.79 prefix_ms=19840.6 suffix_ms=134.4 first_token_ms=20724.5 generation_ms=4204.6 generated=256 generation_tps=60.886
PUBLISH prefix_tokens=16321 prefix_ms=19840.6 publish_ms=8.79 state_bytes=261845 since_start_ms=20584.2
AGENT index=0 text=ce3f9bce1f7f514d
AGENT index=1 text=45a868c7a80b80f9
AGENT index=2 text=45a868c7a80b80f9
AGENT index=3 text=45a868c7a80b80f9
SERVER name=b exit=0 started_ms=20650 role=child sequences=4 first_agent=4 prefix_tokens=16321 model_ms=570.9 context_ms=37.0 state_ms=7.32 prefix_ms=0.0 suffix_ms=214.7 first_token_ms=867.4 generation_ms=6136.3 generated=256 generation_tps=41.719
AGENT index=4 text=5ff9b6f7e43686d5
AGENT index=5 text=5ff9b6f7e43686d5
AGENT index=6 text=971cb85cebff21f5
AGENT index=7 text=971cb85cebff21f5
MEMORY mem_available_drop_mib=2482
END_CASE failed=0
END_KVBATCH
BEGIN_KVBATCH run=2 paragraphs=320 context=32768 agents=8
CASE config=two_servers_extent
SERVER name=a exit=0 started_ms=0 role=parent sequences=4 first_agent=0 prefix_tokens=16321 model_ms=586.9 context_ms=36.6 state_ms=11.59 prefix_ms=19840.4 suffix_ms=127.6 first_token_ms=20709.7 generation_ms=4225.0 generated=256 generation_tps=60.592
PUBLISH prefix_tokens=16321 prefix_ms=19840.4 publish_ms=11.59 state_bytes=261845 since_start_ms=20575.7
AGENT index=0 text=ce3f9bce1f7f514d
AGENT index=1 text=45a868c7a80b80f9
AGENT index=2 text=45a868c7a80b80f9
AGENT index=3 text=45a868c7a80b80f9
SERVER name=b exit=0 started_ms=20645 role=child sequences=4 first_agent=4 prefix_tokens=16321 model_ms=514.0 context_ms=36.2 state_ms=7.42 prefix_ms=0.0 suffix_ms=215.6 first_token_ms=811.4 generation_ms=6115.4 generated=256 generation_tps=41.862
AGENT index=4 text=5ff9b6f7e43686d5
AGENT index=5 text=5ff9b6f7e43686d5
AGENT index=6 text=971cb85cebff21f5
AGENT index=7 text=971cb85cebff21f5
MEMORY mem_available_drop_mib=2429
END_CASE failed=0
CASE config=two_servers_copy
SERVER name=a exit=0 started_ms=0 role=parent sequences=4 first_agent=0 prefix_tokens=16321 model_ms=583.8 context_ms=59.4 state_ms=573.69 prefix_ms=19789.1 suffix_ms=122.3 first_token_ms=21230.3 generation_ms=4208.8 generated=256 generation_tps=60.824
PUBLISH prefix_tokens=16321 prefix_ms=19789.1 publish_ms=573.69 state_bytes=936173269 since_start_ms=21105.5
AGENT index=0 text=ce3f9bce1f7f514d
AGENT index=1 text=45a868c7a80b80f9
AGENT index=2 text=45a868c7a80b80f9
AGENT index=3 text=45a868c7a80b80f9
SERVER name=b exit=0 started_ms=21187 role=child sequences=4 first_agent=4 prefix_tokens=16321 model_ms=520.6 context_ms=60.9 state_ms=184.93 prefix_ms=0.0 suffix_ms=210.4 first_token_ms=1014.1 generation_ms=5871.6 generated=256 generation_tps=43.599
AGENT index=4 text=5ff9b6f7e43686d5
AGENT index=5 text=5ff9b6f7e43686d5
AGENT index=6 text=971cb85cebff21f5
AGENT index=7 text=971cb85cebff21f5
MEMORY mem_available_drop_mib=5015
END_CASE failed=0
CASE config=two_servers_compute
SERVER name=a exit=0 started_ms=0 role=alone sequences=4 first_agent=0 prefix_tokens=16321 model_ms=669.0 context_ms=78.5 state_ms=0.00 prefix_ms=20014.1 suffix_ms=127.4 first_token_ms=21028.9 generation_ms=4169.9 generated=256 generation_tps=61.392
AGENT index=0 text=ce3f9bce1f7f514d
AGENT index=1 text=45a868c7a80b80f9
AGENT index=2 text=45a868c7a80b80f9
AGENT index=3 text=45a868c7a80b80f9
SERVER name=b exit=0 started_ms=0 role=alone sequences=4 first_agent=4 prefix_tokens=16321 model_ms=665.5 context_ms=82.9 state_ms=0.00 prefix_ms=29630.2 suffix_ms=181.7 first_token_ms=30705.7 generation_ms=5746.2 generated=256 generation_tps=44.551
AGENT index=4 text=5ff9b6f7e43686d5
AGENT index=5 text=d43e7a3f5fd0958f
AGENT index=6 text=d43e7a3f5fd0958f
AGENT index=7 text=971cb85cebff21f5
MEMORY mem_available_drop_mib=5018
END_CASE failed=0
CASE config=one_server
SERVER name=a exit=0 started_ms=0 role=alone sequences=8 first_agent=0 prefix_tokens=16321 model_ms=605.2 context_ms=61.3 state_ms=0.00 prefix_ms=19774.0 suffix_ms=226.3 first_token_ms=20778.9 generation_ms=6768.5 generated=512 generation_tps=75.644
AGENT index=0 text=936660017156de4d
AGENT index=1 text=45a868c7a80b80f9
AGENT index=2 text=45a868c7a80b80f9
AGENT index=3 text=45a868c7a80b80f9
AGENT index=4 text=5ff9b6f7e43686d5
AGENT index=5 text=45a868c7a80b80f9
AGENT index=6 text=971cb85cebff21f5
AGENT index=7 text=971cb85cebff21f5
MEMORY mem_available_drop_mib=2576
END_CASE failed=0
END_KVBATCH
BEGIN_KVBATCH run=3 paragraphs=320 context=32768 agents=8
CASE config=one_server
SERVER name=a exit=0 started_ms=0 role=alone sequences=8 first_agent=0 prefix_tokens=16321 model_ms=586.2 context_ms=61.9 state_ms=0.00 prefix_ms=19772.6 suffix_ms=211.9 first_token_ms=20745.6 generation_ms=6695.1 generated=512 generation_tps=76.474
AGENT index=0 text=936660017156de4d
AGENT index=1 text=45a868c7a80b80f9
AGENT index=2 text=45a868c7a80b80f9
AGENT index=3 text=45a868c7a80b80f9
AGENT index=4 text=5ff9b6f7e43686d5
AGENT index=5 text=45a868c7a80b80f9
AGENT index=6 text=971cb85cebff21f5
AGENT index=7 text=971cb85cebff21f5
MEMORY mem_available_drop_mib=2583
END_CASE failed=0
CASE config=two_servers_compute
SERVER name=a exit=0 started_ms=0 role=alone sequences=4 first_agent=0 prefix_tokens=16321 model_ms=643.1 context_ms=78.9 state_ms=0.00 prefix_ms=19997.9 suffix_ms=129.8 first_token_ms=20994.9 generation_ms=4182.2 generated=256 generation_tps=61.212
AGENT index=0 text=ce3f9bce1f7f514d
AGENT index=1 text=45a868c7a80b80f9
AGENT index=2 text=45a868c7a80b80f9
AGENT index=3 text=45a868c7a80b80f9
SERVER name=b exit=0 started_ms=0 role=alone sequences=4 first_agent=4 prefix_tokens=16321 model_ms=665.2 context_ms=82.9 state_ms=0.00 prefix_ms=29624.9 suffix_ms=177.2 first_token_ms=30673.3 generation_ms=5748.7 generated=256 generation_tps=44.532
AGENT index=4 text=5ff9b6f7e43686d5
AGENT index=5 text=d43e7a3f5fd0958f
AGENT index=6 text=d43e7a3f5fd0958f
AGENT index=7 text=971cb85cebff21f5
MEMORY mem_available_drop_mib=5083
END_CASE failed=0
CASE config=two_servers_copy
SERVER name=a exit=0 started_ms=0 role=parent sequences=4 first_agent=0 prefix_tokens=16321 model_ms=586.7 context_ms=60.2 state_ms=545.02 prefix_ms=19771.3 suffix_ms=122.3 first_token_ms=21187.9 generation_ms=4193.0 generated=256 generation_tps=61.055
PUBLISH prefix_tokens=16321 prefix_ms=19771.3 publish_ms=545.02 state_bytes=936173269 since_start_ms=21063.1
AGENT index=0 text=ce3f9bce1f7f514d
AGENT index=1 text=45a868c7a80b80f9
AGENT index=2 text=45a868c7a80b80f9
AGENT index=3 text=45a868c7a80b80f9
SERVER name=b exit=0 started_ms=21114 role=child sequences=4 first_agent=4 prefix_tokens=16321 model_ms=509.5 context_ms=61.1 state_ms=184.57 prefix_ms=0.0 suffix_ms=210.6 first_token_ms=1003.3 generation_ms=5898.8 generated=256 generation_tps=43.398
AGENT index=4 text=5ff9b6f7e43686d5
AGENT index=5 text=5ff9b6f7e43686d5
AGENT index=6 text=971cb85cebff21f5
AGENT index=7 text=971cb85cebff21f5
MEMORY mem_available_drop_mib=5103
END_CASE failed=0
CASE config=two_servers_extent
SERVER name=a exit=0 started_ms=0 role=parent sequences=4 first_agent=0 prefix_tokens=16321 model_ms=595.0 context_ms=36.8 state_ms=11.87 prefix_ms=19861.5 suffix_ms=134.9 first_token_ms=20746.6 generation_ms=4240.5 generated=256 generation_tps=60.370
PUBLISH prefix_tokens=16321 prefix_ms=19861.5 publish_ms=11.87 state_bytes=261845 since_start_ms=20605.3
AGENT index=0 text=ce3f9bce1f7f514d
AGENT index=1 text=45a868c7a80b80f9
AGENT index=2 text=45a868c7a80b80f9
AGENT index=3 text=45a868c7a80b80f9
SERVER name=b exit=0 started_ms=20687 role=child sequences=4 first_agent=4 prefix_tokens=16321 model_ms=511.5 context_ms=36.5 state_ms=7.27 prefix_ms=0.0 suffix_ms=216.0 first_token_ms=808.0 generation_ms=6116.1 generated=256 generation_tps=41.857
AGENT index=4 text=5ff9b6f7e43686d5
AGENT index=5 text=5ff9b6f7e43686d5
AGENT index=6 text=971cb85cebff21f5
AGENT index=7 text=971cb85cebff21f5
MEMORY mem_available_drop_mib=2401
END_CASE failed=0
END_KVBATCH
BEGIN_KVBATCH run=4 paragraphs=320 context=32768 agents=8
CASE config=two_servers_extent
SERVER name=a exit=0 started_ms=0 role=parent sequences=4 first_agent=0 prefix_tokens=16321 model_ms=581.2 context_ms=36.9 state_ms=12.13 prefix_ms=19836.9 suffix_ms=131.6 first_token_ms=20704.2 generation_ms=4234.5 generated=256 generation_tps=60.455
PUBLISH prefix_tokens=16321 prefix_ms=19836.9 publish_ms=12.13 state_bytes=261845 since_start_ms=20566.3
AGENT index=0 text=ce3f9bce1f7f514d
AGENT index=1 text=45a868c7a80b80f9
AGENT index=2 text=45a868c7a80b80f9
AGENT index=3 text=45a868c7a80b80f9
SERVER name=b exit=0 started_ms=20617 role=child sequences=4 first_agent=4 prefix_tokens=16321 model_ms=510.7 context_ms=36.1 state_ms=7.31 prefix_ms=0.0 suffix_ms=215.1 first_token_ms=806.5 generation_ms=6147.5 generated=256 generation_tps=41.643
AGENT index=4 text=5ff9b6f7e43686d5
AGENT index=5 text=5ff9b6f7e43686d5
AGENT index=6 text=971cb85cebff21f5
AGENT index=7 text=971cb85cebff21f5
MEMORY mem_available_drop_mib=2444
END_CASE failed=0
CASE config=two_servers_copy
SERVER name=a exit=0 started_ms=0 role=parent sequences=4 first_agent=0 prefix_tokens=16321 model_ms=584.8 context_ms=59.7 state_ms=566.75 prefix_ms=19785.4 suffix_ms=122.7 first_token_ms=21220.5 generation_ms=4183.8 generated=256 generation_tps=61.188
PUBLISH prefix_tokens=16321 prefix_ms=19785.4 publish_ms=566.75 state_bytes=936173269 since_start_ms=21095.3
AGENT index=0 text=ce3f9bce1f7f514d
AGENT index=1 text=45a868c7a80b80f9
AGENT index=2 text=45a868c7a80b80f9
AGENT index=3 text=45a868c7a80b80f9
SERVER name=b exit=0 started_ms=21180 role=child sequences=4 first_agent=4 prefix_tokens=16321 model_ms=561.4 context_ms=60.3 state_ms=183.96 prefix_ms=0.0 suffix_ms=210.8 first_token_ms=1054.0 generation_ms=5895.9 generated=256 generation_tps=43.420
AGENT index=4 text=5ff9b6f7e43686d5
AGENT index=5 text=5ff9b6f7e43686d5
AGENT index=6 text=971cb85cebff21f5
AGENT index=7 text=971cb85cebff21f5
MEMORY mem_available_drop_mib=5056
END_CASE failed=0
CASE config=two_servers_compute
SERVER name=a exit=0 started_ms=0 role=alone sequences=4 first_agent=0 prefix_tokens=16321 model_ms=650.6 context_ms=80.6 state_ms=0.00 prefix_ms=20005.0 suffix_ms=129.7 first_token_ms=21009.4 generation_ms=4180.9 generated=256 generation_tps=61.231
AGENT index=0 text=ce3f9bce1f7f514d
AGENT index=1 text=45a868c7a80b80f9
AGENT index=2 text=45a868c7a80b80f9
AGENT index=3 text=45a868c7a80b80f9
SERVER name=b exit=0 started_ms=0 role=alone sequences=4 first_agent=4 prefix_tokens=16321 model_ms=672.7 context_ms=82.7 state_ms=0.00 prefix_ms=29623.3 suffix_ms=181.4 first_token_ms=30681.2 generation_ms=5752.6 generated=256 generation_tps=44.502
AGENT index=4 text=5ff9b6f7e43686d5
AGENT index=5 text=d43e7a3f5fd0958f
AGENT index=6 text=d43e7a3f5fd0958f
AGENT index=7 text=971cb85cebff21f5
MEMORY mem_available_drop_mib=5033
END_CASE failed=0
CASE config=one_server
SERVER name=a exit=0 started_ms=0 role=alone sequences=8 first_agent=0 prefix_tokens=16321 model_ms=589.1 context_ms=61.2 state_ms=0.00 prefix_ms=19776.5 suffix_ms=226.0 first_token_ms=20765.7 generation_ms=6771.5 generated=512 generation_tps=75.611
AGENT index=0 text=936660017156de4d
AGENT index=1 text=45a868c7a80b80f9
AGENT index=2 text=45a868c7a80b80f9
AGENT index=3 text=45a868c7a80b80f9
AGENT index=4 text=5ff9b6f7e43686d5
AGENT index=5 text=45a868c7a80b80f9
AGENT index=6 text=971cb85cebff21f5
AGENT index=7 text=971cb85cebff21f5
MEMORY mem_available_drop_mib=2575
END_CASE failed=0
END_KVBATCH
BEGIN_KVBATCH run=5 paragraphs=320 context=32768 agents=8
CASE config=one_server
SERVER name=a exit=0 started_ms=0 role=alone sequences=8 first_agent=0 prefix_tokens=16321 model_ms=598.7 context_ms=62.2 state_ms=0.00 prefix_ms=19778.5 suffix_ms=226.0 first_token_ms=20778.4 generation_ms=6775.9 generated=512 generation_tps=75.562
AGENT index=0 text=936660017156de4d
AGENT index=1 text=45a868c7a80b80f9
AGENT index=2 text=45a868c7a80b80f9
AGENT index=3 text=45a868c7a80b80f9
AGENT index=4 text=5ff9b6f7e43686d5
AGENT index=5 text=45a868c7a80b80f9
AGENT index=6 text=971cb85cebff21f5
AGENT index=7 text=971cb85cebff21f5
MEMORY mem_available_drop_mib=2591
END_CASE failed=0
CASE config=two_servers_compute
SERVER name=a exit=0 started_ms=0 role=alone sequences=4 first_agent=0 prefix_tokens=16321 model_ms=663.2 context_ms=74.5 state_ms=0.00 prefix_ms=20007.5 suffix_ms=130.0 first_token_ms=21019.3 generation_ms=4168.0 generated=256 generation_tps=61.420
AGENT index=0 text=ce3f9bce1f7f514d
AGENT index=1 text=45a868c7a80b80f9
AGENT index=2 text=45a868c7a80b80f9
AGENT index=3 text=45a868c7a80b80f9
SERVER name=b exit=0 started_ms=0 role=alone sequences=4 first_agent=4 prefix_tokens=16321 model_ms=659.6 context_ms=81.7 state_ms=0.00 prefix_ms=29636.6 suffix_ms=181.8 first_token_ms=30706.3 generation_ms=5787.9 generated=256 generation_tps=44.231
AGENT index=4 text=5ff9b6f7e43686d5
AGENT index=5 text=d43e7a3f5fd0958f
AGENT index=6 text=d43e7a3f5fd0958f
AGENT index=7 text=971cb85cebff21f5
MEMORY mem_available_drop_mib=5082
END_CASE failed=0
CASE config=two_servers_copy
SERVER name=a exit=0 started_ms=0 role=parent sequences=4 first_agent=0 prefix_tokens=16321 model_ms=588.6 context_ms=60.1 state_ms=547.48 prefix_ms=19783.2 suffix_ms=122.2 first_token_ms=21201.4 generation_ms=4194.6 generated=256 generation_tps=61.030
PUBLISH prefix_tokens=16321 prefix_ms=19783.2 publish_ms=547.48 state_bytes=936173269 since_start_ms=21076.7
AGENT index=0 text=ce3f9bce1f7f514d
AGENT index=1 text=45a868c7a80b80f9
AGENT index=2 text=45a868c7a80b80f9
AGENT index=3 text=45a868c7a80b80f9
SERVER name=b exit=0 started_ms=21118 role=child sequences=4 first_agent=4 prefix_tokens=16321 model_ms=513.4 context_ms=61.8 state_ms=183.63 prefix_ms=0.0 suffix_ms=210.2 first_token_ms=1008.0 generation_ms=5898.3 generated=256 generation_tps=43.402
AGENT index=4 text=5ff9b6f7e43686d5
AGENT index=5 text=5ff9b6f7e43686d5
AGENT index=6 text=971cb85cebff21f5
AGENT index=7 text=971cb85cebff21f5
MEMORY mem_available_drop_mib=5141
END_CASE failed=0
CASE config=two_servers_extent
SERVER name=a exit=0 started_ms=0 role=parent sequences=4 first_agent=0 prefix_tokens=16321 model_ms=604.0 context_ms=37.5 state_ms=11.91 prefix_ms=19863.0 suffix_ms=130.1 first_token_ms=20753.1 generation_ms=4244.1 generated=256 generation_tps=60.319
PUBLISH prefix_tokens=16321 prefix_ms=19863.0 publish_ms=11.91 state_bytes=261845 since_start_ms=20616.6
AGENT index=0 text=ce3f9bce1f7f514d
AGENT index=1 text=45a868c7a80b80f9
AGENT index=2 text=45a868c7a80b80f9
AGENT index=3 text=45a868c7a80b80f9
SERVER name=b exit=0 started_ms=20704 role=child sequences=4 first_agent=4 prefix_tokens=16321 model_ms=522.7 context_ms=36.6 state_ms=7.33 prefix_ms=0.0 suffix_ms=215.1 first_token_ms=818.4 generation_ms=6141.4 generated=256 generation_tps=41.684
AGENT index=4 text=5ff9b6f7e43686d5
AGENT index=5 text=5ff9b6f7e43686d5
AGENT index=6 text=971cb85cebff21f5
AGENT index=7 text=971cb85cebff21f5
MEMORY mem_available_drop_mib=2419
END_CASE failed=0
END_KVBATCH
BEGIN_KVBATCH run=6 paragraphs=320 context=32768 agents=8
CASE config=two_servers_extent
SERVER name=a exit=0 started_ms=0 role=parent sequences=4 first_agent=0 prefix_tokens=16321 model_ms=598.3 context_ms=36.7 state_ms=11.77 prefix_ms=19859.6 suffix_ms=129.2 first_token_ms=20740.3 generation_ms=4234.3 generated=256 generation_tps=60.459
PUBLISH prefix_tokens=16321 prefix_ms=19859.6 publish_ms=11.77 state_bytes=261845 since_start_ms=20607.4
AGENT index=0 text=ce3f9bce1f7f514d
AGENT index=1 text=45a868c7a80b80f9
AGENT index=2 text=45a868c7a80b80f9
AGENT index=3 text=45a868c7a80b80f9
SERVER name=b exit=0 started_ms=20653 role=child sequences=4 first_agent=4 prefix_tokens=16321 model_ms=540.8 context_ms=36.6 state_ms=7.38 prefix_ms=0.0 suffix_ms=215.6 first_token_ms=838.7 generation_ms=6121.8 generated=256 generation_tps=41.818
AGENT index=4 text=5ff9b6f7e43686d5
AGENT index=5 text=5ff9b6f7e43686d5
AGENT index=6 text=971cb85cebff21f5
AGENT index=7 text=971cb85cebff21f5
MEMORY mem_available_drop_mib=2510
END_CASE failed=0
CASE config=two_servers_copy
SERVER name=a exit=0 started_ms=0 role=parent sequences=4 first_agent=0 prefix_tokens=16321 model_ms=592.1 context_ms=59.8 state_ms=563.10 prefix_ms=19778.7 suffix_ms=122.7 first_token_ms=21218.5 generation_ms=4184.9 generated=256 generation_tps=61.173
PUBLISH prefix_tokens=16321 prefix_ms=19778.7 publish_ms=563.10 state_bytes=936173269 since_start_ms=21093.4
AGENT index=0 text=ce3f9bce1f7f514d
AGENT index=1 text=45a868c7a80b80f9
AGENT index=2 text=45a868c7a80b80f9
AGENT index=3 text=45a868c7a80b80f9
SERVER name=b exit=0 started_ms=21136 role=child sequences=4 first_agent=4 prefix_tokens=16321 model_ms=510.4 context_ms=61.4 state_ms=184.81 prefix_ms=0.0 suffix_ms=210.7 first_token_ms=1003.7 generation_ms=5901.3 generated=256 generation_tps=43.380
AGENT index=4 text=5ff9b6f7e43686d5
AGENT index=5 text=5ff9b6f7e43686d5
AGENT index=6 text=971cb85cebff21f5
AGENT index=7 text=971cb85cebff21f5
MEMORY mem_available_drop_mib=5074
END_CASE failed=0
CASE config=two_servers_compute
SERVER name=a exit=0 started_ms=0 role=alone sequences=4 first_agent=0 prefix_tokens=16321 model_ms=675.4 context_ms=77.1 state_ms=0.00 prefix_ms=19998.3 suffix_ms=129.6 first_token_ms=21022.4 generation_ms=4176.9 generated=256 generation_tps=61.290
AGENT index=0 text=ce3f9bce1f7f514d
AGENT index=1 text=45a868c7a80b80f9
AGENT index=2 text=45a868c7a80b80f9
AGENT index=3 text=45a868c7a80b80f9
SERVER name=b exit=0 started_ms=0 role=alone sequences=4 first_agent=4 prefix_tokens=16321 model_ms=672.6 context_ms=82.8 state_ms=0.00 prefix_ms=29642.3 suffix_ms=179.2 first_token_ms=30721.9 generation_ms=5762.8 generated=256 generation_tps=44.423
AGENT index=4 text=5ff9b6f7e43686d5
AGENT index=5 text=d43e7a3f5fd0958f
AGENT index=6 text=d43e7a3f5fd0958f
AGENT index=7 text=971cb85cebff21f5
MEMORY mem_available_drop_mib=5056
END_CASE failed=0
CASE config=one_server
SERVER name=a exit=0 started_ms=0 role=alone sequences=8 first_agent=0 prefix_tokens=16321 model_ms=636.2 context_ms=61.1 state_ms=0.00 prefix_ms=19783.1 suffix_ms=227.2 first_token_ms=20821.7 generation_ms=6789.3 generated=512 generation_tps=75.413
AGENT index=0 text=936660017156de4d
AGENT index=1 text=45a868c7a80b80f9
AGENT index=2 text=45a868c7a80b80f9
AGENT index=3 text=45a868c7a80b80f9
AGENT index=4 text=5ff9b6f7e43686d5
AGENT index=5 text=45a868c7a80b80f9
AGENT index=6 text=971cb85cebff21f5
AGENT index=7 text=971cb85cebff21f5
MEMORY mem_available_drop_mib=2575
END_CASE failed=0
END_KVBATCH
