BEGIN_KVFAULTCOUNT run=1
FORK mode=fork_copy exit=0 fault_pages_before_publish=0 fault_pages_after_publish=0 prefix_tokens=16321 prefix_ms=19775.0 publish_ms=538.37 state_bytes=936173269 suffix_tokens=13 model_ms=579.9 context_ms=54.9 state_ms=538.37 prefix_ms=19775.0 suffix_ms=57.2 first_token_ms=21130.3 generation_ms=2717.4 generated=64 generation_tps=23.552
FORK mode=fork_extent exit=0 fault_pages_before_publish=0 fault_pages_after_publish=0 prefix_tokens=16321 prefix_ms=19859.8 publish_ms=11.43 state_bytes=261845 suffix_tokens=13 model_ms=589.9 context_ms=32.7 state_ms=11.43 prefix_ms=19859.8 suffix_ms=58.3 first_token_ms=20697.6 generation_ms=2720.0 generated=64 generation_tps=23.529
FORK mode=fork_refill exit=0 fault_pages_before_publish=0 fault_pages_after_publish=0 prefix_tokens=16321 prefix_ms=19835.2 publish_ms=15.75 state_bytes=261845 suffix_tokens=13 model_ms=588.3 context_ms=33.1 state_ms=15.75 prefix_ms=19835.2 suffix_ms=57.9 first_token_ms=20657.5 generation_ms=2720.9 generated=64 generation_tps=23.522
PUBLISH store=rows fault_pages=0 prefix_tokens=16321 prefix_ms=19780.8 publish_ms=552.26 state_bytes=936173269
PUBLISH store=file fault_pages=0 prefix_tokens=16321 prefix_ms=19862.3 publish_ms=11.77 state_bytes=261845
CASE mode=copy agents=8
AGENT index=0 exit=0 text=4dc33c0cd95f2541 role=child prefix_tokens=16321 suffix_tokens=14 model_ms=1130.3 context_ms=204.5 state_ms=339.19 prefix_ms=0.0 suffix_ms=298.5 first_token_ms=2285.6 generation_ms=12474.3 generated=64 generation_tps=5.131
AGENT index=1 exit=0 text=4dc33c0cd95f2541 role=child prefix_tokens=16321 suffix_tokens=14 model_ms=1059.9 context_ms=261.1 state_ms=341.80 prefix_ms=0.0 suffix_ms=455.6 first_token_ms=2441.4 generation_ms=18414.0 generated=64 generation_tps=3.476
AGENT index=2 exit=0 text=4dc33c0cd95f2541 role=child prefix_tokens=16321 suffix_tokens=14 model_ms=1040.4 context_ms=264.6 state_ms=353.80 prefix_ms=0.0 suffix_ms=271.7 first_token_ms=2256.1 generation_ms=12410.0 generated=64 generation_tps=5.157
AGENT index=3 exit=0 text=1911721bc1759881 role=child prefix_tokens=16321 suffix_tokens=14 model_ms=1082.4 context_ms=246.6 state_ms=403.12 prefix_ms=0.0 suffix_ms=455.5 first_token_ms=2443.5 generation_ms=18391.7 generated=64 generation_tps=3.480
AGENT index=4 exit=0 text=4dc33c0cd95f2541 role=child prefix_tokens=16321 suffix_tokens=14 model_ms=1058.2 context_ms=257.4 state_ms=362.00 prefix_ms=0.0 suffix_ms=293.3 first_token_ms=2277.7 generation_ms=12477.2 generated=64 generation_tps=5.129
AGENT index=5 exit=0 text=4dc33c0cd95f2541 role=child prefix_tokens=16321 suffix_tokens=14 model_ms=1076.2 context_ms=248.4 state_ms=340.80 prefix_ms=0.0 suffix_ms=460.2 first_token_ms=2447.1 generation_ms=18415.5 generated=64 generation_tps=3.475
AGENT index=6 exit=0 text=4dc33c0cd95f2541 role=child prefix_tokens=16321 suffix_tokens=14 model_ms=1021.2 context_ms=295.2 state_ms=352.76 prefix_ms=0.0 suffix_ms=283.5 first_token_ms=2269.9 generation_ms=12486.3 generated=64 generation_tps=5.126
AGENT index=7 exit=0 text=4dc33c0cd95f2541 role=child prefix_tokens=16321 suffix_tokens=14 model_ms=1054.3 context_ms=221.9 state_ms=217.24 prefix_ms=0.0 suffix_ms=166.8 first_token_ms=1943.2 generation_ms=18317.6 generated=64 generation_tps=3.494
END_CASE failed=0 fault_pages=0
CASE mode=extent agents=8
AGENT index=0 exit=0 text=4dc33c0cd95f2541 role=child prefix_tokens=16321 suffix_tokens=14 model_ms=1068.0 context_ms=39.7 state_ms=7.51 prefix_ms=0.0 suffix_ms=327.2 first_token_ms=1756.8 generation_ms=12382.9 generated=64 generation_tps=5.168
AGENT index=1 exit=0 text=4dc33c0cd95f2541 role=child prefix_tokens=16321 suffix_tokens=14 model_ms=1069.1 context_ms=42.1 state_ms=7.47 prefix_ms=0.0 suffix_ms=456.1 first_token_ms=1883.2 generation_ms=19105.2 generated=64 generation_tps=3.350
AGENT index=2 exit=0 text=4dc33c0cd95f2541 role=child prefix_tokens=16321 suffix_tokens=14 model_ms=1007.6 context_ms=39.0 state_ms=7.54 prefix_ms=0.0 suffix_ms=192.7 first_token_ms=1557.3 generation_ms=12469.6 generated=64 generation_tps=5.132
AGENT index=3 exit=0 text=1911721bc1759881 role=child prefix_tokens=16321 suffix_tokens=14 model_ms=1052.7 context_ms=41.4 state_ms=7.67 prefix_ms=0.0 suffix_ms=453.3 first_token_ms=1858.8 generation_ms=19121.8 generated=64 generation_tps=3.347
AGENT index=4 exit=0 text=4dc33c0cd95f2541 role=child prefix_tokens=16321 suffix_tokens=14 model_ms=1066.2 context_ms=43.0 state_ms=7.48 prefix_ms=0.0 suffix_ms=311.9 first_token_ms=1726.4 generation_ms=12398.3 generated=64 generation_tps=5.162
AGENT index=5 exit=0 text=4dc33c0cd95f2541 role=child prefix_tokens=16321 suffix_tokens=14 model_ms=1044.2 context_ms=44.6 state_ms=7.40 prefix_ms=0.0 suffix_ms=267.6 first_token_ms=1620.1 generation_ms=19205.2 generated=64 generation_tps=3.332
AGENT index=6 exit=0 text=4dc33c0cd95f2541 role=child prefix_tokens=16321 suffix_tokens=14 model_ms=998.3 context_ms=39.8 state_ms=7.29 prefix_ms=0.0 suffix_ms=146.0 first_token_ms=1490.9 generation_ms=12423.9 generated=64 generation_tps=5.151
AGENT index=7 exit=0 text=4dc33c0cd95f2541 role=child prefix_tokens=16321 suffix_tokens=14 model_ms=1044.4 context_ms=42.4 state_ms=7.30 prefix_ms=0.0 suffix_ms=364.3 first_token_ms=1736.1 generation_ms=19162.3 generated=64 generation_tps=3.340
END_CASE failed=0 fault_pages=0
CASE mode=no_read agents=8
AGENT index=0 exit=0 text=4dc33c0cd95f2541 role=child prefix_tokens=16321 suffix_tokens=14 model_ms=1107.1 context_ms=59.9 state_ms=7.38 prefix_ms=0.0 suffix_ms=838.7 first_token_ms=2318.3 generation_ms=12489.3 generated=64 generation_tps=5.124
AGENT index=1 exit=0 text=4dc33c0cd95f2541 role=child prefix_tokens=16321 suffix_tokens=14 model_ms=1100.5 context_ms=53.4 state_ms=7.55 prefix_ms=0.0 suffix_ms=962.2 first_token_ms=2434.4 generation_ms=19161.5 generated=64 generation_tps=3.340
AGENT index=2 exit=0 text=4dc33c0cd95f2541 role=child prefix_tokens=16321 suffix_tokens=14 model_ms=1106.2 context_ms=56.9 state_ms=7.26 prefix_ms=0.0 suffix_ms=826.8 first_token_ms=2305.9 generation_ms=12440.0 generated=64 generation_tps=5.145
AGENT index=3 exit=0 text=1911721bc1759881 role=child prefix_tokens=16321 suffix_tokens=14 model_ms=1097.6 context_ms=57.8 state_ms=7.32 prefix_ms=0.0 suffix_ms=984.7 first_token_ms=2463.3 generation_ms=19181.9 generated=64 generation_tps=3.336
AGENT index=4 exit=0 text=4dc33c0cd95f2541 role=child prefix_tokens=16321 suffix_tokens=14 model_ms=1115.5 context_ms=45.0 state_ms=7.48 prefix_ms=0.0 suffix_ms=843.1 first_token_ms=2336.0 generation_ms=12472.1 generated=64 generation_tps=5.131
AGENT index=5 exit=0 text=4dc33c0cd95f2541 role=child prefix_tokens=16321 suffix_tokens=14 model_ms=1095.3 context_ms=56.1 state_ms=7.22 prefix_ms=0.0 suffix_ms=968.8 first_token_ms=2446.3 generation_ms=19172.1 generated=64 generation_tps=3.338
AGENT index=6 exit=0 text=4dc33c0cd95f2541 role=child prefix_tokens=16321 suffix_tokens=14 model_ms=1090.8 context_ms=55.9 state_ms=7.43 prefix_ms=0.0 suffix_ms=831.7 first_token_ms=2308.1 generation_ms=12459.0 generated=64 generation_tps=5.137
AGENT index=7 exit=0 text=4dc33c0cd95f2541 role=child prefix_tokens=16321 suffix_tokens=14 model_ms=1112.9 context_ms=45.4 state_ms=7.52 prefix_ms=0.0 suffix_ms=999.5 first_token_ms=2492.5 generation_ms=19162.5 generated=64 generation_tps=3.340
END_CASE failed=0 fault_pages=2672576
CASE mode=no_populate agents=8
AGENT index=0 exit=0 text=4dc33c0cd95f2541 role=child prefix_tokens=16321 suffix_tokens=14 model_ms=991.4 context_ms=36.4 state_ms=7.40 prefix_ms=0.0 suffix_ms=139.0 first_token_ms=1477.7 generation_ms=12736.8 generated=64 generation_tps=5.025
AGENT index=1 exit=0 text=4dc33c0cd95f2541 role=child prefix_tokens=16321 suffix_tokens=14 model_ms=1004.5 context_ms=34.1 state_ms=7.33 prefix_ms=0.0 suffix_ms=154.4 first_token_ms=1473.3 generation_ms=19389.2 generated=64 generation_tps=3.301
AGENT index=2 exit=0 text=4dc33c0cd95f2541 role=child prefix_tokens=16321 suffix_tokens=14 model_ms=1096.7 context_ms=45.0 state_ms=7.43 prefix_ms=0.0 suffix_ms=423.1 first_token_ms=1886.5 generation_ms=12623.5 generated=64 generation_tps=5.070
AGENT index=3 exit=0 text=1911721bc1759881 role=child prefix_tokens=16321 suffix_tokens=14 model_ms=1096.9 context_ms=45.8 state_ms=7.50 prefix_ms=0.0 suffix_ms=538.2 first_token_ms=2003.9 generation_ms=19307.5 generated=64 generation_tps=3.315
AGENT index=4 exit=0 text=4dc33c0cd95f2541 role=child prefix_tokens=16321 suffix_tokens=14 model_ms=1045.9 context_ms=35.2 state_ms=7.52 prefix_ms=0.0 suffix_ms=353.6 first_token_ms=1750.2 generation_ms=12683.2 generated=64 generation_tps=5.046
AGENT index=5 exit=0 text=4dc33c0cd95f2541 role=child prefix_tokens=16321 suffix_tokens=14 model_ms=1077.8 context_ms=49.8 state_ms=7.34 prefix_ms=0.0 suffix_ms=532.7 first_token_ms=1979.7 generation_ms=19338.9 generated=64 generation_tps=3.309
AGENT index=6 exit=0 text=4dc33c0cd95f2541 role=child prefix_tokens=16321 suffix_tokens=14 model_ms=1067.0 context_ms=49.6 state_ms=7.92 prefix_ms=0.0 suffix_ms=392.2 first_token_ms=1831.8 generation_ms=12659.2 generated=64 generation_tps=5.056
AGENT index=7 exit=0 text=4dc33c0cd95f2541 role=child prefix_tokens=16321 suffix_tokens=14 model_ms=1066.0 context_ms=45.5 state_ms=7.47 prefix_ms=0.0 suffix_ms=541.2 first_token_ms=1978.9 generation_ms=19339.7 generated=64 generation_tps=3.309
END_CASE failed=0 fault_pages=37444
CASE mode=cow agents=8
AGENT index=0 exit=0 text=4dc33c0cd95f2541 role=child prefix_tokens=16321 suffix_tokens=14 model_ms=1089.5 context_ms=58.2 state_ms=7.50 prefix_ms=0.0 suffix_ms=621.5 first_token_ms=2089.7 generation_ms=12587.1 generated=64 generation_tps=5.085
AGENT index=1 exit=0 text=4dc33c0cd95f2541 role=child prefix_tokens=16321 suffix_tokens=14 model_ms=1075.4 context_ms=57.9 state_ms=7.52 prefix_ms=0.0 suffix_ms=733.5 first_token_ms=2201.6 generation_ms=19334.2 generated=64 generation_tps=3.310
AGENT index=2 exit=0 text=4dc33c0cd95f2541 role=child prefix_tokens=16321 suffix_tokens=14 model_ms=1097.6 context_ms=56.7 state_ms=8.48 prefix_ms=0.0 suffix_ms=587.5 first_token_ms=2048.5 generation_ms=12562.1 generated=64 generation_tps=5.095
AGENT index=3 exit=0 text=1911721bc1759881 role=child prefix_tokens=16321 suffix_tokens=14 model_ms=1098.9 context_ms=52.4 state_ms=7.94 prefix_ms=0.0 suffix_ms=737.3 first_token_ms=2195.9 generation_ms=19331.9 generated=64 generation_tps=3.311
AGENT index=4 exit=0 text=4dc33c0cd95f2541 role=child prefix_tokens=16321 suffix_tokens=14 model_ms=1116.9 context_ms=45.9 state_ms=7.34 prefix_ms=0.0 suffix_ms=614.1 first_token_ms=2088.9 generation_ms=12583.9 generated=64 generation_tps=5.086
AGENT index=5 exit=0 text=4dc33c0cd95f2541 role=child prefix_tokens=16321 suffix_tokens=14 model_ms=1097.4 context_ms=52.1 state_ms=7.22 prefix_ms=0.0 suffix_ms=752.1 first_token_ms=2233.0 generation_ms=19317.9 generated=64 generation_tps=3.313
AGENT index=6 exit=0 text=4dc33c0cd95f2541 role=child prefix_tokens=16321 suffix_tokens=14 model_ms=1088.5 context_ms=55.6 state_ms=7.33 prefix_ms=0.0 suffix_ms=582.2 first_token_ms=2042.6 generation_ms=12573.8 generated=64 generation_tps=5.090
AGENT index=7 exit=0 text=4dc33c0cd95f2541 role=child prefix_tokens=16321 suffix_tokens=14 model_ms=1070.1 context_ms=53.9 state_ms=7.41 prefix_ms=0.0 suffix_ms=710.4 first_token_ms=2161.7 generation_ms=19315.0 generated=64 generation_tps=3.313
END_CASE failed=0 fault_pages=565524
CASE mode=cow_noread agents=8
AGENT index=0 exit=0 text=4dc33c0cd95f2541 role=child prefix_tokens=16321 suffix_tokens=14 model_ms=1041.6 context_ms=38.2 state_ms=7.40 prefix_ms=0.0 suffix_ms=3283.8 first_token_ms=4696.2 generation_ms=12678.8 generated=64 generation_tps=5.048
AGENT index=1 exit=0 text=4dc33c0cd95f2541 role=child prefix_tokens=16321 suffix_tokens=14 model_ms=1088.9 context_ms=37.8 state_ms=7.43 prefix_ms=0.0 suffix_ms=3698.2 first_token_ms=5149.3 generation_ms=19299.9 generated=64 generation_tps=3.316
AGENT index=2 exit=0 text=4dc33c0cd95f2541 role=child prefix_tokens=16321 suffix_tokens=14 model_ms=1079.0 context_ms=37.1 state_ms=7.20 prefix_ms=0.0 suffix_ms=3288.4 first_token_ms=4739.1 generation_ms=12654.5 generated=64 generation_tps=5.058
AGENT index=3 exit=0 text=1911721bc1759881 role=child prefix_tokens=16321 suffix_tokens=14 model_ms=1044.9 context_ms=36.8 state_ms=7.33 prefix_ms=0.0 suffix_ms=3662.4 first_token_ms=5066.1 generation_ms=19352.3 generated=64 generation_tps=3.307
AGENT index=4 exit=0 text=4dc33c0cd95f2541 role=child prefix_tokens=16321 suffix_tokens=14 model_ms=1036.4 context_ms=35.3 state_ms=7.85 prefix_ms=0.0 suffix_ms=3283.5 first_token_ms=4684.4 generation_ms=12678.0 generated=64 generation_tps=5.048
AGENT index=5 exit=0 text=4dc33c0cd95f2541 role=child prefix_tokens=16321 suffix_tokens=14 model_ms=998.2 context_ms=32.3 state_ms=7.39 prefix_ms=0.0 suffix_ms=3623.5 first_token_ms=4928.8 generation_ms=19366.4 generated=64 generation_tps=3.305
AGENT index=6 exit=0 text=4dc33c0cd95f2541 role=child prefix_tokens=16321 suffix_tokens=14 model_ms=1061.6 context_ms=38.9 state_ms=7.30 prefix_ms=0.0 suffix_ms=3265.2 first_token_ms=4682.2 generation_ms=12685.9 generated=64 generation_tps=5.045
AGENT index=7 exit=0 text=4dc33c0cd95f2541 role=child prefix_tokens=16321 suffix_tokens=14 model_ms=1022.9 context_ms=33.1 state_ms=7.24 prefix_ms=0.0 suffix_ms=3722.5 first_token_ms=5074.1 generation_ms=19349.2 generated=64 generation_tps=3.308
END_CASE failed=0 fault_pages=7414612
END_KVFAULTCOUNT
BEGIN_KVFAULTCOUNT run=2
FORK mode=fork_copy exit=0 fault_pages_before_publish=0 fault_pages_after_publish=0 prefix_tokens=16321 prefix_ms=19764.0 publish_ms=534.14 state_bytes=936173269 suffix_tokens=13 model_ms=587.8 context_ms=60.5 state_ms=534.14 prefix_ms=19764.0 suffix_ms=57.2 first_token_ms=21146.9 generation_ms=2717.4 generated=64 generation_tps=23.551
FORK mode=fork_extent exit=0 fault_pages_before_publish=0 fault_pages_after_publish=0 prefix_tokens=16321 prefix_ms=19861.2 publish_ms=8.68 state_bytes=261845 suffix_tokens=13 model_ms=583.9 context_ms=36.4 state_ms=8.68 prefix_ms=19861.2 suffix_ms=57.5 first_token_ms=20683.7 generation_ms=2722.5 generated=64 generation_tps=23.508
FORK mode=fork_refill exit=0 fault_pages_before_publish=0 fault_pages_after_publish=0 prefix_tokens=16321 prefix_ms=19862.6 publish_ms=11.65 state_bytes=261845 suffix_tokens=13 model_ms=589.4 context_ms=36.0 state_ms=11.65 prefix_ms=19862.6 suffix_ms=58.3 first_token_ms=20684.6 generation_ms=2724.0 generated=64 generation_tps=23.495
PUBLISH store=rows fault_pages=0 prefix_tokens=16321 prefix_ms=19782.4 publish_ms=565.22 state_bytes=936173269
PUBLISH store=file fault_pages=0 prefix_tokens=16321 prefix_ms=19869.0 publish_ms=11.95 state_bytes=261845
CASE mode=cow_noread agents=8
AGENT index=0 exit=0 text=4dc33c0cd95f2541 role=child prefix_tokens=16321 suffix_tokens=14 model_ms=1100.9 context_ms=67.4 state_ms=7.47 prefix_ms=0.0 suffix_ms=3362.0 first_token_ms=4855.8 generation_ms=12614.2 generated=64 generation_tps=5.074
AGENT index=1 exit=0 text=4dc33c0cd95f2541 role=child prefix_tokens=16321 suffix_tokens=14 model_ms=1100.3 context_ms=64.5 state_ms=7.50 prefix_ms=0.0 suffix_ms=3725.4 first_token_ms=5218.6 generation_ms=19324.0 generated=64 generation_tps=3.312
AGENT index=2 exit=0 text=4dc33c0cd95f2541 role=child prefix_tokens=16321 suffix_tokens=14 model_ms=1110.2 context_ms=65.8 state_ms=7.14 prefix_ms=0.0 suffix_ms=3325.6 first_token_ms=4819.5 generation_ms=12634.7 generated=64 generation_tps=5.065
AGENT index=3 exit=0 text=1911721bc1759881 role=child prefix_tokens=16321 suffix_tokens=14 model_ms=1133.1 context_ms=45.2 state_ms=7.15 prefix_ms=0.0 suffix_ms=3680.8 first_token_ms=5148.9 generation_ms=19338.4 generated=64 generation_tps=3.309
AGENT index=4 exit=0 text=4dc33c0cd95f2541 role=child prefix_tokens=16321 suffix_tokens=14 model_ms=1110.3 context_ms=58.8 state_ms=7.43 prefix_ms=0.0 suffix_ms=3340.5 first_token_ms=4831.3 generation_ms=12620.1 generated=64 generation_tps=5.071
AGENT index=5 exit=0 text=4dc33c0cd95f2541 role=child prefix_tokens=16321 suffix_tokens=14 model_ms=1087.6 context_ms=41.2 state_ms=7.46 prefix_ms=0.0 suffix_ms=3689.3 first_token_ms=5151.0 generation_ms=19337.8 generated=64 generation_tps=3.310
AGENT index=6 exit=0 text=4dc33c0cd95f2541 role=child prefix_tokens=16321 suffix_tokens=14 model_ms=1088.6 context_ms=43.0 state_ms=7.22 prefix_ms=0.0 suffix_ms=3309.9 first_token_ms=4776.5 generation_ms=12599.5 generated=64 generation_tps=5.080
AGENT index=7 exit=0 text=4dc33c0cd95f2541 role=child prefix_tokens=16321 suffix_tokens=14 model_ms=1134.9 context_ms=63.1 state_ms=7.16 prefix_ms=0.0 suffix_ms=3745.7 first_token_ms=5234.1 generation_ms=19312.4 generated=64 generation_tps=3.314
END_CASE failed=0 fault_pages=7412646
CASE mode=cow agents=8
AGENT index=0 exit=0 text=4dc33c0cd95f2541 role=child prefix_tokens=16321 suffix_tokens=14 model_ms=1027.3 context_ms=43.9 state_ms=8.13 prefix_ms=0.0 suffix_ms=659.6 first_token_ms=2051.0 generation_ms=12588.7 generated=64 generation_tps=5.084
AGENT index=1 exit=0 text=4dc33c0cd95f2541 role=child prefix_tokens=16321 suffix_tokens=14 model_ms=1035.9 context_ms=38.1 state_ms=7.61 prefix_ms=0.0 suffix_ms=813.8 first_token_ms=2207.7 generation_ms=18807.6 generated=64 generation_tps=3.403
AGENT index=2 exit=0 text=4dc33c0cd95f2541 role=child prefix_tokens=16321 suffix_tokens=14 model_ms=990.6 context_ms=43.1 state_ms=7.29 prefix_ms=0.0 suffix_ms=516.5 first_token_ms=1875.3 generation_ms=12665.8 generated=64 generation_tps=5.053
AGENT index=3 exit=0 text=1911721bc1759881 role=child prefix_tokens=16321 suffix_tokens=14 model_ms=678.0 context_ms=35.1 state_ms=7.38 prefix_ms=0.0 suffix_ms=156.9 first_token_ms=1096.3 generation_ms=18444.2 generated=64 generation_tps=3.470
AGENT index=4 exit=0 text=4dc33c0cd95f2541 role=child prefix_tokens=16321 suffix_tokens=14 model_ms=984.4 context_ms=43.1 state_ms=7.48 prefix_ms=0.0 suffix_ms=493.1 first_token_ms=1851.1 generation_ms=12667.6 generated=64 generation_tps=5.052
AGENT index=5 exit=0 text=4dc33c0cd95f2541 role=child prefix_tokens=16321 suffix_tokens=14 model_ms=979.6 context_ms=38.7 state_ms=7.45 prefix_ms=0.0 suffix_ms=651.1 first_token_ms=1993.8 generation_ms=18883.8 generated=64 generation_tps=3.389
AGENT index=6 exit=0 text=4dc33c0cd95f2541 role=child prefix_tokens=16321 suffix_tokens=14 model_ms=1037.1 context_ms=38.6 state_ms=7.40 prefix_ms=0.0 suffix_ms=657.6 first_token_ms=2065.1 generation_ms=12564.0 generated=64 generation_tps=5.094
AGENT index=7 exit=0 text=4dc33c0cd95f2541 role=child prefix_tokens=16321 suffix_tokens=14 model_ms=1039.9 context_ms=39.1 state_ms=7.22 prefix_ms=0.0 suffix_ms=797.1 first_token_ms=2206.3 generation_ms=18804.7 generated=64 generation_tps=3.403
END_CASE failed=0 fault_pages=563134
CASE mode=no_populate agents=8
AGENT index=0 exit=0 text=4dc33c0cd95f2541 role=child prefix_tokens=16321 suffix_tokens=14 model_ms=1090.1 context_ms=43.3 state_ms=7.30 prefix_ms=0.0 suffix_ms=427.9 first_token_ms=1889.3 generation_ms=12714.8 generated=64 generation_tps=5.033
AGENT index=1 exit=0 text=4dc33c0cd95f2541 role=child prefix_tokens=16321 suffix_tokens=14 model_ms=1117.8 context_ms=42.4 state_ms=7.46 prefix_ms=0.0 suffix_ms=454.5 first_token_ms=1933.2 generation_ms=19380.0 generated=64 generation_tps=3.302
AGENT index=2 exit=0 text=4dc33c0cd95f2541 role=child prefix_tokens=16321 suffix_tokens=14 model_ms=1068.7 context_ms=42.9 state_ms=7.51 prefix_ms=0.0 suffix_ms=371.3 first_token_ms=1804.6 generation_ms=12704.3 generated=64 generation_tps=5.038
AGENT index=3 exit=0 text=1911721bc1759881 role=child prefix_tokens=16321 suffix_tokens=14 model_ms=1118.6 context_ms=42.7 state_ms=7.49 prefix_ms=0.0 suffix_ms=530.9 first_token_ms=2026.7 generation_ms=19421.1 generated=64 generation_tps=3.295
AGENT index=4 exit=0 text=4dc33c0cd95f2541 role=child prefix_tokens=16321 suffix_tokens=14 model_ms=1077.5 context_ms=45.9 state_ms=9.52 prefix_ms=0.0 suffix_ms=384.5 first_token_ms=1823.0 generation_ms=12724.6 generated=64 generation_tps=5.030
AGENT index=5 exit=0 text=4dc33c0cd95f2541 role=child prefix_tokens=16321 suffix_tokens=14 model_ms=1130.2 context_ms=47.1 state_ms=7.41 prefix_ms=0.0 suffix_ms=532.7 first_token_ms=2033.2 generation_ms=19423.6 generated=64 generation_tps=3.295
AGENT index=6 exit=0 text=4dc33c0cd95f2541 role=child prefix_tokens=16321 suffix_tokens=14 model_ms=1087.6 context_ms=44.0 state_ms=7.28 prefix_ms=0.0 suffix_ms=418.3 first_token_ms=1882.2 generation_ms=12720.1 generated=64 generation_tps=5.031
AGENT index=7 exit=0 text=4dc33c0cd95f2541 role=child prefix_tokens=16321 suffix_tokens=14 model_ms=1119.6 context_ms=59.3 state_ms=8.76 prefix_ms=0.0 suffix_ms=537.1 first_token_ms=2049.1 generation_ms=19413.2 generated=64 generation_tps=3.297
END_CASE failed=0 fault_pages=37166
CASE mode=no_read agents=8
AGENT index=0 exit=0 text=4dc33c0cd95f2541 role=child prefix_tokens=16321 suffix_tokens=14 model_ms=990.9 context_ms=31.5 state_ms=7.15 prefix_ms=0.0 suffix_ms=458.9 first_token_ms=1801.7 generation_ms=12521.6 generated=64 generation_tps=5.111
AGENT index=1 exit=0 text=4dc33c0cd95f2541 role=child prefix_tokens=16321 suffix_tokens=14 model_ms=894.0 context_ms=32.5 state_ms=7.42 prefix_ms=0.0 suffix_ms=209.2 first_token_ms=1388.3 generation_ms=19068.0 generated=64 generation_tps=3.356
AGENT index=2 exit=0 text=4dc33c0cd95f2541 role=child prefix_tokens=16321 suffix_tokens=14 model_ms=1082.2 context_ms=35.7 state_ms=7.95 prefix_ms=0.0 suffix_ms=897.0 first_token_ms=2326.6 generation_ms=12343.5 generated=64 generation_tps=5.185
AGENT index=3 exit=0 text=1911721bc1759881 role=child prefix_tokens=16321 suffix_tokens=14 model_ms=1099.0 context_ms=37.3 state_ms=7.36 prefix_ms=0.0 suffix_ms=1014.6 first_token_ms=2468.1 generation_ms=18883.0 generated=64 generation_tps=3.389
AGENT index=4 exit=0 text=4dc33c0cd95f2541 role=child prefix_tokens=16321 suffix_tokens=14 model_ms=1098.9 context_ms=40.4 state_ms=8.22 prefix_ms=0.0 suffix_ms=921.4 first_token_ms=2374.9 generation_ms=12323.4 generated=64 generation_tps=5.193
AGENT index=5 exit=0 text=4dc33c0cd95f2541 role=child prefix_tokens=16321 suffix_tokens=14 model_ms=1091.3 context_ms=41.5 state_ms=7.53 prefix_ms=0.0 suffix_ms=1036.8 first_token_ms=2497.0 generation_ms=18859.3 generated=64 generation_tps=3.394
AGENT index=6 exit=0 text=4dc33c0cd95f2541 role=child prefix_tokens=16321 suffix_tokens=14 model_ms=1022.0 context_ms=32.3 state_ms=7.41 prefix_ms=0.0 suffix_ms=815.5 first_token_ms=2190.2 generation_ms=12412.4 generated=64 generation_tps=5.156
AGENT index=7 exit=0 text=4dc33c0cd95f2541 role=child prefix_tokens=16321 suffix_tokens=14 model_ms=1036.5 context_ms=34.0 state_ms=7.57 prefix_ms=0.0 suffix_ms=966.4 first_token_ms=2357.4 generation_ms=18902.2 generated=64 generation_tps=3.386
END_CASE failed=0 fault_pages=2428500
CASE mode=extent agents=8
AGENT index=0 exit=0 text=4dc33c0cd95f2541 role=child prefix_tokens=16321 suffix_tokens=14 model_ms=1050.6 context_ms=41.4 state_ms=7.41 prefix_ms=0.0 suffix_ms=136.5 first_token_ms=1549.4 generation_ms=12450.1 generated=64 generation_tps=5.141
AGENT index=1 exit=0 text=4dc33c0cd95f2541 role=child prefix_tokens=16321 suffix_tokens=14 model_ms=1049.3 context_ms=34.7 state_ms=7.41 prefix_ms=0.0 suffix_ms=431.7 first_token_ms=1849.4 generation_ms=19115.4 generated=64 generation_tps=3.348
AGENT index=2 exit=0 text=4dc33c0cd95f2541 role=child prefix_tokens=16321 suffix_tokens=14 model_ms=1102.7 context_ms=46.9 state_ms=7.97 prefix_ms=0.0 suffix_ms=293.4 first_token_ms=1761.5 generation_ms=12433.8 generated=64 generation_tps=5.147
AGENT index=3 exit=0 text=1911721bc1759881 role=child prefix_tokens=16321 suffix_tokens=14 model_ms=1041.3 context_ms=37.3 state_ms=8.70 prefix_ms=0.0 suffix_ms=403.3 first_token_ms=1812.7 generation_ms=19123.1 generated=64 generation_tps=3.347
AGENT index=4 exit=0 text=4dc33c0cd95f2541 role=child prefix_tokens=16321 suffix_tokens=14 model_ms=1092.7 context_ms=39.9 state_ms=7.51 prefix_ms=0.0 suffix_ms=282.6 first_token_ms=1742.0 generation_ms=12427.5 generated=64 generation_tps=5.150
AGENT index=5 exit=0 text=4dc33c0cd95f2541 role=child prefix_tokens=16321 suffix_tokens=14 model_ms=1097.7 context_ms=44.5 state_ms=7.70 prefix_ms=0.0 suffix_ms=480.5 first_token_ms=1958.6 generation_ms=19043.1 generated=64 generation_tps=3.361
AGENT index=6 exit=0 text=4dc33c0cd95f2541 role=child prefix_tokens=16321 suffix_tokens=14 model_ms=1102.2 context_ms=44.4 state_ms=7.51 prefix_ms=0.0 suffix_ms=317.3 first_token_ms=1782.6 generation_ms=12423.9 generated=64 generation_tps=5.151
AGENT index=7 exit=0 text=4dc33c0cd95f2541 role=child prefix_tokens=16321 suffix_tokens=14 model_ms=1065.0 context_ms=33.3 state_ms=7.37 prefix_ms=0.0 suffix_ms=204.6 first_token_ms=1586.5 generation_ms=19191.2 generated=64 generation_tps=3.335
END_CASE failed=0 fault_pages=0
CASE mode=copy agents=8
AGENT index=0 exit=0 text=4dc33c0cd95f2541 role=child prefix_tokens=16321 suffix_tokens=14 model_ms=1078.6 context_ms=183.5 state_ms=389.20 prefix_ms=0.0 suffix_ms=294.9 first_token_ms=2261.6 generation_ms=12338.0 generated=64 generation_tps=5.187
AGENT index=1 exit=0 text=4dc33c0cd95f2541 role=child prefix_tokens=16321 suffix_tokens=14 model_ms=1130.1 context_ms=184.3 state_ms=339.67 prefix_ms=0.0 suffix_ms=450.4 first_token_ms=2415.1 generation_ms=18554.7 generated=64 generation_tps=3.449
AGENT index=2 exit=0 text=4dc33c0cd95f2541 role=child prefix_tokens=16321 suffix_tokens=14 model_ms=1115.3 context_ms=169.3 state_ms=358.98 prefix_ms=0.0 suffix_ms=316.6 first_token_ms=2280.5 generation_ms=12342.7 generated=64 generation_tps=5.185
AGENT index=3 exit=0 text=1911721bc1759881 role=child prefix_tokens=16321 suffix_tokens=14 model_ms=1177.6 context_ms=134.2 state_ms=335.32 prefix_ms=0.0 suffix_ms=442.9 first_token_ms=2408.2 generation_ms=18557.6 generated=64 generation_tps=3.449
AGENT index=4 exit=0 text=4dc33c0cd95f2541 role=child prefix_tokens=16321 suffix_tokens=14 model_ms=1085.6 context_ms=182.2 state_ms=244.38 prefix_ms=0.0 suffix_ms=114.5 first_token_ms=1934.0 generation_ms=12178.3 generated=64 generation_tps=5.255
AGENT index=5 exit=0 text=4dc33c0cd95f2541 role=child prefix_tokens=16321 suffix_tokens=14 model_ms=1115.7 context_ms=198.9 state_ms=325.34 prefix_ms=0.0 suffix_ms=429.4 first_token_ms=2394.3 generation_ms=18566.6 generated=64 generation_tps=3.447
AGENT index=6 exit=0 text=4dc33c0cd95f2541 role=child prefix_tokens=16321 suffix_tokens=14 model_ms=1108.4 context_ms=180.2 state_ms=345.66 prefix_ms=0.0 suffix_ms=317.0 first_token_ms=2281.2 generation_ms=12339.8 generated=64 generation_tps=5.186
AGENT index=7 exit=0 text=4dc33c0cd95f2541 role=child prefix_tokens=16321 suffix_tokens=14 model_ms=1064.5 context_ms=180.3 state_ms=390.60 prefix_ms=0.0 suffix_ms=400.2 first_token_ms=2361.8 generation_ms=18503.1 generated=64 generation_tps=3.459
END_CASE failed=0 fault_pages=0
END_KVFAULTCOUNT
BEGIN_KVFAULTCOUNT run=3
FORK mode=fork_copy exit=0 fault_pages_before_publish=0 fault_pages_after_publish=0 prefix_tokens=16321 prefix_ms=19794.9 publish_ms=566.56 state_bytes=936173269 suffix_tokens=13 model_ms=585.7 context_ms=60.1 state_ms=566.56 prefix_ms=19794.9 suffix_ms=57.2 first_token_ms=21164.4 generation_ms=2709.5 generated=64 generation_tps=23.621
FORK mode=fork_extent exit=0 fault_pages_before_publish=0 fault_pages_after_publish=0 prefix_tokens=16321 prefix_ms=19847.9 publish_ms=9.06 state_bytes=261845 suffix_tokens=13 model_ms=586.2 context_ms=36.3 state_ms=9.06 prefix_ms=19847.9 suffix_ms=58.0 first_token_ms=20681.5 generation_ms=2724.3 generated=64 generation_tps=23.492
FORK mode=fork_refill exit=0 fault_pages_before_publish=0 fault_pages_after_publish=0 prefix_tokens=16321 prefix_ms=19853.5 publish_ms=15.92 state_bytes=261845 suffix_tokens=13 model_ms=586.2 context_ms=36.8 state_ms=15.92 prefix_ms=19853.5 suffix_ms=58.0 first_token_ms=20672.8 generation_ms=2720.5 generated=64 generation_tps=23.525
PUBLISH store=rows fault_pages=0 prefix_tokens=16321 prefix_ms=19788.3 publish_ms=570.79 state_bytes=936173269
PUBLISH store=file fault_pages=0 prefix_tokens=16321 prefix_ms=19894.4 publish_ms=11.90 state_bytes=261845
CASE mode=copy agents=8
AGENT index=0 exit=0 text=4dc33c0cd95f2541 role=child prefix_tokens=16321 suffix_tokens=14 model_ms=1117.3 context_ms=246.7 state_ms=334.75 prefix_ms=0.0 suffix_ms=317.1 first_token_ms=2320.8 generation_ms=12358.2 generated=64 generation_tps=5.179
AGENT index=1 exit=0 text=4dc33c0cd95f2541 role=child prefix_tokens=16321 suffix_tokens=14 model_ms=1132.1 context_ms=196.9 state_ms=348.02 prefix_ms=0.0 suffix_ms=398.4 first_token_ms=2401.6 generation_ms=18522.9 generated=64 generation_tps=3.455
AGENT index=2 exit=0 text=4dc33c0cd95f2541 role=child prefix_tokens=16321 suffix_tokens=14 model_ms=1109.1 context_ms=213.1 state_ms=370.67 prefix_ms=0.0 suffix_ms=308.9 first_token_ms=2312.7 generation_ms=12370.9 generated=64 generation_tps=5.173
AGENT index=3 exit=0 text=1911721bc1759881 role=child prefix_tokens=16321 suffix_tokens=14 model_ms=1111.2 context_ms=214.1 state_ms=370.93 prefix_ms=0.0 suffix_ms=438.5 first_token_ms=2441.8 generation_ms=18561.2 generated=64 generation_tps=3.448
AGENT index=4 exit=0 text=4dc33c0cd95f2541 role=child prefix_tokens=16321 suffix_tokens=14 model_ms=1124.9 context_ms=185.3 state_ms=245.89 prefix_ms=0.0 suffix_ms=113.4 first_token_ms=1981.0 generation_ms=12248.4 generated=64 generation_tps=5.225
AGENT index=5 exit=0 text=4dc33c0cd95f2541 role=child prefix_tokens=16321 suffix_tokens=14 model_ms=1140.9 context_ms=209.7 state_ms=334.31 prefix_ms=0.0 suffix_ms=438.7 first_token_ms=2441.9 generation_ms=18557.3 generated=64 generation_tps=3.449
AGENT index=6 exit=0 text=4dc33c0cd95f2541 role=child prefix_tokens=16321 suffix_tokens=14 model_ms=1091.7 context_ms=234.2 state_ms=348.56 prefix_ms=0.0 suffix_ms=294.7 first_token_ms=2295.9 generation_ms=12365.7 generated=64 generation_tps=5.176
AGENT index=7 exit=0 text=4dc33c0cd95f2541 role=child prefix_tokens=16321 suffix_tokens=14 model_ms=1096.8 context_ms=212.5 state_ms=372.26 prefix_ms=0.0 suffix_ms=411.1 first_token_ms=2411.9 generation_ms=18580.2 generated=64 generation_tps=3.445
END_CASE failed=0 fault_pages=0
CASE mode=extent agents=8
AGENT index=0 exit=0 text=4dc33c0cd95f2541 role=child prefix_tokens=16321 suffix_tokens=14 model_ms=1083.1 context_ms=51.0 state_ms=7.62 prefix_ms=0.0 suffix_ms=257.7 first_token_ms=1723.2 generation_ms=12401.0 generated=64 generation_tps=5.161
AGENT index=1 exit=0 text=4dc33c0cd95f2541 role=child prefix_tokens=16321 suffix_tokens=14 model_ms=1092.4 context_ms=59.3 state_ms=7.43 prefix_ms=0.0 suffix_ms=393.9 first_token_ms=1866.5 generation_ms=19143.9 generated=64 generation_tps=3.343
AGENT index=2 exit=0 text=4dc33c0cd95f2541 role=child prefix_tokens=16321 suffix_tokens=14 model_ms=1083.8 context_ms=60.7 state_ms=7.20 prefix_ms=0.0 suffix_ms=301.8 first_token_ms=1774.0 generation_ms=12483.8 generated=64 generation_tps=5.127
AGENT index=3 exit=0 text=1911721bc1759881 role=child prefix_tokens=16321 suffix_tokens=14 model_ms=1105.4 context_ms=47.3 state_ms=7.48 prefix_ms=0.0 suffix_ms=439.5 first_token_ms=1927.2 generation_ms=19134.0 generated=64 generation_tps=3.345
AGENT index=4 exit=0 text=4dc33c0cd95f2541 role=child prefix_tokens=16321 suffix_tokens=14 model_ms=1097.8 context_ms=58.3 state_ms=7.37 prefix_ms=0.0 suffix_ms=300.3 first_token_ms=1775.2 generation_ms=12482.6 generated=64 generation_tps=5.127
AGENT index=5 exit=0 text=4dc33c0cd95f2541 role=child prefix_tokens=16321 suffix_tokens=14 model_ms=1098.0 context_ms=37.4 state_ms=7.39 prefix_ms=0.0 suffix_ms=308.0 first_token_ms=1758.0 generation_ms=19148.0 generated=64 generation_tps=3.342
AGENT index=6 exit=0 text=4dc33c0cd95f2541 role=child prefix_tokens=16321 suffix_tokens=14 model_ms=1104.6 context_ms=59.5 state_ms=7.57 prefix_ms=0.0 suffix_ms=299.6 first_token_ms=1774.2 generation_ms=12487.6 generated=64 generation_tps=5.125
AGENT index=7 exit=0 text=4dc33c0cd95f2541 role=child prefix_tokens=16321 suffix_tokens=14 model_ms=1119.3 context_ms=46.1 state_ms=7.63 prefix_ms=0.0 suffix_ms=453.8 first_token_ms=1943.2 generation_ms=19124.8 generated=64 generation_tps=3.346
END_CASE failed=0 fault_pages=0
CASE mode=no_read agents=8
AGENT index=0 exit=0 text=4dc33c0cd95f2541 role=child prefix_tokens=16321 suffix_tokens=14 model_ms=1061.9 context_ms=43.4 state_ms=8.05 prefix_ms=0.0 suffix_ms=724.7 first_token_ms=2145.5 generation_ms=12458.1 generated=64 generation_tps=5.137
AGENT index=1 exit=0 text=4dc33c0cd95f2541 role=child prefix_tokens=16321 suffix_tokens=14 model_ms=1109.7 context_ms=37.1 state_ms=8.71 prefix_ms=0.0 suffix_ms=891.5 first_token_ms=2359.3 generation_ms=19044.6 generated=64 generation_tps=3.361
AGENT index=2 exit=0 text=4dc33c0cd95f2541 role=child prefix_tokens=16321 suffix_tokens=14 model_ms=1048.1 context_ms=35.2 state_ms=7.50 prefix_ms=0.0 suffix_ms=702.1 first_token_ms=2108.8 generation_ms=12440.9 generated=64 generation_tps=5.144
AGENT index=3 exit=0 text=1911721bc1759881 role=child prefix_tokens=16321 suffix_tokens=14 model_ms=1009.2 context_ms=32.5 state_ms=7.33 prefix_ms=0.0 suffix_ms=435.1 first_token_ms=1753.6 generation_ms=19230.3 generated=64 generation_tps=3.328
AGENT index=4 exit=0 text=4dc33c0cd95f2541 role=child prefix_tokens=16321 suffix_tokens=14 model_ms=1058.0 context_ms=42.1 state_ms=7.72 prefix_ms=0.0 suffix_ms=741.7 first_token_ms=2170.6 generation_ms=12458.1 generated=64 generation_tps=5.137
AGENT index=5 exit=0 text=4dc33c0cd95f2541 role=child prefix_tokens=16321 suffix_tokens=14 model_ms=1052.1 context_ms=35.9 state_ms=7.31 prefix_ms=0.0 suffix_ms=900.7 first_token_ms=2313.3 generation_ms=19070.9 generated=64 generation_tps=3.356
AGENT index=6 exit=0 text=4dc33c0cd95f2541 role=child prefix_tokens=16321 suffix_tokens=14 model_ms=1076.7 context_ms=41.4 state_ms=7.71 prefix_ms=0.0 suffix_ms=769.6 first_token_ms=2220.5 generation_ms=12429.7 generated=64 generation_tps=5.149
AGENT index=7 exit=0 text=4dc33c0cd95f2541 role=child prefix_tokens=16321 suffix_tokens=14 model_ms=1055.9 context_ms=41.5 state_ms=7.39 prefix_ms=0.0 suffix_ms=875.2 first_token_ms=2303.4 generation_ms=19063.7 generated=64 generation_tps=3.357
END_CASE failed=0 fault_pages=2528356
CASE mode=no_populate agents=8
AGENT index=0 exit=0 text=4dc33c0cd95f2541 role=child prefix_tokens=16321 suffix_tokens=14 model_ms=1102.4 context_ms=50.4 state_ms=7.55 prefix_ms=0.0 suffix_ms=440.4 first_token_ms=1924.7 generation_ms=12718.0 generated=64 generation_tps=5.032
AGENT index=1 exit=0 text=4dc33c0cd95f2541 role=child prefix_tokens=16321 suffix_tokens=14 model_ms=1119.1 context_ms=48.4 state_ms=7.57 prefix_ms=0.0 suffix_ms=574.2 first_token_ms=2057.6 generation_ms=19476.9 generated=64 generation_tps=3.286
AGENT index=2 exit=0 text=4dc33c0cd95f2541 role=child prefix_tokens=16321 suffix_tokens=14 model_ms=1110.4 context_ms=60.2 state_ms=7.23 prefix_ms=0.0 suffix_ms=457.9 first_token_ms=1954.8 generation_ms=12741.9 generated=64 generation_tps=5.023
AGENT index=3 exit=0 text=1911721bc1759881 role=child prefix_tokens=16321 suffix_tokens=14 model_ms=1126.8 context_ms=47.8 state_ms=7.41 prefix_ms=0.0 suffix_ms=580.1 first_token_ms=2083.0 generation_ms=19463.1 generated=64 generation_tps=3.288
AGENT index=4 exit=0 text=4dc33c0cd95f2541 role=child prefix_tokens=16321 suffix_tokens=14 model_ms=1129.6 context_ms=59.4 state_ms=7.73 prefix_ms=0.0 suffix_ms=466.0 first_token_ms=1964.4 generation_ms=12733.9 generated=64 generation_tps=5.026
AGENT index=5 exit=0 text=4dc33c0cd95f2541 role=child prefix_tokens=16321 suffix_tokens=14 model_ms=1114.3 context_ms=50.5 state_ms=7.45 prefix_ms=0.0 suffix_ms=557.5 first_token_ms=2040.3 generation_ms=19498.6 generated=64 generation_tps=3.282
AGENT index=6 exit=0 text=4dc33c0cd95f2541 role=child prefix_tokens=16321 suffix_tokens=14 model_ms=1121.8 context_ms=43.2 state_ms=7.65 prefix_ms=0.0 suffix_ms=379.9 first_token_ms=1855.3 generation_ms=12717.5 generated=64 generation_tps=5.032
AGENT index=7 exit=0 text=4dc33c0cd95f2541 role=child prefix_tokens=16321 suffix_tokens=14 model_ms=1113.9 context_ms=50.1 state_ms=7.49 prefix_ms=0.0 suffix_ms=574.5 first_token_ms=2060.9 generation_ms=19462.0 generated=64 generation_tps=3.288
END_CASE failed=0 fault_pages=37214
CASE mode=cow agents=8
AGENT index=0 exit=0 text=4dc33c0cd95f2541 role=child prefix_tokens=16321 suffix_tokens=14 model_ms=1079.0 context_ms=43.0 state_ms=7.39 prefix_ms=0.0 suffix_ms=653.4 first_token_ms=2101.2 generation_ms=12488.5 generated=64 generation_tps=5.125
AGENT index=1 exit=0 text=4dc33c0cd95f2541 role=child prefix_tokens=16321 suffix_tokens=14 model_ms=997.3 context_ms=34.2 state_ms=7.41 prefix_ms=0.0 suffix_ms=654.8 first_token_ms=2014.8 generation_ms=19045.1 generated=64 generation_tps=3.360
AGENT index=2 exit=0 text=4dc33c0cd95f2541 role=child prefix_tokens=16321 suffix_tokens=14 model_ms=1067.0 context_ms=38.7 state_ms=7.30 prefix_ms=0.0 suffix_ms=628.6 first_token_ms=2068.1 generation_ms=12508.9 generated=64 generation_tps=5.116
AGENT index=3 exit=0 text=1911721bc1759881 role=child prefix_tokens=16321 suffix_tokens=14 model_ms=1070.7 context_ms=43.6 state_ms=7.97 prefix_ms=0.0 suffix_ms=795.2 first_token_ms=2231.3 generation_ms=18929.8 generated=64 generation_tps=3.381
AGENT index=4 exit=0 text=4dc33c0cd95f2541 role=child prefix_tokens=16321 suffix_tokens=14 model_ms=993.9 context_ms=34.9 state_ms=7.32 prefix_ms=0.0 suffix_ms=278.0 first_token_ms=1617.9 generation_ms=12682.3 generated=64 generation_tps=5.046
AGENT index=5 exit=0 text=4dc33c0cd95f2541 role=child prefix_tokens=16321 suffix_tokens=14 model_ms=817.7 context_ms=32.2 state_ms=7.30 prefix_ms=0.0 suffix_ms=156.7 first_token_ms=1254.0 generation_ms=18853.5 generated=64 generation_tps=3.395
AGENT index=6 exit=0 text=4dc33c0cd95f2541 role=child prefix_tokens=16321 suffix_tokens=14 model_ms=1037.3 context_ms=34.3 state_ms=7.44 prefix_ms=0.0 suffix_ms=587.5 first_token_ms=1977.9 generation_ms=12539.0 generated=64 generation_tps=5.104
AGENT index=7 exit=0 text=4dc33c0cd95f2541 role=child prefix_tokens=16321 suffix_tokens=14 model_ms=1055.9 context_ms=37.6 state_ms=7.79 prefix_ms=0.0 suffix_ms=816.4 first_token_ms=2242.4 generation_ms=18926.9 generated=64 generation_tps=3.381
END_CASE failed=0 fault_pages=563548
CASE mode=cow_noread agents=8
AGENT index=0 exit=0 text=4dc33c0cd95f2541 role=child prefix_tokens=16321 suffix_tokens=14 model_ms=1044.5 context_ms=48.1 state_ms=7.42 prefix_ms=0.0 suffix_ms=3334.7 first_token_ms=4765.7 generation_ms=12625.2 generated=64 generation_tps=5.069
AGENT index=1 exit=0 text=4dc33c0cd95f2541 role=child prefix_tokens=16321 suffix_tokens=14 model_ms=1009.0 context_ms=37.2 state_ms=9.13 prefix_ms=0.0 suffix_ms=3677.7 first_token_ms=5056.0 generation_ms=19397.3 generated=64 generation_tps=3.299
AGENT index=2 exit=0 text=4dc33c0cd95f2541 role=child prefix_tokens=16321 suffix_tokens=14 model_ms=1033.5 context_ms=34.0 state_ms=7.24 prefix_ms=0.0 suffix_ms=3225.4 first_token_ms=4612.2 generation_ms=12637.9 generated=64 generation_tps=5.064
AGENT index=3 exit=0 text=1911721bc1759881 role=child prefix_tokens=16321 suffix_tokens=14 model_ms=1080.2 context_ms=42.5 state_ms=7.44 prefix_ms=0.0 suffix_ms=3812.0 first_token_ms=5269.0 generation_ms=19259.9 generated=64 generation_tps=3.323
AGENT index=4 exit=0 text=4dc33c0cd95f2541 role=child prefix_tokens=16321 suffix_tokens=14 model_ms=1094.4 context_ms=44.0 state_ms=7.52 prefix_ms=0.0 suffix_ms=3284.7 first_token_ms=4743.1 generation_ms=12604.0 generated=64 generation_tps=5.078
AGENT index=5 exit=0 text=4dc33c0cd95f2541 role=child prefix_tokens=16321 suffix_tokens=14 model_ms=1054.3 context_ms=37.7 state_ms=8.57 prefix_ms=0.0 suffix_ms=3653.7 first_token_ms=5034.4 generation_ms=19427.2 generated=64 generation_tps=3.294
AGENT index=6 exit=0 text=4dc33c0cd95f2541 role=child prefix_tokens=16321 suffix_tokens=14 model_ms=1059.4 context_ms=42.2 state_ms=8.04 prefix_ms=0.0 suffix_ms=3343.2 first_token_ms=4772.2 generation_ms=12619.8 generated=64 generation_tps=5.071
AGENT index=7 exit=0 text=4dc33c0cd95f2541 role=child prefix_tokens=16321 suffix_tokens=14 model_ms=1074.4 context_ms=45.5 state_ms=7.57 prefix_ms=0.0 suffix_ms=3672.3 first_token_ms=5123.0 generation_ms=19367.9 generated=64 generation_tps=3.304
END_CASE failed=0 fault_pages=7404230
END_KVFAULTCOUNT
BEGIN_KVFAULTCOUNT run=4
FORK mode=fork_copy exit=0 fault_pages_before_publish=0 fault_pages_after_publish=0 prefix_tokens=16321 prefix_ms=19776.1 publish_ms=564.80 state_bytes=936173269 suffix_tokens=13 model_ms=589.1 context_ms=59.9 state_ms=564.80 prefix_ms=19776.1 suffix_ms=57.1 first_token_ms=21185.4 generation_ms=2719.4 generated=64 generation_tps=23.535
FORK mode=fork_extent exit=0 fault_pages_before_publish=0 fault_pages_after_publish=0 prefix_tokens=16321 prefix_ms=19863.4 publish_ms=11.57 state_bytes=261845 suffix_tokens=13 model_ms=590.1 context_ms=36.8 state_ms=11.57 prefix_ms=19863.4 suffix_ms=57.3 first_token_ms=20662.0 generation_ms=2722.3 generated=64 generation_tps=23.509
FORK mode=fork_refill exit=0 fault_pages_before_publish=0 fault_pages_after_publish=0 prefix_tokens=16321 prefix_ms=19858.2 publish_ms=16.17 state_bytes=261845 suffix_tokens=13 model_ms=584.7 context_ms=36.4 state_ms=16.17 prefix_ms=19858.2 suffix_ms=57.6 first_token_ms=20656.1 generation_ms=2722.3 generated=64 generation_tps=23.510
PUBLISH store=rows fault_pages=0 prefix_tokens=16321 prefix_ms=19788.7 publish_ms=565.61 state_bytes=936173269
PUBLISH store=file fault_pages=0 prefix_tokens=16321 prefix_ms=19849.2 publish_ms=11.60 state_bytes=261845
CASE mode=cow_noread agents=8
AGENT index=0 exit=0 text=4dc33c0cd95f2541 role=child prefix_tokens=16321 suffix_tokens=14 model_ms=1146.1 context_ms=66.9 state_ms=7.58 prefix_ms=0.0 suffix_ms=3450.5 first_token_ms=4975.6 generation_ms=12651.9 generated=64 generation_tps=5.059
AGENT index=1 exit=0 text=4dc33c0cd95f2541 role=child prefix_tokens=16321 suffix_tokens=14 model_ms=1134.9 context_ms=63.5 state_ms=7.31 prefix_ms=0.0 suffix_ms=3790.6 first_token_ms=5308.4 generation_ms=19351.1 generated=64 generation_tps=3.307
AGENT index=2 exit=0 text=4dc33c0cd95f2541 role=child prefix_tokens=16321 suffix_tokens=14 model_ms=1126.7 context_ms=67.1 state_ms=7.27 prefix_ms=0.0 suffix_ms=3397.5 first_token_ms=4919.9 generation_ms=12650.4 generated=64 generation_tps=5.059
AGENT index=3 exit=0 text=1911721bc1759881 role=child prefix_tokens=16321 suffix_tokens=14 model_ms=1119.4 context_ms=67.8 state_ms=7.48 prefix_ms=0.0 suffix_ms=3805.3 first_token_ms=5325.9 generation_ms=19338.3 generated=64 generation_tps=3.309
AGENT index=4 exit=0 text=4dc33c0cd95f2541 role=child prefix_tokens=16321 suffix_tokens=14 model_ms=1128.2 context_ms=66.3 state_ms=7.18 prefix_ms=0.0 suffix_ms=3394.4 first_token_ms=4915.9 generation_ms=12667.6 generated=64 generation_tps=5.052
AGENT index=5 exit=0 text=4dc33c0cd95f2541 role=child prefix_tokens=16321 suffix_tokens=14 model_ms=1117.4 context_ms=68.6 state_ms=7.27 prefix_ms=0.0 suffix_ms=3758.2 first_token_ms=5279.9 generation_ms=19337.6 generated=64 generation_tps=3.310
AGENT index=6 exit=0 text=4dc33c0cd95f2541 role=child prefix_tokens=16321 suffix_tokens=14 model_ms=1132.2 context_ms=67.7 state_ms=7.27 prefix_ms=0.0 suffix_ms=3424.0 first_token_ms=4945.1 generation_ms=12666.5 generated=64 generation_tps=5.053
AGENT index=7 exit=0 text=4dc33c0cd95f2541 role=child prefix_tokens=16321 suffix_tokens=14 model_ms=1139.9 context_ms=68.2 state_ms=7.16 prefix_ms=0.0 suffix_ms=3771.8 first_token_ms=5294.6 generation_ms=19358.6 generated=64 generation_tps=3.306
END_CASE failed=0 fault_pages=7433726
CASE mode=cow agents=8
AGENT index=0 exit=0 text=4dc33c0cd95f2541 role=child prefix_tokens=16321 suffix_tokens=14 model_ms=1100.7 context_ms=44.6 state_ms=7.37 prefix_ms=0.0 suffix_ms=641.7 first_token_ms=2107.6 generation_ms=12534.8 generated=64 generation_tps=5.106
AGENT index=1 exit=0 text=4dc33c0cd95f2541 role=child prefix_tokens=16321 suffix_tokens=14 model_ms=1106.3 context_ms=43.7 state_ms=7.50 prefix_ms=0.0 suffix_ms=759.4 first_token_ms=2225.6 generation_ms=19363.1 generated=64 generation_tps=3.305
AGENT index=2 exit=0 text=4dc33c0cd95f2541 role=child prefix_tokens=16321 suffix_tokens=14 model_ms=1111.2 context_ms=48.5 state_ms=7.34 prefix_ms=0.0 suffix_ms=649.7 first_token_ms=2121.5 generation_ms=12586.6 generated=64 generation_tps=5.085
AGENT index=3 exit=0 text=1911721bc1759881 role=child prefix_tokens=16321 suffix_tokens=14 model_ms=1089.4 context_ms=62.8 state_ms=7.33 prefix_ms=0.0 suffix_ms=775.5 first_token_ms=2264.4 generation_ms=19396.5 generated=64 generation_tps=3.300
AGENT index=4 exit=0 text=4dc33c0cd95f2541 role=child prefix_tokens=16321 suffix_tokens=14 model_ms=1112.9 context_ms=46.0 state_ms=7.41 prefix_ms=0.0 suffix_ms=660.9 first_token_ms=2151.1 generation_ms=12579.9 generated=64 generation_tps=5.087
AGENT index=5 exit=0 text=4dc33c0cd95f2541 role=child prefix_tokens=16321 suffix_tokens=14 model_ms=1118.3 context_ms=47.1 state_ms=7.39 prefix_ms=0.0 suffix_ms=796.4 first_token_ms=2290.0 generation_ms=19380.0 generated=64 generation_tps=3.302
AGENT index=6 exit=0 text=4dc33c0cd95f2541 role=child prefix_tokens=16321 suffix_tokens=14 model_ms=1099.4 context_ms=49.2 state_ms=7.55 prefix_ms=0.0 suffix_ms=667.8 first_token_ms=2138.1 generation_ms=12578.5 generated=64 generation_tps=5.088
AGENT index=7 exit=0 text=4dc33c0cd95f2541 role=child prefix_tokens=16321 suffix_tokens=14 model_ms=1101.2 context_ms=46.4 state_ms=7.58 prefix_ms=0.0 suffix_ms=791.9 first_token_ms=2271.8 generation_ms=19394.3 generated=64 generation_tps=3.300
END_CASE failed=0 fault_pages=564776
CASE mode=no_populate agents=8
AGENT index=0 exit=0 text=4dc33c0cd95f2541 role=child prefix_tokens=16321 suffix_tokens=14 model_ms=1060.6 context_ms=46.5 state_ms=7.66 prefix_ms=0.0 suffix_ms=373.4 first_token_ms=1797.0 generation_ms=12872.0 generated=64 generation_tps=4.972
AGENT index=1 exit=0 text=4dc33c0cd95f2541 role=child prefix_tokens=16321 suffix_tokens=14 model_ms=1107.4 context_ms=40.7 state_ms=7.57 prefix_ms=0.0 suffix_ms=559.3 first_token_ms=2028.5 generation_ms=19299.6 generated=64 generation_tps=3.316
AGENT index=2 exit=0 text=4dc33c0cd95f2541 role=child prefix_tokens=16321 suffix_tokens=14 model_ms=1105.6 context_ms=40.4 state_ms=7.42 prefix_ms=0.0 suffix_ms=445.0 first_token_ms=1914.0 generation_ms=12795.5 generated=64 generation_tps=5.002
AGENT index=3 exit=0 text=1911721bc1759881 role=child prefix_tokens=16321 suffix_tokens=14 model_ms=1039.0 context_ms=33.7 state_ms=7.50 prefix_ms=0.0 suffix_ms=356.9 first_token_ms=1695.7 generation_ms=19452.7 generated=64 generation_tps=3.290
AGENT index=4 exit=0 text=4dc33c0cd95f2541 role=child prefix_tokens=16321 suffix_tokens=14 model_ms=1065.4 context_ms=45.2 state_ms=7.54 prefix_ms=0.0 suffix_ms=359.3 first_token_ms=1783.8 generation_ms=12881.4 generated=64 generation_tps=4.968
AGENT index=5 exit=0 text=4dc33c0cd95f2541 role=child prefix_tokens=16321 suffix_tokens=14 model_ms=1030.8 context_ms=33.6 state_ms=7.24 prefix_ms=0.0 suffix_ms=415.6 first_token_ms=1763.1 generation_ms=19431.3 generated=64 generation_tps=3.294
AGENT index=6 exit=0 text=4dc33c0cd95f2541 role=child prefix_tokens=16321 suffix_tokens=14 model_ms=1069.8 context_ms=37.3 state_ms=6.99 prefix_ms=0.0 suffix_ms=369.0 first_token_ms=1801.4 generation_ms=12872.4 generated=64 generation_tps=4.972
AGENT index=7 exit=0 text=4dc33c0cd95f2541 role=child prefix_tokens=16321 suffix_tokens=14 model_ms=1047.4 context_ms=45.1 state_ms=7.83 prefix_ms=0.0 suffix_ms=557.8 first_token_ms=1979.0 generation_ms=19322.4 generated=64 generation_tps=3.312
END_CASE failed=0 fault_pages=38046
CASE mode=no_read agents=8
AGENT index=0 exit=0 text=4dc33c0cd95f2541 role=child prefix_tokens=16321 suffix_tokens=14 model_ms=1079.5 context_ms=55.8 state_ms=7.65 prefix_ms=0.0 suffix_ms=833.2 first_token_ms=2303.7 generation_ms=12449.8 generated=64 generation_tps=5.141
AGENT index=1 exit=0 text=4dc33c0cd95f2541 role=child prefix_tokens=16321 suffix_tokens=14 model_ms=1095.9 context_ms=61.0 state_ms=7.39 prefix_ms=0.0 suffix_ms=996.0 first_token_ms=2473.6 generation_ms=19136.0 generated=64 generation_tps=3.344
AGENT index=2 exit=0 text=4dc33c0cd95f2541 role=child prefix_tokens=16321 suffix_tokens=14 model_ms=1107.0 context_ms=57.4 state_ms=7.35 prefix_ms=0.0 suffix_ms=765.6 first_token_ms=2239.4 generation_ms=12430.5 generated=64 generation_tps=5.149
AGENT index=3 exit=0 text=1911721bc1759881 role=child prefix_tokens=16321 suffix_tokens=14 model_ms=1118.1 context_ms=44.9 state_ms=7.83 prefix_ms=0.0 suffix_ms=1024.2 first_token_ms=2518.6 generation_ms=19116.9 generated=64 generation_tps=3.348
AGENT index=4 exit=0 text=4dc33c0cd95f2541 role=child prefix_tokens=16321 suffix_tokens=14 model_ms=1095.4 context_ms=55.3 state_ms=7.51 prefix_ms=0.0 suffix_ms=867.2 first_token_ms=2340.2 generation_ms=12451.3 generated=64 generation_tps=5.140
AGENT index=5 exit=0 text=4dc33c0cd95f2541 role=child prefix_tokens=16321 suffix_tokens=14 model_ms=1096.1 context_ms=63.8 state_ms=7.33 prefix_ms=0.0 suffix_ms=998.3 first_token_ms=2475.6 generation_ms=19144.9 generated=64 generation_tps=3.343
AGENT index=6 exit=0 text=4dc33c0cd95f2541 role=child prefix_tokens=16321 suffix_tokens=14 model_ms=1088.0 context_ms=61.8 state_ms=7.74 prefix_ms=0.0 suffix_ms=847.0 first_token_ms=2325.0 generation_ms=12459.9 generated=64 generation_tps=5.136
AGENT index=7 exit=0 text=4dc33c0cd95f2541 role=child prefix_tokens=16321 suffix_tokens=14 model_ms=1096.7 context_ms=37.5 state_ms=7.50 prefix_ms=0.0 suffix_ms=874.5 first_token_ms=2322.6 generation_ms=19145.1 generated=64 generation_tps=3.343
END_CASE failed=0 fault_pages=2305906
CASE mode=extent agents=8
AGENT index=0 exit=0 text=4dc33c0cd95f2541 role=child prefix_tokens=16321 suffix_tokens=14 model_ms=1099.5 context_ms=47.2 state_ms=7.59 prefix_ms=0.0 suffix_ms=246.1 first_token_ms=1710.6 generation_ms=12431.9 generated=64 generation_tps=5.148
AGENT index=1 exit=0 text=4dc33c0cd95f2541 role=child prefix_tokens=16321 suffix_tokens=14 model_ms=1093.3 context_ms=58.4 state_ms=7.28 prefix_ms=0.0 suffix_ms=400.7 first_token_ms=1875.2 generation_ms=19143.8 generated=64 generation_tps=3.343
AGENT index=2 exit=0 text=4dc33c0cd95f2541 role=child prefix_tokens=16321 suffix_tokens=14 model_ms=1077.1 context_ms=56.8 state_ms=7.30 prefix_ms=0.0 suffix_ms=272.6 first_token_ms=1742.2 generation_ms=12496.9 generated=64 generation_tps=5.121
AGENT index=3 exit=0 text=1911721bc1759881 role=child prefix_tokens=16321 suffix_tokens=14 model_ms=1110.0 context_ms=52.2 state_ms=7.23 prefix_ms=0.0 suffix_ms=442.1 first_token_ms=1936.1 generation_ms=19158.9 generated=64 generation_tps=3.340
AGENT index=4 exit=0 text=4dc33c0cd95f2541 role=child prefix_tokens=16321 suffix_tokens=14 model_ms=1099.6 context_ms=60.0 state_ms=7.41 prefix_ms=0.0 suffix_ms=279.7 first_token_ms=1752.9 generation_ms=12493.2 generated=64 generation_tps=5.123
AGENT index=5 exit=0 text=4dc33c0cd95f2541 role=child prefix_tokens=16321 suffix_tokens=14 model_ms=1097.7 context_ms=52.0 state_ms=7.46 prefix_ms=0.0 suffix_ms=406.6 first_token_ms=1881.1 generation_ms=19152.4 generated=64 generation_tps=3.342
AGENT index=6 exit=0 text=4dc33c0cd95f2541 role=child prefix_tokens=16321 suffix_tokens=14 model_ms=1112.6 context_ms=46.2 state_ms=7.54 prefix_ms=0.0 suffix_ms=277.8 first_token_ms=1763.3 generation_ms=12484.5 generated=64 generation_tps=5.126
AGENT index=7 exit=0 text=4dc33c0cd95f2541 role=child prefix_tokens=16321 suffix_tokens=14 model_ms=1111.0 context_ms=46.8 state_ms=7.50 prefix_ms=0.0 suffix_ms=445.2 first_token_ms=1938.3 generation_ms=19148.9 generated=64 generation_tps=3.342
END_CASE failed=0 fault_pages=0
CASE mode=copy agents=8
AGENT index=0 exit=0 text=4dc33c0cd95f2541 role=child prefix_tokens=16321 suffix_tokens=14 model_ms=1075.3 context_ms=236.6 state_ms=380.73 prefix_ms=0.0 suffix_ms=310.0 first_token_ms=2326.4 generation_ms=12297.0 generated=64 generation_tps=5.205
AGENT index=1 exit=0 text=4dc33c0cd95f2541 role=child prefix_tokens=16321 suffix_tokens=14 model_ms=1089.5 context_ms=250.9 state_ms=369.81 prefix_ms=0.0 suffix_ms=400.4 first_token_ms=2416.2 generation_ms=18546.9 generated=64 generation_tps=3.451
AGENT index=2 exit=0 text=4dc33c0cd95f2541 role=child prefix_tokens=16321 suffix_tokens=14 model_ms=1089.0 context_ms=178.3 state_ms=250.28 prefix_ms=0.0 suffix_ms=113.5 first_token_ms=1933.2 generation_ms=12044.8 generated=64 generation_tps=5.313
AGENT index=3 exit=0 text=1911721bc1759881 role=child prefix_tokens=16321 suffix_tokens=14 model_ms=1072.9 context_ms=227.0 state_ms=395.15 prefix_ms=0.0 suffix_ms=408.9 first_token_ms=2423.3 generation_ms=18559.8 generated=64 generation_tps=3.448
AGENT index=4 exit=0 text=4dc33c0cd95f2541 role=child prefix_tokens=16321 suffix_tokens=14 model_ms=1091.8 context_ms=221.7 state_ms=392.91 prefix_ms=0.0 suffix_ms=297.8 first_token_ms=2312.9 generation_ms=12294.6 generated=64 generation_tps=5.206
AGENT index=5 exit=0 text=4dc33c0cd95f2541 role=child prefix_tokens=16321 suffix_tokens=14 model_ms=1082.8 context_ms=259.1 state_ms=357.57 prefix_ms=0.0 suffix_ms=418.7 first_token_ms=2432.0 generation_ms=18569.5 generated=64 generation_tps=3.447
AGENT index=6 exit=0 text=4dc33c0cd95f2541 role=child prefix_tokens=16321 suffix_tokens=14 model_ms=1165.5 context_ms=166.0 state_ms=358.62 prefix_ms=0.0 suffix_ms=319.9 first_token_ms=2333.1 generation_ms=12299.4 generated=64 generation_tps=5.204
AGENT index=7 exit=0 text=4dc33c0cd95f2541 role=child prefix_tokens=16321 suffix_tokens=14 model_ms=1129.9 context_ms=210.2 state_ms=362.70 prefix_ms=0.0 suffix_ms=433.0 first_token_ms=2448.9 generation_ms=18559.0 generated=64 generation_tps=3.448
END_CASE failed=0 fault_pages=0
END_KVFAULTCOUNT
BEGIN_KVFAULTCOUNT run=5
FORK mode=fork_copy exit=0 fault_pages_before_publish=0 fault_pages_after_publish=0 prefix_tokens=16321 prefix_ms=19781.5 publish_ms=558.97 state_bytes=936173269 suffix_tokens=13 model_ms=596.0 context_ms=61.6 state_ms=558.97 prefix_ms=19781.5 suffix_ms=57.4 first_token_ms=21188.1 generation_ms=2720.2 generated=64 generation_tps=23.528
FORK mode=fork_extent exit=0 fault_pages_before_publish=0 fault_pages_after_publish=0 prefix_tokens=16321 prefix_ms=19873.8 publish_ms=12.02 state_bytes=261845 suffix_tokens=13 model_ms=612.7 context_ms=36.6 state_ms=12.02 prefix_ms=19873.8 suffix_ms=57.3 first_token_ms=20694.8 generation_ms=2724.9 generated=64 generation_tps=23.487
FORK mode=fork_refill exit=0 fault_pages_before_publish=0 fault_pages_after_publish=0 prefix_tokens=16321 prefix_ms=19864.5 publish_ms=15.86 state_bytes=261845 suffix_tokens=13 model_ms=593.1 context_ms=37.1 state_ms=15.86 prefix_ms=19864.5 suffix_ms=58.1 first_token_ms=20702.9 generation_ms=2721.5 generated=64 generation_tps=23.517
PUBLISH store=rows fault_pages=0 prefix_tokens=16321 prefix_ms=19787.2 publish_ms=565.62 state_bytes=936173269
PUBLISH store=file fault_pages=0 prefix_tokens=16321 prefix_ms=19853.1 publish_ms=11.36 state_bytes=261845
CASE mode=copy agents=8
AGENT index=0 exit=0 text=4dc33c0cd95f2541 role=child prefix_tokens=16321 suffix_tokens=14 model_ms=1073.8 context_ms=244.9 state_ms=398.22 prefix_ms=0.0 suffix_ms=278.4 first_token_ms=2321.4 generation_ms=12475.4 generated=64 generation_tps=5.130
AGENT index=1 exit=0 text=4dc33c0cd95f2541 role=child prefix_tokens=16321 suffix_tokens=14 model_ms=1077.2 context_ms=243.1 state_ms=400.44 prefix_ms=0.0 suffix_ms=433.5 first_token_ms=2476.9 generation_ms=18485.3 generated=64 generation_tps=3.462
AGENT index=2 exit=0 text=4dc33c0cd95f2541 role=child prefix_tokens=16321 suffix_tokens=14 model_ms=1090.6 context_ms=256.4 state_ms=384.96 prefix_ms=0.0 suffix_ms=271.7 first_token_ms=2313.4 generation_ms=12465.3 generated=64 generation_tps=5.134
AGENT index=3 exit=0 text=1911721bc1759881 role=child prefix_tokens=16321 suffix_tokens=14 model_ms=1115.3 context_ms=237.9 state_ms=259.26 prefix_ms=0.0 suffix_ms=163.9 first_token_ms=2061.3 generation_ms=18502.7 generated=64 generation_tps=3.459
AGENT index=4 exit=0 text=4dc33c0cd95f2541 role=child prefix_tokens=16321 suffix_tokens=14 model_ms=1081.8 context_ms=244.8 state_ms=397.72 prefix_ms=0.0 suffix_ms=295.5 first_token_ms=2336.3 generation_ms=12485.4 generated=64 generation_tps=5.126
AGENT index=5 exit=0 text=4dc33c0cd95f2541 role=child prefix_tokens=16321 suffix_tokens=14 model_ms=1113.5 context_ms=262.2 state_ms=379.16 prefix_ms=0.0 suffix_ms=425.0 first_token_ms=2465.9 generation_ms=18495.8 generated=64 generation_tps=3.460
AGENT index=6 exit=0 text=4dc33c0cd95f2541 role=child prefix_tokens=16321 suffix_tokens=14 model_ms=1085.1 context_ms=245.7 state_ms=396.33 prefix_ms=0.0 suffix_ms=286.1 first_token_ms=2328.8 generation_ms=12488.6 generated=64 generation_tps=5.125
AGENT index=7 exit=0 text=4dc33c0cd95f2541 role=child prefix_tokens=16321 suffix_tokens=14 model_ms=1124.0 context_ms=206.7 state_ms=383.85 prefix_ms=0.0 suffix_ms=435.2 first_token_ms=2476.6 generation_ms=18470.1 generated=64 generation_tps=3.465
END_CASE failed=0 fault_pages=0
CASE mode=extent agents=8
AGENT index=0 exit=0 text=4dc33c0cd95f2541 role=child prefix_tokens=16321 suffix_tokens=14 model_ms=1118.7 context_ms=50.5 state_ms=7.26 prefix_ms=0.0 suffix_ms=205.6 first_token_ms=1692.9 generation_ms=12455.5 generated=64 generation_tps=5.138
AGENT index=1 exit=0 text=4dc33c0cd95f2541 role=child prefix_tokens=16321 suffix_tokens=14 model_ms=1115.0 context_ms=41.7 state_ms=7.37 prefix_ms=0.0 suffix_ms=403.7 first_token_ms=1890.2 generation_ms=19194.0 generated=64 generation_tps=3.334
AGENT index=2 exit=0 text=4dc33c0cd95f2541 role=child prefix_tokens=16321 suffix_tokens=14 model_ms=1126.6 context_ms=49.0 state_ms=7.58 prefix_ms=0.0 suffix_ms=289.3 first_token_ms=1803.8 generation_ms=12461.4 generated=64 generation_tps=5.136
AGENT index=3 exit=0 text=1911721bc1759881 role=child prefix_tokens=16321 suffix_tokens=14 model_ms=1111.8 context_ms=55.4 state_ms=7.55 prefix_ms=0.0 suffix_ms=416.3 first_token_ms=1910.0 generation_ms=19177.7 generated=64 generation_tps=3.337
AGENT index=4 exit=0 text=4dc33c0cd95f2541 role=child prefix_tokens=16321 suffix_tokens=14 model_ms=1112.0 context_ms=55.7 state_ms=7.31 prefix_ms=0.0 suffix_ms=257.0 first_token_ms=1758.5 generation_ms=12460.9 generated=64 generation_tps=5.136
AGENT index=5 exit=0 text=4dc33c0cd95f2541 role=child prefix_tokens=16321 suffix_tokens=14 model_ms=1113.2 context_ms=43.2 state_ms=7.40 prefix_ms=0.0 suffix_ms=375.0 first_token_ms=1853.1 generation_ms=19115.5 generated=64 generation_tps=3.348
AGENT index=6 exit=0 text=4dc33c0cd95f2541 role=child prefix_tokens=16321 suffix_tokens=14 model_ms=1136.2 context_ms=51.6 state_ms=7.38 prefix_ms=0.0 suffix_ms=305.2 first_token_ms=1821.7 generation_ms=12448.8 generated=64 generation_tps=5.141
AGENT index=7 exit=0 text=4dc33c0cd95f2541 role=child prefix_tokens=16321 suffix_tokens=14 model_ms=1105.8 context_ms=55.5 state_ms=7.38 prefix_ms=0.0 suffix_ms=415.7 first_token_ms=1909.2 generation_ms=19172.2 generated=64 generation_tps=3.338
END_CASE failed=0 fault_pages=0
CASE mode=no_read agents=8
AGENT index=0 exit=0 text=4dc33c0cd95f2541 role=child prefix_tokens=16321 suffix_tokens=14 model_ms=1134.6 context_ms=61.5 state_ms=7.41 prefix_ms=0.0 suffix_ms=690.2 first_token_ms=2205.9 generation_ms=12460.1 generated=64 generation_tps=5.136
AGENT index=1 exit=0 text=4dc33c0cd95f2541 role=child prefix_tokens=16321 suffix_tokens=14 model_ms=1139.5 context_ms=63.1 state_ms=7.42 prefix_ms=0.0 suffix_ms=828.4 first_token_ms=2343.6 generation_ms=19167.4 generated=64 generation_tps=3.339
AGENT index=2 exit=0 text=4dc33c0cd95f2541 role=child prefix_tokens=16321 suffix_tokens=14 model_ms=1139.1 context_ms=39.5 state_ms=7.75 prefix_ms=0.0 suffix_ms=599.0 first_token_ms=2088.0 generation_ms=12396.3 generated=64 generation_tps=5.163
AGENT index=3 exit=0 text=1911721bc1759881 role=child prefix_tokens=16321 suffix_tokens=14 model_ms=1135.6 context_ms=54.6 state_ms=7.70 prefix_ms=0.0 suffix_ms=817.6 first_token_ms=2325.5 generation_ms=19188.3 generated=64 generation_tps=3.335
AGENT index=4 exit=0 text=4dc33c0cd95f2541 role=child prefix_tokens=16321 suffix_tokens=14 model_ms=1125.6 context_ms=60.8 state_ms=7.41 prefix_ms=0.0 suffix_ms=693.8 first_token_ms=2206.4 generation_ms=12456.2 generated=64 generation_tps=5.138
AGENT index=5 exit=0 text=4dc33c0cd95f2541 role=child prefix_tokens=16321 suffix_tokens=14 model_ms=1122.0 context_ms=55.7 state_ms=7.45 prefix_ms=0.0 suffix_ms=835.0 first_token_ms=2339.8 generation_ms=19167.4 generated=64 generation_tps=3.339
AGENT index=6 exit=0 text=4dc33c0cd95f2541 role=child prefix_tokens=16321 suffix_tokens=14 model_ms=1146.4 context_ms=61.8 state_ms=7.44 prefix_ms=0.0 suffix_ms=686.3 first_token_ms=2201.5 generation_ms=12433.8 generated=64 generation_tps=5.147
AGENT index=7 exit=0 text=4dc33c0cd95f2541 role=child prefix_tokens=16321 suffix_tokens=14 model_ms=1128.1 context_ms=39.4 state_ms=7.21 prefix_ms=0.0 suffix_ms=789.8 first_token_ms=2278.9 generation_ms=19101.5 generated=64 generation_tps=3.351
END_CASE failed=0 fault_pages=2569514
CASE mode=no_populate agents=8
AGENT index=0 exit=0 text=4dc33c0cd95f2541 role=child prefix_tokens=16321 suffix_tokens=14 model_ms=1103.7 context_ms=49.4 state_ms=7.39 prefix_ms=0.0 suffix_ms=485.6 first_token_ms=1974.5 generation_ms=12694.4 generated=64 generation_tps=5.042
AGENT index=1 exit=0 text=4dc33c0cd95f2541 role=child prefix_tokens=16321 suffix_tokens=14 model_ms=1088.2 context_ms=42.5 state_ms=7.48 prefix_ms=0.0 suffix_ms=543.8 first_token_ms=1972.0 generation_ms=19423.7 generated=64 generation_tps=3.295
AGENT index=2 exit=0 text=4dc33c0cd95f2541 role=child prefix_tokens=16321 suffix_tokens=14 model_ms=1111.5 context_ms=42.1 state_ms=7.52 prefix_ms=0.0 suffix_ms=492.5 first_token_ms=1971.6 generation_ms=12689.0 generated=64 generation_tps=5.044
AGENT index=3 exit=0 text=1911721bc1759881 role=child prefix_tokens=16321 suffix_tokens=14 model_ms=1091.9 context_ms=46.0 state_ms=7.74 prefix_ms=0.0 suffix_ms=568.4 first_token_ms=2000.1 generation_ms=19441.8 generated=64 generation_tps=3.292
AGENT index=4 exit=0 text=4dc33c0cd95f2541 role=child prefix_tokens=16321 suffix_tokens=14 model_ms=1103.0 context_ms=46.2 state_ms=7.40 prefix_ms=0.0 suffix_ms=478.8 first_token_ms=1957.0 generation_ms=12699.3 generated=64 generation_tps=5.040
AGENT index=5 exit=0 text=4dc33c0cd95f2541 role=child prefix_tokens=16321 suffix_tokens=14 model_ms=1059.2 context_ms=45.4 state_ms=8.10 prefix_ms=0.0 suffix_ms=587.8 first_token_ms=2025.3 generation_ms=19422.5 generated=64 generation_tps=3.295
AGENT index=6 exit=0 text=4dc33c0cd95f2541 role=child prefix_tokens=16321 suffix_tokens=14 model_ms=1063.4 context_ms=38.1 state_ms=7.37 prefix_ms=0.0 suffix_ms=208.4 first_token_ms=1628.6 generation_ms=12754.0 generated=64 generation_tps=5.018
AGENT index=7 exit=0 text=4dc33c0cd95f2541 role=child prefix_tokens=16321 suffix_tokens=14 model_ms=1087.2 context_ms=39.7 state_ms=7.35 prefix_ms=0.0 suffix_ms=629.9 first_token_ms=2083.4 generation_ms=19378.5 generated=64 generation_tps=3.303
END_CASE failed=0 fault_pages=36666
CASE mode=cow agents=8
AGENT index=0 exit=0 text=4dc33c0cd95f2541 role=child prefix_tokens=16321 suffix_tokens=14 model_ms=1066.3 context_ms=35.5 state_ms=7.42 prefix_ms=0.0 suffix_ms=647.2 first_token_ms=2076.9 generation_ms=12555.0 generated=64 generation_tps=5.098
AGENT index=1 exit=0 text=4dc33c0cd95f2541 role=child prefix_tokens=16321 suffix_tokens=14 model_ms=1037.0 context_ms=35.2 state_ms=7.40 prefix_ms=0.0 suffix_ms=724.5 first_token_ms=2098.9 generation_ms=19238.0 generated=64 generation_tps=3.327
AGENT index=2 exit=0 text=4dc33c0cd95f2541 role=child prefix_tokens=16321 suffix_tokens=14 model_ms=1027.5 context_ms=38.1 state_ms=7.28 prefix_ms=0.0 suffix_ms=544.3 first_token_ms=1940.1 generation_ms=12595.7 generated=64 generation_tps=5.081
AGENT index=3 exit=0 text=1911721bc1759881 role=child prefix_tokens=16321 suffix_tokens=14 model_ms=1070.3 context_ms=39.0 state_ms=7.48 prefix_ms=0.0 suffix_ms=769.8 first_token_ms=2175.5 generation_ms=19214.0 generated=64 generation_tps=3.331
AGENT index=4 exit=0 text=4dc33c0cd95f2541 role=child prefix_tokens=16321 suffix_tokens=14 model_ms=1064.9 context_ms=37.7 state_ms=7.98 prefix_ms=0.0 suffix_ms=656.8 first_token_ms=2093.9 generation_ms=12541.1 generated=64 generation_tps=5.103
AGENT index=5 exit=0 text=4dc33c0cd95f2541 role=child prefix_tokens=16321 suffix_tokens=14 model_ms=994.2 context_ms=33.1 state_ms=7.41 prefix_ms=0.0 suffix_ms=399.2 first_token_ms=1704.9 generation_ms=19383.3 generated=64 generation_tps=3.302
AGENT index=6 exit=0 text=4dc33c0cd95f2541 role=child prefix_tokens=16321 suffix_tokens=14 model_ms=1017.2 context_ms=45.1 state_ms=7.53 prefix_ms=0.0 suffix_ms=527.2 first_token_ms=1914.7 generation_ms=12596.3 generated=64 generation_tps=5.081
AGENT index=7 exit=0 text=4dc33c0cd95f2541 role=child prefix_tokens=16321 suffix_tokens=14 model_ms=1017.9 context_ms=39.1 state_ms=7.21 prefix_ms=0.0 suffix_ms=777.0 first_token_ms=2164.5 generation_ms=19214.3 generated=64 generation_tps=3.331
END_CASE failed=0 fault_pages=564782
CASE mode=cow_noread agents=8
AGENT index=0 exit=0 text=4dc33c0cd95f2541 role=child prefix_tokens=16321 suffix_tokens=14 model_ms=1100.7 context_ms=44.1 state_ms=7.31 prefix_ms=0.0 suffix_ms=3328.6 first_token_ms=4798.1 generation_ms=12638.1 generated=64 generation_tps=5.064
AGENT index=1 exit=0 text=4dc33c0cd95f2541 role=child prefix_tokens=16321 suffix_tokens=14 model_ms=1094.3 context_ms=53.2 state_ms=7.38 prefix_ms=0.0 suffix_ms=3737.9 first_token_ms=5187.2 generation_ms=19315.7 generated=64 generation_tps=3.313
AGENT index=2 exit=0 text=4dc33c0cd95f2541 role=child prefix_tokens=16321 suffix_tokens=14 model_ms=1103.8 context_ms=41.9 state_ms=7.63 prefix_ms=0.0 suffix_ms=3370.0 first_token_ms=4841.3 generation_ms=12621.1 generated=64 generation_tps=5.071
AGENT index=3 exit=0 text=1911721bc1759881 role=child prefix_tokens=16321 suffix_tokens=14 model_ms=1097.6 context_ms=50.5 state_ms=7.58 prefix_ms=0.0 suffix_ms=3688.0 first_token_ms=5134.4 generation_ms=19319.7 generated=64 generation_tps=3.313
AGENT index=4 exit=0 text=4dc33c0cd95f2541 role=child prefix_tokens=16321 suffix_tokens=14 model_ms=1064.5 context_ms=57.4 state_ms=7.31 prefix_ms=0.0 suffix_ms=3269.1 first_token_ms=4720.9 generation_ms=12632.7 generated=64 generation_tps=5.066
AGENT index=5 exit=0 text=4dc33c0cd95f2541 role=child prefix_tokens=16321 suffix_tokens=14 model_ms=1105.3 context_ms=56.5 state_ms=7.19 prefix_ms=0.0 suffix_ms=3749.5 first_token_ms=5201.2 generation_ms=19313.1 generated=64 generation_tps=3.314
AGENT index=6 exit=0 text=4dc33c0cd95f2541 role=child prefix_tokens=16321 suffix_tokens=14 model_ms=1058.3 context_ms=55.4 state_ms=7.27 prefix_ms=0.0 suffix_ms=3320.2 first_token_ms=4767.6 generation_ms=12649.9 generated=64 generation_tps=5.059
AGENT index=7 exit=0 text=4dc33c0cd95f2541 role=child prefix_tokens=16321 suffix_tokens=14 model_ms=1078.9 context_ms=41.5 state_ms=7.52 prefix_ms=0.0 suffix_ms=3763.0 first_token_ms=5206.7 generation_ms=19302.5 generated=64 generation_tps=3.316
END_CASE failed=0 fault_pages=7403028
END_KVFAULTCOUNT
BEGIN_KVFAULTCOUNT run=6
FORK mode=fork_copy exit=0 fault_pages_before_publish=0 fault_pages_after_publish=0 prefix_tokens=16321 prefix_ms=19781.6 publish_ms=557.74 state_bytes=936173269 suffix_tokens=13 model_ms=589.3 context_ms=59.8 state_ms=557.74 prefix_ms=19781.6 suffix_ms=57.1 first_token_ms=21175.2 generation_ms=2704.5 generated=64 generation_tps=23.664
FORK mode=fork_extent exit=0 fault_pages_before_publish=0 fault_pages_after_publish=0 prefix_tokens=16321 prefix_ms=19863.9 publish_ms=11.69 state_bytes=261845 suffix_tokens=13 model_ms=610.8 context_ms=37.1 state_ms=11.69 prefix_ms=19863.9 suffix_ms=58.6 first_token_ms=20727.5 generation_ms=2722.3 generated=64 generation_tps=23.510
FORK mode=fork_refill exit=0 fault_pages_before_publish=0 fault_pages_after_publish=0 prefix_tokens=16321 prefix_ms=19859.3 publish_ms=16.17 state_bytes=261845 suffix_tokens=13 model_ms=601.7 context_ms=36.1 state_ms=16.17 prefix_ms=19859.3 suffix_ms=57.4 first_token_ms=20698.9 generation_ms=2722.4 generated=64 generation_tps=23.509
PUBLISH store=rows fault_pages=0 prefix_tokens=16321 prefix_ms=19786.1 publish_ms=564.06 state_bytes=936173269
PUBLISH store=file fault_pages=0 prefix_tokens=16321 prefix_ms=19866.2 publish_ms=11.59 state_bytes=261845
CASE mode=cow_noread agents=8
AGENT index=0 exit=0 text=4dc33c0cd95f2541 role=child prefix_tokens=16321 suffix_tokens=14 model_ms=1073.2 context_ms=54.2 state_ms=7.45 prefix_ms=0.0 suffix_ms=3410.6 first_token_ms=4872.5 generation_ms=12557.4 generated=64 generation_tps=5.097
AGENT index=1 exit=0 text=4dc33c0cd95f2541 role=child prefix_tokens=16321 suffix_tokens=14 model_ms=1083.5 context_ms=60.4 state_ms=7.31 prefix_ms=0.0 suffix_ms=3745.8 first_token_ms=5212.5 generation_ms=19390.0 generated=64 generation_tps=3.301
AGENT index=2 exit=0 text=4dc33c0cd95f2541 role=child prefix_tokens=16321 suffix_tokens=14 model_ms=1070.9 context_ms=53.7 state_ms=6.97 prefix_ms=0.0 suffix_ms=3456.4 first_token_ms=4919.2 generation_ms=12616.5 generated=64 generation_tps=5.073
AGENT index=3 exit=0 text=1911721bc1759881 role=child prefix_tokens=16321 suffix_tokens=14 model_ms=1078.0 context_ms=50.5 state_ms=7.67 prefix_ms=0.0 suffix_ms=3781.5 first_token_ms=5238.6 generation_ms=19385.7 generated=64 generation_tps=3.301
AGENT index=4 exit=0 text=4dc33c0cd95f2541 role=child prefix_tokens=16321 suffix_tokens=14 model_ms=1118.5 context_ms=42.6 state_ms=7.54 prefix_ms=0.0 suffix_ms=3426.2 first_token_ms=4907.3 generation_ms=12633.5 generated=64 generation_tps=5.066
AGENT index=5 exit=0 text=4dc33c0cd95f2541 role=child prefix_tokens=16321 suffix_tokens=14 model_ms=1081.1 context_ms=58.6 state_ms=7.48 prefix_ms=0.0 suffix_ms=3798.4 first_token_ms=5264.5 generation_ms=19373.9 generated=64 generation_tps=3.303
AGENT index=6 exit=0 text=4dc33c0cd95f2541 role=child prefix_tokens=16321 suffix_tokens=14 model_ms=1110.5 context_ms=43.1 state_ms=7.55 prefix_ms=0.0 suffix_ms=3433.9 first_token_ms=4918.6 generation_ms=12622.8 generated=64 generation_tps=5.070
AGENT index=7 exit=0 text=4dc33c0cd95f2541 role=child prefix_tokens=16321 suffix_tokens=14 model_ms=1115.4 context_ms=56.9 state_ms=7.70 prefix_ms=0.0 suffix_ms=3841.8 first_token_ms=5309.5 generation_ms=19344.6 generated=64 generation_tps=3.308
END_CASE failed=0 fault_pages=7396178
CASE mode=cow agents=8
AGENT index=0 exit=0 text=4dc33c0cd95f2541 role=child prefix_tokens=16321 suffix_tokens=14 model_ms=1092.4 context_ms=61.6 state_ms=7.31 prefix_ms=0.0 suffix_ms=669.3 first_token_ms=2141.3 generation_ms=12581.5 generated=64 generation_tps=5.087
AGENT index=1 exit=0 text=4dc33c0cd95f2541 role=child prefix_tokens=16321 suffix_tokens=14 model_ms=1092.1 context_ms=60.1 state_ms=7.37 prefix_ms=0.0 suffix_ms=764.1 first_token_ms=2236.9 generation_ms=19356.5 generated=64 generation_tps=3.306
AGENT index=2 exit=0 text=4dc33c0cd95f2541 role=child prefix_tokens=16321 suffix_tokens=14 model_ms=1098.4 context_ms=46.0 state_ms=7.78 prefix_ms=0.0 suffix_ms=629.3 first_token_ms=2089.2 generation_ms=12525.0 generated=64 generation_tps=5.110
AGENT index=3 exit=0 text=1911721bc1759881 role=child prefix_tokens=16321 suffix_tokens=14 model_ms=1117.9 context_ms=52.1 state_ms=7.31 prefix_ms=0.0 suffix_ms=782.2 first_token_ms=2275.0 generation_ms=19340.9 generated=64 generation_tps=3.309
AGENT index=4 exit=0 text=4dc33c0cd95f2541 role=child prefix_tokens=16321 suffix_tokens=14 model_ms=1108.3 context_ms=44.0 state_ms=7.52 prefix_ms=0.0 suffix_ms=662.2 first_token_ms=2145.3 generation_ms=12577.6 generated=64 generation_tps=5.088
AGENT index=5 exit=0 text=4dc33c0cd95f2541 role=child prefix_tokens=16321 suffix_tokens=14 model_ms=1120.4 context_ms=61.3 state_ms=7.41 prefix_ms=0.0 suffix_ms=769.4 first_token_ms=2241.8 generation_ms=19349.9 generated=64 generation_tps=3.308
AGENT index=6 exit=0 text=4dc33c0cd95f2541 role=child prefix_tokens=16321 suffix_tokens=14 model_ms=1083.8 context_ms=60.2 state_ms=7.17 prefix_ms=0.0 suffix_ms=659.1 first_token_ms=2132.1 generation_ms=12586.7 generated=64 generation_tps=5.085
AGENT index=7 exit=0 text=4dc33c0cd95f2541 role=child prefix_tokens=16321 suffix_tokens=14 model_ms=1108.4 context_ms=50.0 state_ms=7.28 prefix_ms=0.0 suffix_ms=804.1 first_token_ms=2296.8 generation_ms=19327.2 generated=64 generation_tps=3.311
END_CASE failed=0 fault_pages=562196
CASE mode=no_populate agents=8
AGENT index=0 exit=0 text=4dc33c0cd95f2541 role=child prefix_tokens=16321 suffix_tokens=14 model_ms=995.9 context_ms=35.1 state_ms=7.58 prefix_ms=0.0 suffix_ms=129.5 first_token_ms=1488.3 generation_ms=12627.8 generated=64 generation_tps=5.068
AGENT index=1 exit=0 text=4dc33c0cd95f2541 role=child prefix_tokens=16321 suffix_tokens=14 model_ms=977.0 context_ms=32.8 state_ms=7.44 prefix_ms=0.0 suffix_ms=147.7 first_token_ms=1442.2 generation_ms=19431.3 generated=64 generation_tps=3.294
AGENT index=2 exit=0 text=4dc33c0cd95f2541 role=child prefix_tokens=16321 suffix_tokens=14 model_ms=1100.5 context_ms=42.3 state_ms=7.48 prefix_ms=0.0 suffix_ms=439.1 first_token_ms=1898.9 generation_ms=12638.3 generated=64 generation_tps=5.064
AGENT index=3 exit=0 text=1911721bc1759881 role=child prefix_tokens=16321 suffix_tokens=14 model_ms=1099.9 context_ms=48.1 state_ms=7.71 prefix_ms=0.0 suffix_ms=575.3 first_token_ms=2046.6 generation_ms=19270.4 generated=64 generation_tps=3.321
AGENT index=4 exit=0 text=4dc33c0cd95f2541 role=child prefix_tokens=16321 suffix_tokens=14 model_ms=1100.0 context_ms=42.6 state_ms=7.32 prefix_ms=0.0 suffix_ms=426.5 first_token_ms=1902.0 generation_ms=12657.0 generated=64 generation_tps=5.056
AGENT index=5 exit=0 text=4dc33c0cd95f2541 role=child prefix_tokens=16321 suffix_tokens=14 model_ms=1095.1 context_ms=42.9 state_ms=7.54 prefix_ms=0.0 suffix_ms=578.1 first_token_ms=2037.9 generation_ms=19273.4 generated=64 generation_tps=3.321
AGENT index=6 exit=0 text=4dc33c0cd95f2541 role=child prefix_tokens=16321 suffix_tokens=14 model_ms=1087.4 context_ms=52.6 state_ms=7.37 prefix_ms=0.0 suffix_ms=422.7 first_token_ms=1895.4 generation_ms=12647.5 generated=64 generation_tps=5.060
AGENT index=7 exit=0 text=4dc33c0cd95f2541 role=child prefix_tokens=16321 suffix_tokens=14 model_ms=1042.7 context_ms=34.1 state_ms=7.41 prefix_ms=0.0 suffix_ms=463.7 first_token_ms=1878.5 generation_ms=19346.4 generated=64 generation_tps=3.308
END_CASE failed=0 fault_pages=37236
CASE mode=no_read agents=8
AGENT index=0 exit=0 text=4dc33c0cd95f2541 role=child prefix_tokens=16321 suffix_tokens=14 model_ms=1108.5 context_ms=49.8 state_ms=7.51 prefix_ms=0.0 suffix_ms=707.6 first_token_ms=2185.6 generation_ms=12454.9 generated=64 generation_tps=5.139
AGENT index=1 exit=0 text=4dc33c0cd95f2541 role=child prefix_tokens=16321 suffix_tokens=14 model_ms=1089.0 context_ms=42.8 state_ms=7.76 prefix_ms=0.0 suffix_ms=806.2 first_token_ms=2271.7 generation_ms=19159.1 generated=64 generation_tps=3.340
AGENT index=2 exit=0 text=4dc33c0cd95f2541 role=child prefix_tokens=16321 suffix_tokens=14 model_ms=1105.9 context_ms=50.8 state_ms=7.31 prefix_ms=0.0 suffix_ms=734.3 first_token_ms=2213.7 generation_ms=12473.0 generated=64 generation_tps=5.131
AGENT index=3 exit=0 text=1911721bc1759881 role=child prefix_tokens=16321 suffix_tokens=14 model_ms=1118.0 context_ms=52.8 state_ms=7.30 prefix_ms=0.0 suffix_ms=885.1 first_token_ms=2388.5 generation_ms=19153.1 generated=64 generation_tps=3.342
AGENT index=4 exit=0 text=4dc33c0cd95f2541 role=child prefix_tokens=16321 suffix_tokens=14 model_ms=1098.3 context_ms=51.1 state_ms=7.77 prefix_ms=0.0 suffix_ms=719.7 first_token_ms=2199.7 generation_ms=12470.7 generated=64 generation_tps=5.132
AGENT index=5 exit=0 text=4dc33c0cd95f2541 role=child prefix_tokens=16321 suffix_tokens=14 model_ms=1115.3 context_ms=74.2 state_ms=9.97 prefix_ms=0.0 suffix_ms=918.3 first_token_ms=2425.2 generation_ms=19129.6 generated=64 generation_tps=3.346
AGENT index=6 exit=0 text=4dc33c0cd95f2541 role=child prefix_tokens=16321 suffix_tokens=14 model_ms=1117.7 context_ms=71.0 state_ms=10.04 prefix_ms=0.0 suffix_ms=767.5 first_token_ms=2271.2 generation_ms=12439.1 generated=64 generation_tps=5.145
AGENT index=7 exit=0 text=4dc33c0cd95f2541 role=child prefix_tokens=16321 suffix_tokens=14 model_ms=1100.8 context_ms=52.1 state_ms=7.31 prefix_ms=0.0 suffix_ms=850.0 first_token_ms=2316.7 generation_ms=19171.1 generated=64 generation_tps=3.338
END_CASE failed=0 fault_pages=2587088
CASE mode=extent agents=8
AGENT index=0 exit=0 text=4dc33c0cd95f2541 role=child prefix_tokens=16321 suffix_tokens=14 model_ms=1073.1 context_ms=42.4 state_ms=7.53 prefix_ms=0.0 suffix_ms=260.3 first_token_ms=1692.3 generation_ms=12486.7 generated=64 generation_tps=5.125
AGENT index=1 exit=0 text=4dc33c0cd95f2541 role=child prefix_tokens=16321 suffix_tokens=14 model_ms=1008.1 context_ms=39.8 state_ms=7.46 prefix_ms=0.0 suffix_ms=396.6 first_token_ms=1767.9 generation_ms=18980.1 generated=64 generation_tps=3.372
AGENT index=2 exit=0 text=4dc33c0cd95f2541 role=child prefix_tokens=16321 suffix_tokens=14 model_ms=1089.3 context_ms=38.6 state_ms=7.44 prefix_ms=0.0 suffix_ms=330.0 first_token_ms=1786.4 generation_ms=12423.0 generated=64 generation_tps=5.152
AGENT index=3 exit=0 text=1911721bc1759881 role=child prefix_tokens=16321 suffix_tokens=14 model_ms=1045.4 context_ms=51.9 state_ms=7.60 prefix_ms=0.0 suffix_ms=462.0 first_token_ms=1886.6 generation_ms=18934.0 generated=64 generation_tps=3.380
AGENT index=4 exit=0 text=4dc33c0cd95f2541 role=child prefix_tokens=16321 suffix_tokens=14 model_ms=1039.5 context_ms=51.6 state_ms=7.46 prefix_ms=0.0 suffix_ms=255.8 first_token_ms=1679.1 generation_ms=12484.1 generated=64 generation_tps=5.127
AGENT index=5 exit=0 text=4dc33c0cd95f2541 role=child prefix_tokens=16321 suffix_tokens=14 model_ms=900.5 context_ms=33.0 state_ms=7.34 prefix_ms=0.0 suffix_ms=119.4 first_token_ms=1318.6 generation_ms=18797.6 generated=64 generation_tps=3.405
AGENT index=6 exit=0 text=4dc33c0cd95f2541 role=child prefix_tokens=16321 suffix_tokens=14 model_ms=1034.5 context_ms=52.5 state_ms=7.28 prefix_ms=0.0 suffix_ms=243.2 first_token_ms=1655.1 generation_ms=12486.2 generated=64 generation_tps=5.126
AGENT index=7 exit=0 text=4dc33c0cd95f2541 role=child prefix_tokens=16321 suffix_tokens=14 model_ms=1051.0 context_ms=51.0 state_ms=7.32 prefix_ms=0.0 suffix_ms=451.4 first_token_ms=1870.1 generation_ms=18955.0 generated=64 generation_tps=3.376
END_CASE failed=0 fault_pages=0
CASE mode=copy agents=8
AGENT index=0 exit=0 text=4dc33c0cd95f2541 role=child prefix_tokens=16321 suffix_tokens=14 model_ms=1135.5 context_ms=196.4 state_ms=249.78 prefix_ms=0.0 suffix_ms=119.0 first_token_ms=2005.5 generation_ms=12252.7 generated=64 generation_tps=5.223
AGENT index=1 exit=0 text=4dc33c0cd95f2541 role=child prefix_tokens=16321 suffix_tokens=14 model_ms=1116.5 context_ms=239.7 state_ms=348.30 prefix_ms=0.0 suffix_ms=418.5 first_token_ms=2452.8 generation_ms=18558.7 generated=64 generation_tps=3.449
AGENT index=2 exit=0 text=4dc33c0cd95f2541 role=child prefix_tokens=16321 suffix_tokens=14 model_ms=1119.6 context_ms=219.4 state_ms=369.33 prefix_ms=0.0 suffix_ms=306.3 first_token_ms=2340.1 generation_ms=12360.1 generated=64 generation_tps=5.178
AGENT index=3 exit=0 text=1911721bc1759881 role=child prefix_tokens=16321 suffix_tokens=14 model_ms=1135.2 context_ms=270.1 state_ms=320.39 prefix_ms=0.0 suffix_ms=435.1 first_token_ms=2468.2 generation_ms=18570.6 generated=64 generation_tps=3.446
AGENT index=4 exit=0 text=4dc33c0cd95f2541 role=child prefix_tokens=16321 suffix_tokens=14 model_ms=1118.8 context_ms=232.0 state_ms=361.31 prefix_ms=0.0 suffix_ms=316.3 first_token_ms=2352.2 generation_ms=12361.1 generated=64 generation_tps=5.178
AGENT index=5 exit=0 text=4dc33c0cd95f2541 role=child prefix_tokens=16321 suffix_tokens=14 model_ms=1126.4 context_ms=260.4 state_ms=331.77 prefix_ms=0.0 suffix_ms=436.7 first_token_ms=2469.8 generation_ms=18574.8 generated=64 generation_tps=3.446
AGENT index=6 exit=0 text=4dc33c0cd95f2541 role=child prefix_tokens=16321 suffix_tokens=14 model_ms=1131.0 context_ms=231.6 state_ms=360.23 prefix_ms=0.0 suffix_ms=291.8 first_token_ms=2328.6 generation_ms=12351.8 generated=64 generation_tps=5.181
AGENT index=7 exit=0 text=4dc33c0cd95f2541 role=child prefix_tokens=16321 suffix_tokens=14 model_ms=1127.4 context_ms=199.0 state_ms=388.87 prefix_ms=0.0 suffix_ms=420.3 first_token_ms=2453.1 generation_ms=18595.2 generated=64 generation_tps=3.442
END_CASE failed=0 fault_pages=0
END_KVFAULTCOUNT
