BEGIN_ENGINE_ADAPTERS run=1 mode=copy
TEXT adapter=0 bytes=812 sha256=13431fb57ca8c4ea257b922c4db19fe086ccf22d42306f3d49eeb3a80a795897
TEXT adapter=1 bytes=824 sha256=5c6c70251baa640d526353056e04e83920a281f629a3967bcdbd8fd18247df1a
TEXT adapter=2 bytes=841 sha256=f9c73c01dad839438cc248185eddf076a563d302ac66a41ba2d0fd40f9e93ca0
TEXT adapter=3 bytes=712 sha256=697fe804e90b430ee26c32a03db9177c08ddc11b1be22e7e26ad9083a558d999
TEXT adapter=4 bytes=794 sha256=99be20a2233b9e9444dd98fb557ecf9d71e8576a6035e605023a56fc055b5f99
MEMORY mem_available_drop_mib=28393 model_mapped_mib=0
END_ENGINE_ADAPTERS failed_processes=0
BEGIN_ENGINE_ADAPTERS run=1 mode=inplace
TEXT adapter=0 bytes=812 sha256=13431fb57ca8c4ea257b922c4db19fe086ccf22d42306f3d49eeb3a80a795897
TEXT adapter=1 bytes=824 sha256=5c6c70251baa640d526353056e04e83920a281f629a3967bcdbd8fd18247df1a
TEXT adapter=2 bytes=841 sha256=f9c73c01dad839438cc248185eddf076a563d302ac66a41ba2d0fd40f9e93ca0
TEXT adapter=3 bytes=712 sha256=697fe804e90b430ee26c32a03db9177c08ddc11b1be22e7e26ad9083a558d999
TEXT adapter=4 bytes=794 sha256=99be20a2233b9e9444dd98fb557ecf9d71e8576a6035e605023a56fc055b5f99
MEMORY mem_available_drop_mib=5624 model_mapped_mib=4460
END_ENGINE_ADAPTERS failed_processes=0
BEGIN_ENGINE_ADAPTERS run=2 mode=inplace
TEXT adapter=0 bytes=812 sha256=13431fb57ca8c4ea257b922c4db19fe086ccf22d42306f3d49eeb3a80a795897
TEXT adapter=1 bytes=824 sha256=5c6c70251baa640d526353056e04e83920a281f629a3967bcdbd8fd18247df1a
TEXT adapter=2 bytes=841 sha256=f9c73c01dad839438cc248185eddf076a563d302ac66a41ba2d0fd40f9e93ca0
TEXT adapter=3 bytes=712 sha256=697fe804e90b430ee26c32a03db9177c08ddc11b1be22e7e26ad9083a558d999
TEXT adapter=4 bytes=794 sha256=99be20a2233b9e9444dd98fb557ecf9d71e8576a6035e605023a56fc055b5f99
MEMORY mem_available_drop_mib=5672 model_mapped_mib=4460
END_ENGINE_ADAPTERS failed_processes=0
BEGIN_ENGINE_ADAPTERS run=2 mode=copy
TEXT adapter=0 bytes=812 sha256=13431fb57ca8c4ea257b922c4db19fe086ccf22d42306f3d49eeb3a80a795897
TEXT adapter=1 bytes=824 sha256=5c6c70251baa640d526353056e04e83920a281f629a3967bcdbd8fd18247df1a
TEXT adapter=2 bytes=841 sha256=f9c73c01dad839438cc248185eddf076a563d302ac66a41ba2d0fd40f9e93ca0
TEXT adapter=3 bytes=712 sha256=697fe804e90b430ee26c32a03db9177c08ddc11b1be22e7e26ad9083a558d999
TEXT adapter=4 bytes=794 sha256=99be20a2233b9e9444dd98fb557ecf9d71e8576a6035e605023a56fc055b5f99
MEMORY mem_available_drop_mib=28282 model_mapped_mib=0
END_ENGINE_ADAPTERS failed_processes=0
BEGIN_ENGINE_ADAPTERS run=3 mode=copy
TEXT adapter=0 bytes=812 sha256=13431fb57ca8c4ea257b922c4db19fe086ccf22d42306f3d49eeb3a80a795897
TEXT adapter=1 bytes=824 sha256=5c6c70251baa640d526353056e04e83920a281f629a3967bcdbd8fd18247df1a
TEXT adapter=2 bytes=841 sha256=f9c73c01dad839438cc248185eddf076a563d302ac66a41ba2d0fd40f9e93ca0
TEXT adapter=3 bytes=712 sha256=697fe804e90b430ee26c32a03db9177c08ddc11b1be22e7e26ad9083a558d999
TEXT adapter=4 bytes=794 sha256=99be20a2233b9e9444dd98fb557ecf9d71e8576a6035e605023a56fc055b5f99
MEMORY mem_available_drop_mib=28292 model_mapped_mib=0
END_ENGINE_ADAPTERS failed_processes=0
BEGIN_ENGINE_ADAPTERS run=3 mode=inplace
TEXT adapter=0 bytes=812 sha256=13431fb57ca8c4ea257b922c4db19fe086ccf22d42306f3d49eeb3a80a795897
TEXT adapter=1 bytes=824 sha256=5c6c70251baa640d526353056e04e83920a281f629a3967bcdbd8fd18247df1a
TEXT adapter=2 bytes=841 sha256=f9c73c01dad839438cc248185eddf076a563d302ac66a41ba2d0fd40f9e93ca0
TEXT adapter=3 bytes=712 sha256=697fe804e90b430ee26c32a03db9177c08ddc11b1be22e7e26ad9083a558d999
TEXT adapter=4 bytes=794 sha256=99be20a2233b9e9444dd98fb557ecf9d71e8576a6035e605023a56fc055b5f99
MEMORY mem_available_drop_mib=5673 model_mapped_mib=4460
END_ENGINE_ADAPTERS failed_processes=0
BEGIN_ENGINE_ADAPTERS run=4 mode=inplace
TEXT adapter=0 bytes=812 sha256=13431fb57ca8c4ea257b922c4db19fe086ccf22d42306f3d49eeb3a80a795897
TEXT adapter=1 bytes=824 sha256=5c6c70251baa640d526353056e04e83920a281f629a3967bcdbd8fd18247df1a
TEXT adapter=2 bytes=841 sha256=f9c73c01dad839438cc248185eddf076a563d302ac66a41ba2d0fd40f9e93ca0
TEXT adapter=3 bytes=712 sha256=697fe804e90b430ee26c32a03db9177c08ddc11b1be22e7e26ad9083a558d999
TEXT adapter=4 bytes=794 sha256=99be20a2233b9e9444dd98fb557ecf9d71e8576a6035e605023a56fc055b5f99
MEMORY mem_available_drop_mib=5636 model_mapped_mib=4496
END_ENGINE_ADAPTERS failed_processes=0
BEGIN_ENGINE_ADAPTERS run=4 mode=copy
TEXT adapter=0 bytes=812 sha256=13431fb57ca8c4ea257b922c4db19fe086ccf22d42306f3d49eeb3a80a795897
TEXT adapter=1 bytes=824 sha256=5c6c70251baa640d526353056e04e83920a281f629a3967bcdbd8fd18247df1a
TEXT adapter=2 bytes=841 sha256=f9c73c01dad839438cc248185eddf076a563d302ac66a41ba2d0fd40f9e93ca0
TEXT adapter=3 bytes=712 sha256=697fe804e90b430ee26c32a03db9177c08ddc11b1be22e7e26ad9083a558d999
TEXT adapter=4 bytes=794 sha256=99be20a2233b9e9444dd98fb557ecf9d71e8576a6035e605023a56fc055b5f99
MEMORY mem_available_drop_mib=28226 model_mapped_mib=0
END_ENGINE_ADAPTERS failed_processes=0
BEGIN_ENGINE_ADAPTERS run=5 mode=copy
TEXT adapter=0 bytes=812 sha256=13431fb57ca8c4ea257b922c4db19fe086ccf22d42306f3d49eeb3a80a795897
TEXT adapter=1 bytes=824 sha256=5c6c70251baa640d526353056e04e83920a281f629a3967bcdbd8fd18247df1a
TEXT adapter=2 bytes=841 sha256=f9c73c01dad839438cc248185eddf076a563d302ac66a41ba2d0fd40f9e93ca0
TEXT adapter=3 bytes=712 sha256=697fe804e90b430ee26c32a03db9177c08ddc11b1be22e7e26ad9083a558d999
TEXT adapter=4 bytes=794 sha256=99be20a2233b9e9444dd98fb557ecf9d71e8576a6035e605023a56fc055b5f99
MEMORY mem_available_drop_mib=28240 model_mapped_mib=0
END_ENGINE_ADAPTERS failed_processes=0
BEGIN_ENGINE_ADAPTERS run=5 mode=inplace
TEXT adapter=0 bytes=812 sha256=13431fb57ca8c4ea257b922c4db19fe086ccf22d42306f3d49eeb3a80a795897
TEXT adapter=1 bytes=824 sha256=5c6c70251baa640d526353056e04e83920a281f629a3967bcdbd8fd18247df1a
TEXT adapter=2 bytes=841 sha256=f9c73c01dad839438cc248185eddf076a563d302ac66a41ba2d0fd40f9e93ca0
TEXT adapter=3 bytes=712 sha256=697fe804e90b430ee26c32a03db9177c08ddc11b1be22e7e26ad9083a558d999
TEXT adapter=4 bytes=794 sha256=99be20a2233b9e9444dd98fb557ecf9d71e8576a6035e605023a56fc055b5f99
MEMORY mem_available_drop_mib=5677 model_mapped_mib=4461
END_ENGINE_ADAPTERS failed_processes=0
BEGIN_ENGINE_ADAPTERS run=6 mode=inplace
TEXT adapter=0 bytes=812 sha256=13431fb57ca8c4ea257b922c4db19fe086ccf22d42306f3d49eeb3a80a795897
TEXT adapter=1 bytes=824 sha256=5c6c70251baa640d526353056e04e83920a281f629a3967bcdbd8fd18247df1a
TEXT adapter=2 bytes=841 sha256=f9c73c01dad839438cc248185eddf076a563d302ac66a41ba2d0fd40f9e93ca0
TEXT adapter=3 bytes=712 sha256=697fe804e90b430ee26c32a03db9177c08ddc11b1be22e7e26ad9083a558d999
TEXT adapter=4 bytes=794 sha256=99be20a2233b9e9444dd98fb557ecf9d71e8576a6035e605023a56fc055b5f99
MEMORY mem_available_drop_mib=5636 model_mapped_mib=4463
END_ENGINE_ADAPTERS failed_processes=0
BEGIN_ENGINE_ADAPTERS run=6 mode=copy
TEXT adapter=0 bytes=812 sha256=13431fb57ca8c4ea257b922c4db19fe086ccf22d42306f3d49eeb3a80a795897
TEXT adapter=1 bytes=824 sha256=5c6c70251baa640d526353056e04e83920a281f629a3967bcdbd8fd18247df1a
TEXT adapter=2 bytes=841 sha256=f9c73c01dad839438cc248185eddf076a563d302ac66a41ba2d0fd40f9e93ca0
TEXT adapter=3 bytes=712 sha256=697fe804e90b430ee26c32a03db9177c08ddc11b1be22e7e26ad9083a558d999
TEXT adapter=4 bytes=794 sha256=99be20a2233b9e9444dd98fb557ecf9d71e8576a6035e605023a56fc055b5f99
MEMORY mem_available_drop_mib=28204 model_mapped_mib=0
END_ENGINE_ADAPTERS failed_processes=0
